#
# There is insufficient memory for the Java Runtime Environment to continue.
# Native memory allocation (mmap) failed to map 156237824 bytes. Error detail: G1 virtual space
# Possible reasons:
#   The system is out of physical RAM or swap space
#   This process is running with CompressedOops enabled, and the Java Heap may be blocking the growth of the native heap
# Possible solutions:
#   Reduce memory load on the system
#   Increase physical memory or swap space
#   Check if swap backing store is full
#   Decrease Java heap size (-Xmx/-Xms)
#   Decrease number of Java threads
#   Decrease Java thread stack sizes (-Xss)
#   Set larger code cache with -XX:ReservedCodeCacheSize=
#   JVM is running with Unscaled Compressed Oops mode in which the Java heap is
#     placed in the first 4GB address space. The Java Heap base address is the
#     maximum limit for the native heap growth. Please use -XX:HeapBaseMinAddress
#     to set the Java Heap base and to place the Java Heap above 4GB virtual address.
# This output file may be truncated or incomplete.
#
#  Out of Memory Error (os_windows.cpp:3614), pid=19684, tid=19256
#
# JRE version: OpenJDK Runtime Environment Temurin-17.0.13+11 (17.0.13+11) (build 17.0.13+11)
# Java VM: OpenJDK 64-Bit Server VM Temurin-17.0.13+11 (17.0.13+11, mixed mode, sharing, tiered, compressed oops, compressed class ptrs, g1 gc, windows-amd64)
# No core dump will be written. Minidumps are not enabled by default on client versions of Windows
#

---------------  S U M M A R Y ------------

Command Line: -Dfile.encoding=UTF8 -ea -Xmx1024m 

Host: 13th Gen Intel(R) Core(TM) i5-1340P, 16 cores, 7G,  Windows 11 , 64 bit Build 22621 (10.0.22621.4830)
Time: Tue Feb 25 12:40:13 2025 대한민국 표준시 elapsed time: 11.949360 seconds (0d 0h 0m 11s)

---------------  T H R E A D  ---------------

Current thread (0x0000027ca5cf9d20):  VMThread "VM Thread" [stack: 0x000000867a240000,0x000000867a430000] [id=19256]

Stack: [0x000000867a240000,0x000000867a430000]
Native frames: (J=compiled Java code, j=interpreted, Vv=VM code, C=native code)
C  0x00007ffcc5462a19
C  0x00007ffcc5619538
C  0x00007ffcc561afe3
C  0x00007ffcc561b653
C  0x00007ffcc502704f
C  0x00007ffcc545f809
C  0x00007ffcc54546fa
C  0x00007ffcc50e4a96
C  0x00007ffcc50ebf56
C  0x00007ffcc513da5e
C  0x00007ffcc513dc9d
C  0x00007ffcc50bbe5c
C  0x00007ffcc50ba1ff
C  0x00007ffcc50b996c
C  0x00007ffcc50fd14b
C  0x00007ffcc561fe8d
C  0x00007ffcc5620bc3
C  0x00007ffcc56210ef
C  0x00007ffcc56214d4
C  0x00007ffcc562159e
C  0x00007ffcc55c8ffc
C  0x00007ffcc54618f7
C  [ucrtbase.dll+0x29333]
C  [KERNEL32.DLL+0x1259d]
C  [ntdll.dll+0x5af38]

VM_Operation (0x0000008676ded4c0): G1CollectForAllocation, mode: safepoint, requested by thread 0x0000027ca3abc910


---------------  P R O C E S S  ---------------

Threads class SMR info:
_java_thread_list=0x0000027d0b853810, length=13, elements={
0x0000027ca3abc910, 0x0000027ca3abce20, 0x0000027ca3abd330, 0x0000027ca3abdd50,
0x0000027ca3ab9b80, 0x0000027ca3ab7300, 0x0000027ca3abaab0, 0x0000027ca5c3d380,
0x0000027ca5c3f8b0, 0x0000027ca3abafc0, 0x0000027ca3abb9e0, 0x0000027ca3ab68e0,
0x0000027ca3abe260
}

Java Threads: ( => current thread )
  0x0000027ca3abc910 JavaThread "main" [_thread_blocked, id=22164, stack(0x0000008676c00000,0x0000008676df0000)]
  0x0000027ca3abce20 JavaThread "Reference Handler" daemon [_thread_blocked, id=22256, stack(0x000000867a430000,0x000000867a620000)]
  0x0000027ca3abd330 JavaThread "Finalizer" daemon [_thread_blocked, id=1220, stack(0x000000867a620000,0x000000867a810000)]
  0x0000027ca3abdd50 JavaThread "Signal Dispatcher" daemon [_thread_blocked, id=10708, stack(0x000000867a810000,0x000000867aa00000)]
  0x0000027ca3ab9b80 JavaThread "Attach Listener" daemon [_thread_blocked, id=21528, stack(0x000000867aa00000,0x000000867abf0000)]
  0x0000027ca3ab7300 JavaThread "Service Thread" daemon [_thread_blocked, id=21512, stack(0x000000867abf0000,0x000000867ade0000)]
  0x0000027ca3abaab0 JavaThread "Monitor Deflation Thread" daemon [_thread_blocked, id=20716, stack(0x000000867ade0000,0x000000867afd0000)]
  0x0000027ca5c3d380 JavaThread "C2 CompilerThread0" daemon [_thread_blocked, id=20164, stack(0x000000867afd0000,0x000000867b1c0000)]
  0x0000027ca5c3f8b0 JavaThread "C1 CompilerThread0" daemon [_thread_blocked, id=18600, stack(0x000000867b1c0000,0x000000867b3b0000)]
  0x0000027ca3abafc0 JavaThread "Sweeper thread" daemon [_thread_blocked, id=19520, stack(0x000000867b3b0000,0x000000867b5a0000)]
  0x0000027ca3abb9e0 JavaThread "Notification Thread" daemon [_thread_blocked, id=20892, stack(0x000000867b5a0000,0x000000867b790000)]
  0x0000027ca3ab68e0 JavaThread "Common-Cleaner" daemon [_thread_blocked, id=11852, stack(0x000000867b980000,0x000000867bb70000)]
  0x0000027ca3abe260 JavaThread "Python Reference Queue" daemon [_thread_blocked, id=18792, stack(0x000000867bb70000,0x000000867bd60000)]

Other Threads:
=>0x0000027ca5cf9d20 VMThread "VM Thread" [stack: 0x000000867a240000,0x000000867a430000] [id=19256]
  0x0000027ca2dbd670 WatcherThread [stack: 0x000000867b790000,0x000000867b980000] [id=13208]
  0x0000027ca5c25ae0 GCTaskThread "GC Thread#0" [stack: 0x0000008679890000,0x0000008679a80000] [id=14268]
  0x0000027ca5c28160 GCTaskThread "GC Thread#1" [stack: 0x000000867bd60000,0x000000867bf50000] [id=16580]
  0x0000027ca5c25da0 GCTaskThread "GC Thread#2" [stack: 0x000000867bf50000,0x000000867c140000] [id=6024]
  0x0000027ca5c26060 GCTaskThread "GC Thread#3" [stack: 0x000000867c140000,0x000000867c330000] [id=18500]
  0x0000027ca3883a20 GCTaskThread "GC Thread#4" [stack: 0x000000867c330000,0x000000867c520000] [id=18928]
  0x0000027ca6891d40 GCTaskThread "GC Thread#5" [stack: 0x000000867c900000,0x000000867caf0000] [id=21696]
  0x0000027ca6893080 GCTaskThread "GC Thread#6" [stack: 0x000000867cce0000,0x000000867ced0000] [id=20872]
  0x0000027ca68959c0 GCTaskThread "GC Thread#7" [stack: 0x000000867ced0000,0x000000867d0c0000] [id=21988]
  0x0000027ca6892000 GCTaskThread "GC Thread#8" [stack: 0x000000867caf0000,0x000000867cce0000] [id=12856]
  0x0000027ca5ce8a20 ConcurrentGCThread "G1 Main Marker" [stack: 0x0000008679a80000,0x0000008679c70000] [id=21212]
  0x0000027ca5c265e0 ConcurrentGCThread "G1 Conc#0" [stack: 0x0000008679c70000,0x0000008679e60000] [id=13764]
  0x0000027ca6894c00 ConcurrentGCThread "G1 Conc#1" [stack: 0x000000867d2b0000,0x000000867d4a0000] [id=11924]
  0x0000027ca6893b80 ConcurrentGCThread "G1 Conc#2" [stack: 0x000000867d4a0000,0x000000867d690000] [id=21036]
  0x0000027ca5c01d10 ConcurrentGCThread "G1 Refine#0" [stack: 0x0000008679e60000,0x000000867a050000] [id=19576]
  0x0000027ca5c02eb0 ConcurrentGCThread "G1 Refine#1" [stack: 0x000000867d0c0000,0x000000867d2b0000] [id=4864]
  0x0000027ca5c04630 ConcurrentGCThread "G1 Refine#2" [stack: 0x000000867d690000,0x000000867d880000] [id=20656]
  0x0000027ca5cbb820 ConcurrentGCThread "G1 Service" [stack: 0x000000867a050000,0x000000867a240000] [id=21788]

Threads with active compile tasks:
C2 CompilerThread0    12623 3440       4       java.util.TimSort::binarySort (223 bytes)

VM state: at safepoint (normal execution)

VM Mutex/Monitor currently owned by a thread:  ([mutex/lock_event])
[0x0000027ca60d40a0] Threads_lock - owner thread: 0x0000027ca5cf9d20
[0x0000027ca60d2f30] Heap_lock - owner thread: 0x0000027ca3abc910

Heap address: 0x00000000c0000000, size: 1024 MB, Compressed Oops mode: 32-bit

CDS archive(s) mapped at: [0x0000027cc4000000-0x0000027cc4bb0000-0x0000027cc4bb0000), size 12255232, SharedBaseAddress: 0x0000027cc4000000, ArchiveRelocationMode: 1.
Compressed class space mapped at: 0x0000027cc5000000-0x0000027d05000000, reserved size: 1073741824
Narrow klass base: 0x0000027cc4000000, Narrow klass shift: 0, Narrow klass range: 0x100000000

GC Precious Log:
 CPUs: 16 total, 16 available
 Memory: 7751M
 Large Page Support: Disabled
 NUMA Support: Disabled
 Compressed Oops: Enabled (32-bit)
 Heap Region Size: 1M
 Heap Min Capacity: 8M
 Heap Initial Capacity: 122M
 Heap Max Capacity: 1G
 Pre-touch: Disabled
 Parallel Workers: 13
 Concurrent Workers: 3
 Concurrent Refinement Workers: 13
 Periodic GC: Disabled

Heap:
 garbage-first heap   total 133120K, used 58637K [0x00000000c0000000, 0x0000000100000000)
  region size 1024K, 1 young (1024K), 1 survivors (1024K)
 Metaspace       used 9719K, committed 9984K, reserved 1114112K
  class space    used 1411K, committed 1536K, reserved 1048576K

Heap Regions: E=young(eden), S=young(survivor), O=old, HS=humongous(starts), HC=humongous(continues), CS=collection set, F=free, OA=open archive, CA=closed archive, TAMS=top-at-mark-start (previous, next)
|   0|0x00000000c0000000, 0x00000000c00fffc8, 0x00000000c0100000| 99%| O|  |TAMS 0x00000000c00fffc8, 0x00000000c0000000| Untracked 
|   1|0x00000000c0100000, 0x00000000c01fe740, 0x00000000c0200000| 99%| O|  |TAMS 0x00000000c01fe740, 0x00000000c0100000| Untracked 
|   2|0x00000000c0200000, 0x00000000c02fffe0, 0x00000000c0300000| 99%| O|  |TAMS 0x00000000c02fffe0, 0x00000000c0200000| Untracked 
|   3|0x00000000c0300000, 0x00000000c03fffc0, 0x00000000c0400000| 99%| O|  |TAMS 0x00000000c03fffc0, 0x00000000c0300000| Untracked 
|   4|0x00000000c0400000, 0x00000000c04ffff0, 0x00000000c0500000| 99%| O|  |TAMS 0x00000000c04ffff0, 0x00000000c0400000| Untracked 
|   5|0x00000000c0500000, 0x00000000c05ffff8, 0x00000000c0600000| 99%| O|  |TAMS 0x00000000c05ffff8, 0x00000000c0500000| Untracked 
|   6|0x00000000c0600000, 0x00000000c06ffff0, 0x00000000c0700000| 99%| O|  |TAMS 0x00000000c06ffff0, 0x00000000c0600000| Untracked 
|   7|0x00000000c0700000, 0x00000000c07fffe8, 0x00000000c0800000| 99%| O|  |TAMS 0x00000000c07fffe8, 0x00000000c0700000| Untracked 
|   8|0x00000000c0800000, 0x00000000c08ffff8, 0x00000000c0900000| 99%| O|  |TAMS 0x00000000c08ffff8, 0x00000000c0800000| Untracked 
|   9|0x00000000c0900000, 0x00000000c09fffe8, 0x00000000c0a00000| 99%| O|  |TAMS 0x00000000c09fffe8, 0x00000000c0900000| Untracked 
|  10|0x00000000c0a00000, 0x00000000c0affff0, 0x00000000c0b00000| 99%| O|  |TAMS 0x00000000c0affff0, 0x00000000c0a00000| Untracked 
|  11|0x00000000c0b00000, 0x00000000c0c00000, 0x00000000c0c00000|100%| O|  |TAMS 0x00000000c0c00000, 0x00000000c0b00000| Untracked 
|  12|0x00000000c0c00000, 0x00000000c0cfffe8, 0x00000000c0d00000| 99%| O|  |TAMS 0x00000000c0cfffe8, 0x00000000c0c00000| Untracked 
|  13|0x00000000c0d00000, 0x00000000c0dffff8, 0x00000000c0e00000| 99%| O|  |TAMS 0x00000000c0dffff8, 0x00000000c0d00000| Untracked 
|  14|0x00000000c0e00000, 0x00000000c0f00000, 0x00000000c0f00000|100%| O|  |TAMS 0x00000000c0f00000, 0x00000000c0e00000| Untracked 
|  15|0x00000000c0f00000, 0x00000000c0fffff8, 0x00000000c1000000| 99%| O|  |TAMS 0x00000000c0fffff8, 0x00000000c0f00000| Untracked 
|  16|0x00000000c1000000, 0x00000000c1100000, 0x00000000c1100000|100%|HS|  |TAMS 0x00000000c1100000, 0x00000000c1000000| Untracked 
|  17|0x00000000c1100000, 0x00000000c1200000, 0x00000000c1200000|100%|HS|  |TAMS 0x00000000c1200000, 0x00000000c1100000| Untracked 
|  18|0x00000000c1200000, 0x00000000c1300000, 0x00000000c1300000|100%| O|  |TAMS 0x00000000c1300000, 0x00000000c1200000| Untracked 
|  19|0x00000000c1300000, 0x00000000c136d418, 0x00000000c1400000| 42%| O|  |TAMS 0x00000000c136d418, 0x00000000c1300000| Untracked 
|  20|0x00000000c1400000, 0x00000000c14fffe0, 0x00000000c1500000| 99%| O|  |TAMS 0x00000000c14fffe0, 0x00000000c1400000| Untracked 
|  21|0x00000000c1500000, 0x00000000c1600000, 0x00000000c1600000|100%| O|  |TAMS 0x00000000c1600000, 0x00000000c1500000| Untracked 
|  22|0x00000000c1600000, 0x00000000c1700000, 0x00000000c1700000|100%|HS|  |TAMS 0x00000000c1700000, 0x00000000c1600000| Untracked 
|  23|0x00000000c1700000, 0x00000000c1800000, 0x00000000c1800000|100%|HC|  |TAMS 0x00000000c1800000, 0x00000000c1700000| Untracked 
|  24|0x00000000c1800000, 0x00000000c1800000, 0x00000000c1900000|  0%| F|  |TAMS 0x00000000c1800000, 0x00000000c1800000| Untracked 
|  25|0x00000000c1900000, 0x00000000c1900000, 0x00000000c1a00000|  0%| F|  |TAMS 0x00000000c1900000, 0x00000000c1900000| Untracked 
|  26|0x00000000c1a00000, 0x00000000c1b00000, 0x00000000c1b00000|100%| O|  |TAMS 0x00000000c1b00000, 0x00000000c1a00000| Untracked 
|  27|0x00000000c1b00000, 0x00000000c1bffff0, 0x00000000c1c00000| 99%| O|  |TAMS 0x00000000c1bffff0, 0x00000000c1b00000| Untracked 
|  28|0x00000000c1c00000, 0x00000000c1cef858, 0x00000000c1d00000| 93%| O|  |TAMS 0x00000000c1cef858, 0x00000000c1c00000| Untracked 
|  29|0x00000000c1d00000, 0x00000000c1e00000, 0x00000000c1e00000|100%|HS|  |TAMS 0x00000000c1e00000, 0x00000000c1d00000| Untracked 
|  30|0x00000000c1e00000, 0x00000000c1f00000, 0x00000000c1f00000|100%|HC|  |TAMS 0x00000000c1f00000, 0x00000000c1e00000| Untracked 
|  31|0x00000000c1f00000, 0x00000000c1f00000, 0x00000000c2000000|  0%| F|  |TAMS 0x00000000c1f00000, 0x00000000c1f00000| Untracked 
|  32|0x00000000c2000000, 0x00000000c2000000, 0x00000000c2100000|  0%| F|  |TAMS 0x00000000c2000000, 0x00000000c2000000| Untracked 
|  33|0x00000000c2100000, 0x00000000c2100000, 0x00000000c2200000|  0%| F|  |TAMS 0x00000000c2100000, 0x00000000c2100000| Untracked 
|  34|0x00000000c2200000, 0x00000000c2200000, 0x00000000c2300000|  0%| F|  |TAMS 0x00000000c2200000, 0x00000000c2200000| Untracked 
|  35|0x00000000c2300000, 0x00000000c2300000, 0x00000000c2400000|  0%| F|  |TAMS 0x00000000c2300000, 0x00000000c2300000| Untracked 
|  36|0x00000000c2400000, 0x00000000c2400000, 0x00000000c2500000|  0%| F|  |TAMS 0x00000000c2400000, 0x00000000c2400000| Untracked 
|  37|0x00000000c2500000, 0x00000000c2500000, 0x00000000c2600000|  0%| F|  |TAMS 0x00000000c2500000, 0x00000000c2500000| Untracked 
|  38|0x00000000c2600000, 0x00000000c2700000, 0x00000000c2700000|100%|HS|  |TAMS 0x00000000c2700000, 0x00000000c2600000| Complete 
|  39|0x00000000c2700000, 0x00000000c2800000, 0x00000000c2800000|100%|HC|  |TAMS 0x00000000c2800000, 0x00000000c2700000| Complete 
|  40|0x00000000c2800000, 0x00000000c2900000, 0x00000000c2900000|100%|HS|  |TAMS 0x00000000c2900000, 0x00000000c2800000| Complete 
|  41|0x00000000c2900000, 0x00000000c2a00000, 0x00000000c2a00000|100%|HC|  |TAMS 0x00000000c2a00000, 0x00000000c2900000| Complete 
|  42|0x00000000c2a00000, 0x00000000c2a00000, 0x00000000c2b00000|  0%| F|  |TAMS 0x00000000c2a00000, 0x00000000c2a00000| Untracked 
|  43|0x00000000c2b00000, 0x00000000c2c00000, 0x00000000c2c00000|100%| O|  |TAMS 0x00000000c2c00000, 0x00000000c2b00000| Untracked 
|  44|0x00000000c2c00000, 0x00000000c2d00000, 0x00000000c2d00000|100%| O|  |TAMS 0x00000000c2d00000, 0x00000000c2c00000| Untracked 
|  45|0x00000000c2d00000, 0x00000000c2d00000, 0x00000000c2e00000|  0%| F|  |TAMS 0x00000000c2d00000, 0x00000000c2d00000| Untracked 
|  46|0x00000000c2e00000, 0x00000000c2f00000, 0x00000000c2f00000|100%| O|  |TAMS 0x00000000c2f00000, 0x00000000c2e00000| Untracked 
|  47|0x00000000c2f00000, 0x00000000c3000000, 0x00000000c3000000|100%| O|  |TAMS 0x00000000c3000000, 0x00000000c2f00000| Untracked 
|  48|0x00000000c3000000, 0x00000000c3100000, 0x00000000c3100000|100%|HS|  |TAMS 0x00000000c3100000, 0x00000000c3000000| Complete 
|  49|0x00000000c3100000, 0x00000000c3200000, 0x00000000c3200000|100%|HC|  |TAMS 0x00000000c3200000, 0x00000000c3100000| Complete 
|  50|0x00000000c3200000, 0x00000000c3300000, 0x00000000c3300000|100%|HS|  |TAMS 0x00000000c3300000, 0x00000000c3200000| Complete 
|  51|0x00000000c3300000, 0x00000000c3400000, 0x00000000c3400000|100%|HC|  |TAMS 0x00000000c3400000, 0x00000000c3300000| Complete 
|  52|0x00000000c3400000, 0x00000000c3500000, 0x00000000c3500000|100%| O|  |TAMS 0x00000000c3500000, 0x00000000c3400000| Untracked 
|  53|0x00000000c3500000, 0x00000000c3600000, 0x00000000c3600000|100%| O|  |TAMS 0x00000000c3600000, 0x00000000c3500000| Untracked 
|  54|0x00000000c3600000, 0x00000000c3700000, 0x00000000c3700000|100%| O|  |TAMS 0x00000000c3700000, 0x00000000c3600000| Untracked 
|  55|0x00000000c3700000, 0x00000000c3800000, 0x00000000c3800000|100%| O|  |TAMS 0x00000000c3800000, 0x00000000c3700000| Untracked 
|  56|0x00000000c3800000, 0x00000000c3900000, 0x00000000c3900000|100%|HS|  |TAMS 0x00000000c3900000, 0x00000000c3800000| Complete 
|  57|0x00000000c3900000, 0x00000000c3a00000, 0x00000000c3a00000|100%| O|  |TAMS 0x00000000c3a00000, 0x00000000c3900000| Untracked 
|  58|0x00000000c3a00000, 0x00000000c3a00000, 0x00000000c3b00000|  0%| F|  |TAMS 0x00000000c3a00000, 0x00000000c3a00000| Untracked 
|  59|0x00000000c3b00000, 0x00000000c3b00000, 0x00000000c3c00000|  0%| F|  |TAMS 0x00000000c3b00000, 0x00000000c3b00000| Untracked 
|  60|0x00000000c3c00000, 0x00000000c3d00000, 0x00000000c3d00000|100%| O|  |TAMS 0x00000000c3d00000, 0x00000000c3c00000| Untracked 
|  61|0x00000000c3d00000, 0x00000000c3e00000, 0x00000000c3e00000|100%| O|  |TAMS 0x00000000c3e00000, 0x00000000c3d00000| Untracked 
|  62|0x00000000c3e00000, 0x00000000c3f00000, 0x00000000c3f00000|100%| O|  |TAMS 0x00000000c3f00000, 0x00000000c3e00000| Untracked 
|  63|0x00000000c3f00000, 0x00000000c4000000, 0x00000000c4000000|100%| O|  |TAMS 0x00000000c4000000, 0x00000000c3f00000| Untracked 
|  64|0x00000000c4000000, 0x00000000c4100000, 0x00000000c4100000|100%| O|  |TAMS 0x00000000c4000000, 0x00000000c4000000| Untracked 
|  65|0x00000000c4100000, 0x00000000c4200000, 0x00000000c4200000|100%| O|  |TAMS 0x00000000c4100000, 0x00000000c4100000| Untracked 
|  66|0x00000000c4200000, 0x00000000c4300000, 0x00000000c4300000|100%| O|  |TAMS 0x00000000c4200000, 0x00000000c4200000| Untracked 
|  67|0x00000000c4300000, 0x00000000c4400000, 0x00000000c4400000|100%| O|  |TAMS 0x00000000c4300000, 0x00000000c4300000| Untracked 
|  68|0x00000000c4400000, 0x00000000c4482200, 0x00000000c4500000| 50%| O|  |TAMS 0x00000000c4400000, 0x00000000c4400000| Untracked 
|  69|0x00000000c4500000, 0x00000000c4500000, 0x00000000c4600000|  0%| F|  |TAMS 0x00000000c4500000, 0x00000000c4500000| Untracked 
|  70|0x00000000c4600000, 0x00000000c4600000, 0x00000000c4700000|  0%| F|  |TAMS 0x00000000c4600000, 0x00000000c4600000| Untracked 
|  71|0x00000000c4700000, 0x00000000c4700000, 0x00000000c4800000|  0%| F|  |TAMS 0x00000000c4700000, 0x00000000c4700000| Untracked 
|  72|0x00000000c4800000, 0x00000000c4900000, 0x00000000c4900000|100%| O|  |TAMS 0x00000000c4900000, 0x00000000c4800000| Untracked 
|  73|0x00000000c4900000, 0x00000000c4a00000, 0x00000000c4a00000|100%| O|  |TAMS 0x00000000c4943a00, 0x00000000c4900000| Untracked 
|  74|0x00000000c4a00000, 0x00000000c4a00000, 0x00000000c4b00000|  0%| F|  |TAMS 0x00000000c4a00000, 0x00000000c4a00000| Untracked 
|  75|0x00000000c4b00000, 0x00000000c4b00000, 0x00000000c4c00000|  0%| F|  |TAMS 0x00000000c4b00000, 0x00000000c4b00000| Untracked 
|  76|0x00000000c4c00000, 0x00000000c4c00000, 0x00000000c4d00000|  0%| F|  |TAMS 0x00000000c4c00000, 0x00000000c4c00000| Untracked 
|  77|0x00000000c4d00000, 0x00000000c4d00000, 0x00000000c4e00000|  0%| F|  |TAMS 0x00000000c4d00000, 0x00000000c4d00000| Untracked 
|  78|0x00000000c4e00000, 0x00000000c4e00000, 0x00000000c4f00000|  0%| F|  |TAMS 0x00000000c4e00000, 0x00000000c4e00000| Untracked 
|  79|0x00000000c4f00000, 0x00000000c4f00000, 0x00000000c5000000|  0%| F|  |TAMS 0x00000000c4f00000, 0x00000000c4f00000| Untracked 
|  80|0x00000000c5000000, 0x00000000c5000000, 0x00000000c5100000|  0%| F|  |TAMS 0x00000000c5000000, 0x00000000c5000000| Untracked 
|  81|0x00000000c5100000, 0x00000000c5100000, 0x00000000c5200000|  0%| F|  |TAMS 0x00000000c5100000, 0x00000000c5100000| Untracked 
|  82|0x00000000c5200000, 0x00000000c5200000, 0x00000000c5300000|  0%| F|  |TAMS 0x00000000c5200000, 0x00000000c5200000| Untracked 
|  83|0x00000000c5300000, 0x00000000c5366120, 0x00000000c5400000| 39%| S|CS|TAMS 0x00000000c5300000, 0x00000000c5300000| Complete 
|  84|0x00000000c5400000, 0x00000000c5400000, 0x00000000c5500000|  0%| F|  |TAMS 0x00000000c5400000, 0x00000000c5400000| Untracked 
|  85|0x00000000c5500000, 0x00000000c5500000, 0x00000000c5600000|  0%| F|  |TAMS 0x00000000c5500000, 0x00000000c5500000| Untracked 
|  86|0x00000000c5600000, 0x00000000c5600000, 0x00000000c5700000|  0%| F|  |TAMS 0x00000000c5600000, 0x00000000c5600000| Untracked 
|  87|0x00000000c5700000, 0x00000000c5700000, 0x00000000c5800000|  0%| F|  |TAMS 0x00000000c5700000, 0x00000000c5700000| Untracked 
|  88|0x00000000c5800000, 0x00000000c5800000, 0x00000000c5900000|  0%| F|  |TAMS 0x00000000c5800000, 0x00000000c5800000| Untracked 
|  89|0x00000000c5900000, 0x00000000c5900000, 0x00000000c5a00000|  0%| F|  |TAMS 0x00000000c5900000, 0x00000000c5900000| Untracked 
|  90|0x00000000c5a00000, 0x00000000c5a00000, 0x00000000c5b00000|  0%| F|  |TAMS 0x00000000c5a00000, 0x00000000c5a00000| Untracked 
|  91|0x00000000c5b00000, 0x00000000c5b00000, 0x00000000c5c00000|  0%| F|  |TAMS 0x00000000c5b00000, 0x00000000c5b00000| Untracked 
|  92|0x00000000c5c00000, 0x00000000c5c00000, 0x00000000c5d00000|  0%| F|  |TAMS 0x00000000c5c00000, 0x00000000c5c00000| Untracked 
|  93|0x00000000c5d00000, 0x00000000c5d00000, 0x00000000c5e00000|  0%| F|  |TAMS 0x00000000c5d00000, 0x00000000c5d00000| Untracked 
|  94|0x00000000c5e00000, 0x00000000c5e00000, 0x00000000c5f00000|  0%| F|  |TAMS 0x00000000c5e00000, 0x00000000c5e00000| Untracked 
|  95|0x00000000c5f00000, 0x00000000c5f00000, 0x00000000c6000000|  0%| F|  |TAMS 0x00000000c5f00000, 0x00000000c5f00000| Untracked 
|  96|0x00000000c6000000, 0x00000000c6000000, 0x00000000c6100000|  0%| F|  |TAMS 0x00000000c6000000, 0x00000000c6000000| Untracked 
|  97|0x00000000c6100000, 0x00000000c6100000, 0x00000000c6200000|  0%| F|  |TAMS 0x00000000c6100000, 0x00000000c6100000| Untracked 
|  98|0x00000000c6200000, 0x00000000c6200000, 0x00000000c6300000|  0%| F|  |TAMS 0x00000000c6200000, 0x00000000c6200000| Untracked 
|  99|0x00000000c6300000, 0x00000000c6300000, 0x00000000c6400000|  0%| F|  |TAMS 0x00000000c6300000, 0x00000000c6300000| Untracked 
| 100|0x00000000c6400000, 0x00000000c6400000, 0x00000000c6500000|  0%| F|  |TAMS 0x00000000c6400000, 0x00000000c6400000| Untracked 
| 101|0x00000000c6500000, 0x00000000c6500000, 0x00000000c6600000|  0%| F|  |TAMS 0x00000000c6500000, 0x00000000c6500000| Untracked 
| 102|0x00000000c6600000, 0x00000000c6600000, 0x00000000c6700000|  0%| F|  |TAMS 0x00000000c6600000, 0x00000000c6600000| Untracked 
| 103|0x00000000c6700000, 0x00000000c6700000, 0x00000000c6800000|  0%| F|  |TAMS 0x00000000c6700000, 0x00000000c6700000| Untracked 
| 104|0x00000000c6800000, 0x00000000c6800000, 0x00000000c6900000|  0%| F|  |TAMS 0x00000000c6800000, 0x00000000c6800000| Untracked 
| 105|0x00000000c6900000, 0x00000000c6900000, 0x00000000c6a00000|  0%| F|  |TAMS 0x00000000c6900000, 0x00000000c6900000| Untracked 
| 106|0x00000000c6a00000, 0x00000000c6a00000, 0x00000000c6b00000|  0%| F|  |TAMS 0x00000000c6a00000, 0x00000000c6a00000| Untracked 
| 107|0x00000000c6b00000, 0x00000000c6b00000, 0x00000000c6c00000|  0%| F|  |TAMS 0x00000000c6b00000, 0x00000000c6b00000| Untracked 
| 108|0x00000000c6c00000, 0x00000000c6c00000, 0x00000000c6d00000|  0%| F|  |TAMS 0x00000000c6c00000, 0x00000000c6c00000| Untracked 
| 109|0x00000000c6d00000, 0x00000000c6d00000, 0x00000000c6e00000|  0%| F|  |TAMS 0x00000000c6d00000, 0x00000000c6d00000| Untracked 
| 110|0x00000000c6e00000, 0x00000000c6e00000, 0x00000000c6f00000|  0%| F|  |TAMS 0x00000000c6e00000, 0x00000000c6e00000| Untracked 
| 111|0x00000000c6f00000, 0x00000000c6f00000, 0x00000000c7000000|  0%| F|  |TAMS 0x00000000c6f00000, 0x00000000c6f00000| Untracked 
| 112|0x00000000c7000000, 0x00000000c7000000, 0x00000000c7100000|  0%| F|  |TAMS 0x00000000c7000000, 0x00000000c7000000| Untracked 
| 113|0x00000000c7100000, 0x00000000c7100000, 0x00000000c7200000|  0%| F|  |TAMS 0x00000000c7100000, 0x00000000c7100000| Untracked 
| 114|0x00000000c7200000, 0x00000000c7200000, 0x00000000c7300000|  0%| F|  |TAMS 0x00000000c7200000, 0x00000000c7200000| Untracked 
| 115|0x00000000c7300000, 0x00000000c7300000, 0x00000000c7400000|  0%| F|  |TAMS 0x00000000c7300000, 0x00000000c7300000| Untracked 
| 116|0x00000000c7400000, 0x00000000c7400000, 0x00000000c7500000|  0%| F|  |TAMS 0x00000000c7400000, 0x00000000c7400000| Untracked 
| 117|0x00000000c7500000, 0x00000000c7500000, 0x00000000c7600000|  0%| F|  |TAMS 0x00000000c7500000, 0x00000000c7500000| Untracked 
| 118|0x00000000c7600000, 0x00000000c7600000, 0x00000000c7700000|  0%| F|  |TAMS 0x00000000c7600000, 0x00000000c7600000| Untracked 
| 119|0x00000000c7700000, 0x00000000c7700000, 0x00000000c7800000|  0%| F|  |TAMS 0x00000000c7700000, 0x00000000c7700000| Untracked 
| 120|0x00000000c7800000, 0x00000000c7800000, 0x00000000c7900000|  0%| F|  |TAMS 0x00000000c7800000, 0x00000000c7800000| Untracked 
| 121|0x00000000c7900000, 0x00000000c7900000, 0x00000000c7a00000|  0%| F|  |TAMS 0x00000000c7900000, 0x00000000c7900000| Untracked 
| 122|0x00000000c7a00000, 0x00000000c7a00000, 0x00000000c7b00000|  0%| F|  |TAMS 0x00000000c7a00000, 0x00000000c7a00000| Untracked 
| 123|0x00000000c7b00000, 0x00000000c7b00000, 0x00000000c7c00000|  0%| F|  |TAMS 0x00000000c7b00000, 0x00000000c7b00000| Untracked 
| 124|0x00000000c7c00000, 0x00000000c7c00000, 0x00000000c7d00000|  0%| F|  |TAMS 0x00000000c7c00000, 0x00000000c7c00000| Untracked 
| 125|0x00000000c7d00000, 0x00000000c7d00000, 0x00000000c7e00000|  0%| F|  |TAMS 0x00000000c7d00000, 0x00000000c7d00000| Untracked 
| 126|0x00000000c7e00000, 0x00000000c7e00000, 0x00000000c7f00000|  0%| F|  |TAMS 0x00000000c7e00000, 0x00000000c7e00000| Untracked 
| 127|0x00000000c7f00000, 0x00000000c7f00000, 0x00000000c8000000|  0%| F|  |TAMS 0x00000000c7f00000, 0x00000000c7f00000| Untracked 
| 128|0x00000000c8000000, 0x00000000c8000000, 0x00000000c8100000|  0%| F|  |TAMS 0x00000000c8000000, 0x00000000c8000000| Untracked 
| 129|0x00000000c8100000, 0x00000000c8100000, 0x00000000c8200000|  0%| F|  |TAMS 0x00000000c8100000, 0x00000000c8100000| Untracked 

Card table byte_map: [0x0000027cbebf0000,0x0000027cbedf0000] _byte_map_base: 0x0000027cbe5f0000

Marking Bits (Prev, Next): (CMBitMap*) 0x0000027ca5b2f8d0, (CMBitMap*) 0x0000027ca5b2f890
 Prev Bits: [0x0000027cbfff0000, 0x0000027cc0ff0000)
 Next Bits: [0x0000027cbeff0000, 0x0000027cbfff0000)

Polling page: 0x0000027ca4b90000

Metaspace:

Usage:
  Non-class:      8.11 MB used.
      Class:      1.38 MB used.
       Both:      9.49 MB used.

Virtual space:
  Non-class space:       64.00 MB reserved,       8.25 MB ( 13%) committed,  1 nodes.
      Class space:        1.00 GB reserved,       1.50 MB ( <1%) committed,  1 nodes.
             Both:        1.06 GB reserved,       9.75 MB ( <1%) committed. 

Chunk freelists:
   Non-Class:  6.53 MB
       Class:  14.54 MB
        Both:  21.07 MB

MaxMetaspaceSize: unlimited
CompressedClassSpaceSize: 1.00 GB
Initial GC threshold: 21.00 MB
Current GC threshold: 21.00 MB
CDS: on
MetaspaceReclaimPolicy: balanced
 - commit_granule_bytes: 65536.
 - commit_granule_words: 8192.
 - virtual_space_node_default_size: 8388608.
 - enlarge_chunks_in_place: 1.
 - new_chunks_are_fully_committed: 0.
 - uncommit_free_chunks: 1.
 - use_allocation_guard: 0.
 - handle_deallocations: 1.


Internal statistics:

num_allocs_failed_limit: 0.
num_arena_births: 102.
num_arena_deaths: 0.
num_vsnodes_births: 2.
num_vsnodes_deaths: 0.
num_space_committed: 156.
num_space_uncommitted: 0.
num_chunks_returned_to_freelist: 0.
num_chunks_taken_from_freelist: 369.
num_chunk_merges: 0.
num_chunk_splits: 277.
num_chunks_enlarged: 234.
num_inconsistent_stats: 0.

CodeHeap 'non-profiled nmethods': size=119168Kb used=1884Kb max_used=1884Kb free=117284Kb
 bounds [0x0000027cb65e0000, 0x0000027cb6850000, 0x0000027cbda40000]
CodeHeap 'profiled nmethods': size=119104Kb used=5599Kb max_used=5599Kb free=113504Kb
 bounds [0x0000027caea40000, 0x0000027caefc0000, 0x0000027cb5e90000]
CodeHeap 'non-nmethods': size=7488Kb used=1152Kb max_used=2316Kb free=6335Kb
 bounds [0x0000027cb5e90000, 0x0000027cb6100000, 0x0000027cb65e0000]
 total_blobs=3780 nmethods=3344 adapters=348
 compilation: enabled
              stopped_count=0, restarted_count=0
 full_count=0

Compilation events (20 events):
Event: 11.393 Thread 0x0000027ca5c3d380 nmethod 3412 0x0000027cb67a9890 code [0x0000027cb67a9a20, 0x0000027cb67a9cb8]
Event: 11.393 Thread 0x0000027ca5c3d380 3241       4       org.openkoreantext.processor.tokenizer.KoreanTokenizer$$$Lambda$107/0x0000027cc5157648::apply (8 bytes)
Event: 11.489 Thread 0x0000027ca5c3f8b0 3420       2       java.lang.Class::getComponentType (14 bytes)
Event: 11.490 Thread 0x0000027ca5c3f8b0 nmethod 3420 0x0000027caefb4990 code [0x0000027caefb4b40, 0x0000027caefb4ca8]
Event: 11.811 Thread 0x0000027ca5c3d380 nmethod 3241 0x0000027cb67a9e90 code [0x0000027cb67aa420, 0x0000027cb67aecc8]
Event: 11.811 Thread 0x0000027ca5c3d380 3439       4       scala.collection.immutable.HashMap$HashTrieMap::contains0 (81 bytes)
Event: 11.812 Thread 0x0000027ca5c3f8b0 3441       2       java.lang.String::startsWith (7 bytes)
Event: 11.812 Thread 0x0000027ca5c3f8b0 nmethod 3441 0x0000027caefb4d90 code [0x0000027caefb4f20, 0x0000027caefb5048]
Event: 11.822 Thread 0x0000027ca5c3d380 nmethod 3439 0x0000027cb67b2b10 code [0x0000027cb67b2d20, 0x0000027cb67b3568]
Event: 11.822 Thread 0x0000027ca5c3d380 3437       4       scala.collection.Iterator::exists (36 bytes)
Event: 11.854 Thread 0x0000027ca5c3d380 nmethod 3437 0x0000027cb67b3a90 code [0x0000027cb67b3ce0, 0x0000027cb67b48d0]
Event: 11.854 Thread 0x0000027ca5c3d380 3444       4       scala.collection.immutable.HashMap::contains (12 bytes)
Event: 11.866 Thread 0x0000027ca5c3d380 nmethod 3444 0x0000027cb67b5610 code [0x0000027cb67b5840, 0x0000027cb67b6168]
Event: 11.866 Thread 0x0000027ca5c3d380 3421       4       scala.collection.LinearSeqOptimized::exists (46 bytes)
Event: 11.879 Thread 0x0000027ca5c3f8b0 3446       3       scala.collection.immutable.Vector::checkRangeConvert (37 bytes)
Event: 11.880 Thread 0x0000027ca5c3f8b0 nmethod 3446 0x0000027caefb5110 code [0x0000027caefb52e0, 0x0000027caefb5688]
Event: 11.880 Thread 0x0000027ca5c3f8b0 3447       3       scala.collection.immutable.VectorPointer::getElem (277 bytes)
Event: 11.882 Thread 0x0000027ca5c3f8b0 nmethod 3447 0x0000027caefb5810 code [0x0000027caefb5b60, 0x0000027caefb76a8]
Event: 11.882 Thread 0x0000027ca5c3d380 nmethod 3421 0x0000027cb67b6810 code [0x0000027cb67b69c0, 0x0000027cb67b6cb8]
Event: 11.882 Thread 0x0000027ca5c3d380 3440       4       java.util.TimSort::binarySort (223 bytes)

GC Heap History (20 events):
Event: 8.352 GC heap after
{Heap after GC invocations=20 (full 6):
 garbage-first heap   total 106496K, used 30505K [0x00000000c0000000, 0x0000000100000000)
  region size 1024K, 0 young (0K), 0 survivors (0K)
 Metaspace       used 7990K, committed 8256K, reserved 1114112K
  class space    used 1156K, committed 1280K, reserved 1048576K
}
Event: 8.621 GC heap before
{Heap before GC invocations=20 (full 6):
 garbage-first heap   total 106496K, used 74537K [0x00000000c0000000, 0x0000000100000000)
  region size 1024K, 41 young (41984K), 0 survivors (0K)
 Metaspace       used 8147K, committed 8320K, reserved 1114112K
  class space    used 1201K, committed 1280K, reserved 1048576K
}
Event: 8.640 GC heap after
{Heap after GC invocations=21 (full 6):
 garbage-first heap   total 106496K, used 39332K [0x00000000c0000000, 0x0000000100000000)
  region size 1024K, 6 young (6144K), 6 survivors (6144K)
 Metaspace       used 8147K, committed 8320K, reserved 1114112K
  class space    used 1201K, committed 1280K, reserved 1048576K
}
Event: 8.757 GC heap before
{Heap before GC invocations=21 (full 6):
 garbage-first heap   total 106496K, used 77220K [0x00000000c0000000, 0x0000000100000000)
  region size 1024K, 43 young (44032K), 6 survivors (6144K)
 Metaspace       used 8148K, committed 8320K, reserved 1114112K
  class space    used 1201K, committed 1280K, reserved 1048576K
}
Event: 8.775 GC heap after
{Heap after GC invocations=22 (full 6):
 garbage-first heap   total 106496K, used 43315K [0x00000000c0000000, 0x0000000100000000)
  region size 1024K, 4 young (4096K), 4 survivors (4096K)
 Metaspace       used 8148K, committed 8320K, reserved 1114112K
  class space    used 1201K, committed 1280K, reserved 1048576K
}
Event: 8.902 GC heap before
{Heap before GC invocations=22 (full 6):
 garbage-first heap   total 106496K, used 80179K [0x00000000c0000000, 0x0000000100000000)
  region size 1024K, 40 young (40960K), 4 survivors (4096K)
 Metaspace       used 8149K, committed 8320K, reserved 1114112K
  class space    used 1201K, committed 1280K, reserved 1048576K
}
Event: 8.932 GC heap after
{Heap after GC invocations=23 (full 6):
 garbage-first heap   total 234496K, used 46583K [0x00000000c0000000, 0x0000000100000000)
  region size 1024K, 4 young (4096K), 4 survivors (4096K)
 Metaspace       used 8149K, committed 8320K, reserved 1114112K
  class space    used 1201K, committed 1280K, reserved 1048576K
}
Event: 9.050 GC heap before
{Heap before GC invocations=23 (full 6):
 garbage-first heap   total 234496K, used 66039K [0x00000000c0000000, 0x0000000100000000)
  region size 1024K, 24 young (24576K), 4 survivors (4096K)
 Metaspace       used 8149K, committed 8320K, reserved 1114112K
  class space    used 1201K, committed 1280K, reserved 1048576K
}
Event: 9.147 GC heap after
{Heap after GC invocations=24 (full 7):
 garbage-first heap   total 133120K, used 37712K [0x00000000c0000000, 0x0000000100000000)
  region size 1024K, 0 young (0K), 0 survivors (0K)
 Metaspace       used 8149K, committed 8320K, reserved 1114112K
  class space    used 1201K, committed 1280K, reserved 1048576K
}
Event: 9.821 GC heap before
{Heap before GC invocations=24 (full 7):
 garbage-first heap   total 133120K, used 108368K [0x00000000c0000000, 0x0000000100000000)
  region size 1024K, 58 young (59392K), 0 survivors (0K)
 Metaspace       used 8811K, committed 9024K, reserved 1114112K
  class space    used 1325K, committed 1408K, reserved 1048576K
}
Event: 9.877 GC heap after
{Heap after GC invocations=25 (full 7):
 garbage-first heap   total 133120K, used 63278K [0x00000000c0000000, 0x0000000100000000)
  region size 1024K, 8 young (8192K), 8 survivors (8192K)
 Metaspace       used 8811K, committed 9024K, reserved 1114112K
  class space    used 1325K, committed 1408K, reserved 1048576K
}
Event: 10.519 GC heap before
{Heap before GC invocations=25 (full 7):
 garbage-first heap   total 133120K, used 100142K [0x00000000c0000000, 0x0000000100000000)
  region size 1024K, 43 young (44032K), 8 survivors (8192K)
 Metaspace       used 9651K, committed 9920K, reserved 1114112K
  class space    used 1411K, committed 1536K, reserved 1048576K
}
Event: 10.566 GC heap after
{Heap after GC invocations=26 (full 7):
 garbage-first heap   total 133120K, used 69726K [0x00000000c0000000, 0x0000000100000000)
  region size 1024K, 5 young (5120K), 5 survivors (5120K)
 Metaspace       used 9651K, committed 9920K, reserved 1114112K
  class space    used 1411K, committed 1536K, reserved 1048576K
}
Event: 11.000 GC heap before
{Heap before GC invocations=26 (full 7):
 garbage-first heap   total 133120K, used 101470K [0x00000000c0000000, 0x0000000100000000)
  region size 1024K, 36 young (36864K), 5 survivors (5120K)
 Metaspace       used 9719K, committed 9984K, reserved 1114112K
  class space    used 1411K, committed 1536K, reserved 1048576K
}
Event: 11.014 GC heap after
{Heap after GC invocations=27 (full 7):
 garbage-first heap   total 133120K, used 70903K [0x00000000c0000000, 0x0000000100000000)
  region size 1024K, 1 young (1024K), 1 survivors (1024K)
 Metaspace       used 9719K, committed 9984K, reserved 1114112K
  class space    used 1411K, committed 1536K, reserved 1048576K
}
Event: 11.389 GC heap before
{Heap before GC invocations=28 (full 7):
 garbage-first heap   total 133120K, used 92947K [0x00000000c0000000, 0x0000000100000000)
  region size 1024K, 33 young (33792K), 1 survivors (1024K)
 Metaspace       used 9719K, committed 9984K, reserved 1114112K
  class space    used 1411K, committed 1536K, reserved 1048576K
}
Event: 11.391 GC heap after
{Heap after GC invocations=29 (full 7):
 garbage-first heap   total 133120K, used 59435K [0x00000000c0000000, 0x0000000100000000)
  region size 1024K, 1 young (1024K), 1 survivors (1024K)
 Metaspace       used 9719K, committed 9984K, reserved 1114112K
  class space    used 1411K, committed 1536K, reserved 1048576K
}
Event: 11.466 GC heap before
{Heap before GC invocations=29 (full 7):
 garbage-first heap   total 133120K, used 64555K [0x00000000c0000000, 0x0000000100000000)
  region size 1024K, 6 young (6144K), 1 survivors (1024K)
 Metaspace       used 9719K, committed 9984K, reserved 1114112K
  class space    used 1411K, committed 1536K, reserved 1048576K
}
Event: 11.469 GC heap after
{Heap after GC invocations=30 (full 7):
 garbage-first heap   total 133120K, used 58534K [0x00000000c0000000, 0x0000000100000000)
  region size 1024K, 1 young (1024K), 1 survivors (1024K)
 Metaspace       used 9719K, committed 9984K, reserved 1114112K
  class space    used 1411K, committed 1536K, reserved 1048576K
}
Event: 11.941 GC heap before
{Heap before GC invocations=30 (full 7):
 garbage-first heap   total 133120K, used 104614K [0x00000000c0000000, 0x0000000100000000)
  region size 1024K, 46 young (47104K), 1 survivors (1024K)
 Metaspace       used 9719K, committed 9984K, reserved 1114112K
  class space    used 1411K, committed 1536K, reserved 1048576K
}

Dll operation events (8 events):
Event: 0.015 Loaded shared library C:\Users\hydrl\.jdks\temurin-17.0.13\bin\java.dll
Event: 0.038 Loaded shared library C:\Users\hydrl\.jdks\temurin-17.0.13\bin\jsvml.dll
Event: 0.138 Loaded shared library C:\Users\hydrl\.jdks\temurin-17.0.13\bin\net.dll
Event: 0.146 Loaded shared library C:\Users\hydrl\.jdks\temurin-17.0.13\bin\nio.dll
Event: 0.154 Loaded shared library C:\Users\hydrl\.jdks\temurin-17.0.13\bin\zip.dll
Event: 0.275 Loaded shared library D:\kdt\anaconda3\envs\fastapi\Lib\site-packages\_jpype.cp312-win_amd64.pyd
Event: 0.357 Loaded shared library C:\Users\hydrl\.jdks\temurin-17.0.13\bin\jimage.dll
Event: 6.264 Loaded shared library C:\Users\hydrl\.jdks\temurin-17.0.13\bin\verify.dll

Deoptimization events (20 events):
Event: 10.203 Thread 0x0000027ca3abc910 Uncommon trap: trap_request=0xffffffa5 fr.pc=0x0000027cb66c82bc relative=0x000000000000093c
Event: 10.203 Thread 0x0000027ca3abc910 Uncommon trap: reason=initialized action=reinterpret pc=0x0000027cb66c82bc method=org.openkoreantext.processor.util.KoreanDictionaryProvider$.$anonfun$readWords$2(Lorg/openkoreantext/processor/util/CharArraySet;Ljava/lang/String;)Z @ 0 c2
Event: 10.203 Thread 0x0000027ca3abc910 DEOPT PACKING pc=0x0000027cb66c82bc sp=0x0000008676ded140
Event: 10.203 Thread 0x0000027ca3abc910 DEOPT UNPACKING pc=0x0000027cb5ee69a3 sp=0x0000008676ded138 mode 2
Event: 10.220 Thread 0x0000027ca3abc910 Uncommon trap: trap_request=0xffffff45 fr.pc=0x0000027cb672cd5c relative=0x00000000000001fc
Event: 10.220 Thread 0x0000027ca3abc910 Uncommon trap: reason=unstable_if action=reinterpret pc=0x0000027cb672cd5c method=scala.collection.immutable.HashMap$HashMap1.contains0(Ljava/lang/Object;II)Z @ 5 c2
Event: 10.220 Thread 0x0000027ca3abc910 DEOPT PACKING pc=0x0000027cb672cd5c sp=0x0000008676ded5a0
Event: 10.220 Thread 0x0000027ca3abc910 DEOPT UNPACKING pc=0x0000027cb5ee69a3 sp=0x0000008676ded3b0 mode 2
Event: 10.231 Thread 0x0000027ca3abc910 Uncommon trap: trap_request=0xffffff45 fr.pc=0x0000027cb6722a10 relative=0x0000000000000150
Event: 10.231 Thread 0x0000027ca3abc910 Uncommon trap: reason=unstable_if action=reinterpret pc=0x0000027cb6722a10 method=scala.collection.immutable.HashMap$HashMap1.contains0(Ljava/lang/Object;II)Z @ 5 c2
Event: 10.231 Thread 0x0000027ca3abc910 DEOPT PACKING pc=0x0000027cb6722a10 sp=0x0000008676ded580
Event: 10.231 Thread 0x0000027ca3abc910 DEOPT UNPACKING pc=0x0000027cb5ee69a3 sp=0x0000008676ded408 mode 2
Event: 10.236 Thread 0x0000027ca3abc910 Uncommon trap: trap_request=0xffffffc6 fr.pc=0x0000027cb6727d20 relative=0x0000000000000660
Event: 10.236 Thread 0x0000027ca3abc910 Uncommon trap: reason=bimorphic_or_optimized_type_check action=maybe_recompile pc=0x0000027cb6727d20 method=scala.collection.IterableLike.foreach(Lscala/Function1;)V @ 1 c2
Event: 10.237 Thread 0x0000027ca3abc910 DEOPT PACKING pc=0x0000027cb6727d20 sp=0x0000008676dee030
Event: 10.237 Thread 0x0000027ca3abc910 DEOPT UNPACKING pc=0x0000027cb5ee69a3 sp=0x0000008676dedf40 mode 2
Event: 10.246 Thread 0x0000027ca3abc910 Uncommon trap: trap_request=0xffffffc6 fr.pc=0x0000027cb6727d20 relative=0x0000000000000660
Event: 10.247 Thread 0x0000027ca3abc910 Uncommon trap: reason=bimorphic_or_optimized_type_check action=maybe_recompile pc=0x0000027cb6727d20 method=scala.collection.IterableLike.foreach(Lscala/Function1;)V @ 1 c2
Event: 10.247 Thread 0x0000027ca3abc910 DEOPT PACKING pc=0x0000027cb6727d20 sp=0x0000008676dee030
Event: 10.247 Thread 0x0000027ca3abc910 DEOPT UNPACKING pc=0x0000027cb5ee69a3 sp=0x0000008676dedf40 mode 2

Classes loaded (20 events):
Event: 10.055 Loading class java/util/Vector$1
Event: 10.055 Loading class java/util/Vector$1 done
Event: 10.177 Loading class java/lang/invoke/DirectMethodHandle$EnsureInitialized
Event: 10.182 Loading class java/lang/invoke/DirectMethodHandle$EnsureInitialized done
Event: 10.182 Loading class java/lang/invoke/DirectMethodHandle$1
Event: 10.182 Loading class java/lang/invoke/DirectMethodHandle$1 done
Event: 10.199 Loading class java/util/concurrent/locks/ReentrantReadWriteLock
Event: 10.199 Loading class java/util/concurrent/locks/ReadWriteLock
Event: 10.200 Loading class java/util/concurrent/locks/ReadWriteLock done
Event: 10.200 Loading class java/util/concurrent/locks/ReentrantReadWriteLock done
Event: 10.200 Loading class java/util/concurrent/locks/ReentrantReadWriteLock$NonfairSync
Event: 10.200 Loading class java/util/concurrent/locks/ReentrantReadWriteLock$Sync
Event: 10.200 Loading class java/util/concurrent/locks/ReentrantReadWriteLock$Sync done
Event: 10.201 Loading class java/util/concurrent/locks/ReentrantReadWriteLock$NonfairSync done
Event: 10.201 Loading class java/util/concurrent/locks/ReentrantReadWriteLock$Sync$ThreadLocalHoldCounter
Event: 10.201 Loading class java/util/concurrent/locks/ReentrantReadWriteLock$Sync$ThreadLocalHoldCounter done
Event: 10.201 Loading class java/util/concurrent/locks/ReentrantReadWriteLock$ReadLock
Event: 10.201 Loading class java/util/concurrent/locks/ReentrantReadWriteLock$ReadLock done
Event: 10.201 Loading class java/util/concurrent/locks/ReentrantReadWriteLock$WriteLock
Event: 10.201 Loading class java/util/concurrent/locks/ReentrantReadWriteLock$WriteLock done

Classes unloaded (0 events):
No events

Classes redefined (0 events):
No events

Internal exceptions (20 events):
Event: 5.950 Thread 0x0000027ca3abc910 Exception <a 'java/lang/NoSuchMethodError'{0x00000000c120e7f0}: 'java.lang.Object java.lang.invoke.Invokers$Holder.invokeExact_MT(java.lang.Object, java.lang.Object, java.lang.Object, java.lang.Object, java.lang.Object, java.lang.Object)'> (0x00000000c120e7f0) 
thrown [s\src\hotspot\share\interpreter\linkResolver.cpp, line 759]
Event: 6.208 Thread 0x0000027ca3abc910 Exception <a 'java/lang/NoSuchMethodError'{0x00000000c164ac80}: 'java.lang.Object java.lang.invoke.DirectMethodHandle$Holder.invokeStaticInit(java.lang.Object, java.lang.Object, java.lang.Object)'> (0x00000000c164ac80) 
thrown [s\src\hotspot\share\interpreter\linkResolver.cpp, line 759]
Event: 6.292 Thread 0x0000027ca3abc910 Exception <a 'java/lang/NoSuchMethodError'{0x00000000c150a0a0}: 'int java.lang.invoke.DirectMethodHandle$Holder.invokeStatic(java.lang.Object, java.lang.Object, int)'> (0x00000000c150a0a0) 
thrown [s\src\hotspot\share\interpreter\linkResolver.cpp, line 759]
Event: 6.406 Thread 0x0000027ca3abc910 Exception <a 'java/lang/NoSuchMethodError'{0x00000000c17b4360}: 'java.lang.Object java.lang.invoke.DirectMethodHandle$Holder.newInvokeSpecial(java.lang.Object, java.lang.Object, java.lang.Object, java.lang.Object, java.lang.Object)'> (0x00000000c17b4360) 
thrown [s\src\hotspot\share\interpreter\linkResolver.cpp, line 759]
Event: 7.207 Thread 0x0000027ca3abc910 Exception <a 'java/lang/NoSuchMethodError'{0x00000000c1f95ed0}: 'java.lang.Object java.lang.invoke.DirectMethodHandle$Holder.invokeStatic(java.lang.Object, java.lang.Object, int, java.lang.Object, java.lang.Object)'> (0x00000000c1f95ed0) 
thrown [s\src\hotspot\share\interpreter\linkResolver.cpp, line 759]
Event: 7.212 Thread 0x0000027ca3abc910 Exception <a 'java/lang/NoSuchMethodError'{0x00000000c1f9ff88}: 'java.lang.Object java.lang.invoke.DirectMethodHandle$Holder.newInvokeSpecial(java.lang.Object, java.lang.Object, int, java.lang.Object)'> (0x00000000c1f9ff88) 
thrown [s\src\hotspot\share\interpreter\linkResolver.cpp, line 759]
Event: 7.214 Thread 0x0000027ca3abc910 Exception <a 'java/lang/NoSuchMethodError'{0x00000000c1fa3e00}: 'java.lang.Object java.lang.invoke.DirectMethodHandle$Holder.invokeSpecial(java.lang.Object, java.lang.Object, java.lang.Object, int, java.lang.Object)'> (0x00000000c1fa3e00) 
thrown [s\src\hotspot\share\interpreter\linkResolver.cpp, line 759]
Event: 7.242 Thread 0x0000027ca3abc910 Exception <a 'java/lang/NoSuchMethodError'{0x00000000c1e5dc88}: 'java.lang.Object java.lang.invoke.DirectMethodHandle$Holder.invokeStaticInit(java.lang.Object, java.lang.Object, java.lang.Object, java.lang.Object)'> (0x00000000c1e5dc88) 
thrown [s\src\hotspot\share\interpreter\linkResolver.cpp, line 759]
Event: 7.272 Thread 0x0000027ca3abc910 Exception <a 'java/lang/NoSuchMethodError'{0x00000000c1ee1188}: 'void java.lang.invoke.DirectMethodHandle$Holder.invokeStatic(java.lang.Object, java.lang.Object)'> (0x00000000c1ee1188) 
thrown [s\src\hotspot\share\interpreter\linkResolver.cpp, line 759]
Event: 7.840 Thread 0x0000027ca3abc910 Exception <a 'java/lang/NoSuchMethodError'{0x00000000c5263b98}: 'java.lang.Object java.lang.invoke.DirectMethodHandle$Holder.invokeStatic(java.lang.Object, java.lang.Object, int, java.lang.Object)'> (0x00000000c5263b98) 
thrown [s\src\hotspot\share\interpreter\linkResolver.cpp, line 759]
Event: 7.843 Thread 0x0000027ca3abc910 Exception <a 'java/lang/NoSuchMethodError'{0x00000000c526c808}: 'java.lang.Object java.lang.invoke.DirectMethodHandle$Holder.newInvokeSpecial(java.lang.Object, java.lang.Object, int)'> (0x00000000c526c808) 
thrown [s\src\hotspot\share\interpreter\linkResolver.cpp, line 759]
Event: 7.854 Thread 0x0000027ca3abc910 Exception <a 'java/lang/NoSuchMethodError'{0x00000000c529c8e0}: 'java.lang.Object java.lang.invoke.DirectMethodHandle$Holder.invokeStatic(java.lang.Object, int, java.lang.Object)'> (0x00000000c529c8e0) 
thrown [s\src\hotspot\share\interpreter\linkResolver.cpp, line 759]
Event: 9.638 Thread 0x0000027ca3abc910 Exception <a 'java/lang/NoSuchMethodError'{0x00000000c52f2570}: 'java.lang.Object java.lang.invoke.DirectMethodHandle$Holder.newInvokeSpecial(java.lang.Object, java.lang.Object, java.lang.Object, java.lang.Object, java.lang.Object, int)'> (0x00000000c52f2570) 
thrown [s\src\hotspot\share\interpreter\linkResolver.cpp, line 759]
Event: 9.638 Thread 0x0000027ca3abc910 Exception <a 'java/lang/NoSuchMethodError'{0x00000000c52f6bd8}: 'java.lang.Object java.lang.invoke.DirectMethodHandle$Holder.invokeSpecial(java.lang.Object, java.lang.Object, java.lang.Object, java.lang.Object, java.lang.Object, java.lang.Object, int)'> (0x00000000c52f6bd8) 
thrown [s\src\hotspot\share\interpreter\linkResolver.cpp, line 759]
Event: 9.697 Thread 0x0000027ca3abc910 Exception <a 'java/lang/NoSuchMethodError'{0x00000000c51ad218}: 'java.lang.Object java.lang.invoke.DirectMethodHandle$Holder.newInvokeSpecial(java.lang.Object, java.lang.Object, java.lang.Object, java.lang.Object, int, java.lang.Object)'> (0x00000000c51ad218) 
thrown [s\src\hotspot\share\interpreter\linkResolver.cpp, line 759]
Event: 9.698 Thread 0x0000027ca3abc910 Exception <a 'java/lang/NoSuchMethodError'{0x00000000c51b14f0}: 'java.lang.Object java.lang.invoke.DirectMethodHandle$Holder.invokeSpecial(java.lang.Object, java.lang.Object, java.lang.Object, java.lang.Object, java.lang.Object, int, java.lang.Object)'> (0x00000000c51b14f0) 
thrown [s\src\hotspot\share\interpreter\linkResolver.cpp, line 759]
Event: 10.168 Thread 0x0000027ca3abc910 Exception <a 'java/lang/NoSuchMethodError'{0x00000000c66a3c88}: 'java.lang.Object java.lang.invoke.DirectMethodHandle$Holder.invokeStaticInit(java.lang.Object, java.lang.Object, java.lang.Object, java.lang.Object, java.lang.Object)'> (0x00000000c66a3c88) 
thrown [s\src\hotspot\share\interpreter\linkResolver.cpp, line 759]
Event: 10.175 Thread 0x0000027ca3abc910 Exception <a 'java/lang/NoSuchMethodError'{0x00000000c66aac30}: 'java.lang.Object java.lang.invoke.Invokers$Holder.invoke_MT(java.lang.Object, java.lang.Object, java.lang.Object, java.lang.Object, java.lang.Object, java.lang.Object)'> (0x00000000c66aac30) 
thrown [s\src\hotspot\share\interpreter\linkResolver.cpp, line 759]
Event: 10.183 Thread 0x0000027ca3abc910 Exception <a 'java/lang/NoSuchMethodError'{0x00000000c66b39e0}: 'java.lang.Object java.lang.invoke.Invokers$Holder.invoker(java.lang.Object, java.lang.Object, java.lang.Object)'> (0x00000000c66b39e0) 
thrown [s\src\hotspot\share\interpreter\linkResolver.cpp, line 759]
Event: 10.190 Thread 0x0000027ca3abc910 Exception <a 'java/lang/NoSuchMethodError'{0x00000000c66bc870}: 'java.lang.Object java.lang.invoke.Invokers$Holder.invokeExact_MT(java.lang.Object, java.lang.Object, java.lang.Object, java.lang.Object)'> (0x00000000c66bc870) 
thrown [s\src\hotspot\share\interpreter\linkResolver.cpp, line 759]

VM Operations (20 events):
Event: 10.069 Executing VM operation: HandshakeAllThreads done
Event: 10.069 Executing VM operation: HandshakeAllThreads
Event: 10.069 Executing VM operation: HandshakeAllThreads done
Event: 10.213 Executing VM operation: HandshakeAllThreads
Event: 10.213 Executing VM operation: HandshakeAllThreads done
Event: 10.401 Executing VM operation: ICBufferFull
Event: 10.401 Executing VM operation: ICBufferFull done
Event: 10.519 Executing VM operation: G1CollectForAllocation
Event: 10.566 Executing VM operation: G1CollectForAllocation done
Event: 11.000 Executing VM operation: G1CollectForAllocation
Event: 11.014 Executing VM operation: G1CollectForAllocation done
Event: 11.071 Executing VM operation: G1PauseRemark
Event: 11.077 Executing VM operation: G1PauseRemark done
Event: 11.113 Executing VM operation: G1PauseCleanup
Event: 11.113 Executing VM operation: G1PauseCleanup done
Event: 11.389 Executing VM operation: G1CollectForAllocation
Event: 11.391 Executing VM operation: G1CollectForAllocation done
Event: 11.466 Executing VM operation: G1CollectForAllocation
Event: 11.469 Executing VM operation: G1CollectForAllocation done
Event: 11.941 Executing VM operation: G1CollectForAllocation

Memory protections (0 events):
No events

Nmethod flushes (0 events):
No events

Events (20 events):
Event: 0.040 Thread 0x0000027ca3abc910 Thread added: 0x0000027ca3abce20
Event: 0.040 Thread 0x0000027ca3abc910 Thread added: 0x0000027ca3abd330
Event: 0.055 Thread 0x0000027ca3abc910 Thread added: 0x0000027ca3abdd50
Event: 0.055 Thread 0x0000027ca3abc910 Thread added: 0x0000027ca3ab9b80
Event: 0.055 Thread 0x0000027ca3abc910 Thread added: 0x0000027ca3ab7300
Event: 0.055 Thread 0x0000027ca3abc910 Thread added: 0x0000027ca3abaab0
Event: 0.055 Thread 0x0000027ca3abc910 Thread added: 0x0000027ca5c3d380
Event: 0.055 Thread 0x0000027ca3abc910 Thread added: 0x0000027ca5c3f8b0
Event: 0.055 Thread 0x0000027ca3abc910 Thread added: 0x0000027ca3abafc0
Event: 0.110 Thread 0x0000027ca3abc910 Thread added: 0x0000027ca3abb9e0
Event: 0.120 Thread 0x0000027ca3abc910 Thread added: 0x0000027ca3ab68e0
Event: 0.354 Thread 0x0000027ca3abc910 Thread added: 0x0000027ca3abe260
Event: 0.701 Thread 0x0000027ca5c3f8b0 Thread added: 0x0000027ca5c3e370
Event: 6.305 Thread 0x0000027ca5c3e370 Thread added: 0x0000027d099b9360
Event: 6.469 Thread 0x0000027d099b9360 Thread added: 0x0000027d099b5e40
Event: 7.085 Thread 0x0000027d099b5e40 Thread exited: 0x0000027d099b5e40
Event: 7.085 Thread 0x0000027d099b9360 Thread exited: 0x0000027d099b9360
Event: 7.337 Thread 0x0000027ca5c3e370 Thread added: 0x0000027d099ba8a0
Event: 9.329 Thread 0x0000027d099ba8a0 Thread exited: 0x0000027d099ba8a0
Event: 11.490 Thread 0x0000027ca5c3e370 Thread exited: 0x0000027ca5c3e370


Dynamic libraries:
0x00007ff6591a0000 - 0x00007ff6591bb000 	D:\kdt\anaconda3\envs\fastapi\python.exe
0x00007ffd18730000 - 0x00007ffd18947000 	C:\Windows\SYSTEM32\ntdll.dll
0x00007ffd17f60000 - 0x00007ffd18024000 	C:\Windows\System32\KERNEL32.DLL
0x00007ffd15f00000 - 0x00007ffd162d0000 	C:\Windows\System32\KERNELBASE.dll
0x00007ffd15de0000 - 0x00007ffd15ef1000 	C:\Windows\System32\ucrtbase.dll
0x00007ffcee5a0000 - 0x00007ffcee5be000 	D:\kdt\anaconda3\envs\fastapi\VCRUNTIME140.dll
0x00007ffc3fb20000 - 0x00007ffc40249000 	D:\kdt\anaconda3\envs\fastapi\python312.dll
0x00007ffd18290000 - 0x00007ffd18301000 	C:\Windows\System32\WS2_32.dll
0x00007ffd177f0000 - 0x00007ffd17904000 	C:\Windows\System32\RPCRT4.dll
0x00007ffd0b370000 - 0x00007ffd0b37a000 	C:\Windows\SYSTEM32\VERSION.dll
0x00007ffd18310000 - 0x00007ffd183b7000 	C:\Windows\System32\msvcrt.dll
0x00007ffd15db0000 - 0x00007ffd15dd8000 	C:\Windows\System32\bcrypt.dll
0x00007ffd16870000 - 0x00007ffd16921000 	C:\Windows\System32\ADVAPI32.dll
0x00007ffd17220000 - 0x00007ffd172c7000 	C:\Windows\System32\sechost.dll
0x00007ffcee4c0000 - 0x00007ffcee4da000 	D:\kdt\anaconda3\envs\fastapi\zlib.dll
0x00007ffd159e0000 - 0x00007ffd15a5b000 	C:\Windows\System32\bcryptprimitives.dll
0x0000027c9f6f0000 - 0x0000027c9f6ff000 	D:\kdt\anaconda3\envs\fastapi\python3.DLL
0x00007ffce4cb0000 - 0x00007ffce4cc6000 	D:\kdt\anaconda3\envs\fastapi\DLLs\_socket.pyd
0x00007ffd14520000 - 0x00007ffd1454d000 	C:\Windows\SYSTEM32\IPHLPAPI.DLL
0x00007ffd02070000 - 0x00007ffd02079000 	D:\kdt\anaconda3\envs\fastapi\DLLs\select.pyd
0x00007ffcd74d0000 - 0x00007ffcd74fe000 	D:\kdt\anaconda3\envs\fastapi\DLLs\_ssl.pyd
0x00007ffd15c40000 - 0x00007ffd15da6000 	C:\Windows\System32\CRYPT32.dll
0x00007ffc4daf0000 - 0x00007ffc4dbb3000 	D:\kdt\anaconda3\envs\fastapi\Library\bin\libssl-3-x64.dll
0x00007ffc3f600000 - 0x00007ffc3fb11000 	D:\kdt\anaconda3\envs\fastapi\Library\bin\libcrypto-3-x64.dll
0x00007ffd166c0000 - 0x00007ffd1686e000 	C:\Windows\System32\USER32.dll
0x00007ffd162d0000 - 0x00007ffd162f6000 	C:\Windows\System32\win32u.dll
0x00007ffd17660000 - 0x00007ffd17689000 	C:\Windows\System32\GDI32.dll
0x00007ffd15b20000 - 0x00007ffd15c3b000 	C:\Windows\System32\gdi32full.dll
0x00007ffd16380000 - 0x00007ffd1641a000 	C:\Windows\System32\msvcp_win.dll
0x00007ffd186b0000 - 0x00007ffd186e1000 	C:\Windows\System32\IMM32.DLL
0x00007ffcd8830000 - 0x00007ffcd8842000 	D:\kdt\anaconda3\envs\fastapi\DLLs\_asyncio.pyd
0x00007ffce9b60000 - 0x00007ffce9b6e000 	D:\kdt\anaconda3\envs\fastapi\DLLs\_overlapped.pyd
0x00007ffd14f90000 - 0x00007ffd14ffa000 	C:\Windows\system32\mswsock.dll
0x00007ffce4ca0000 - 0x00007ffce4cab000 	D:\kdt\anaconda3\envs\fastapi\DLLs\_bz2.pyd
0x00007ffcd74b0000 - 0x00007ffcd74c5000 	D:\kdt\anaconda3\envs\fastapi\Library\bin\LIBBZ2.dll
0x00007ffce3140000 - 0x00007ffce314d000 	D:\kdt\anaconda3\envs\fastapi\DLLs\_lzma.pyd
0x00007ffcc7e10000 - 0x00007ffcc7e42000 	D:\kdt\anaconda3\envs\fastapi\Library\bin\liblzma.dll
0x00007ffc3f0c0000 - 0x00007ffc3f5f2000 	D:\kdt\anaconda3\envs\fastapi\Lib\site-packages\pydantic_core\_pydantic_core.cp312-win_amd64.pyd
0x00007ffd15200000 - 0x00007ffd1520c000 	C:\Windows\SYSTEM32\CRYPTBASE.DLL
0x00007ffcc7950000 - 0x00007ffcc799b000 	D:\kdt\anaconda3\envs\fastapi\DLLs\_decimal.pyd
0x00007ffce3050000 - 0x00007ffce305d000 	D:\kdt\anaconda3\envs\fastapi\DLLs\_zoneinfo.pyd
0x00007ffce2db0000 - 0x00007ffce2db7000 	D:\kdt\anaconda3\envs\fastapi\DLLs\_uuid.pyd
0x00007ffcddf00000 - 0x00007ffcddf10000 	D:\kdt\anaconda3\envs\fastapi\DLLs\_hashlib.pyd
0x00007ffcba840000 - 0x00007ffcba8b7000 	D:\kdt\anaconda3\envs\fastapi\Lib\site-packages\_jpype.cp312-win_amd64.pyd
0x00007ffcddeb0000 - 0x00007ffcddebc000 	D:\kdt\anaconda3\envs\fastapi\VCRUNTIME140_1.dll
0x00007ffcb6110000 - 0x00007ffcb619d000 	D:\kdt\anaconda3\envs\fastapi\MSVCP140.dll
0x00007ffcd37f0000 - 0x00007ffcd3812000 	D:\kdt\anaconda3\envs\fastapi\DLLs\_ctypes.pyd
0x00007ffd164f0000 - 0x00007ffd16691000 	C:\Windows\System32\ole32.dll
0x00007ffcd87a0000 - 0x00007ffcd87ac000 	D:\kdt\anaconda3\envs\fastapi\Library\bin\ffi.dll
0x00007ffd172d0000 - 0x00007ffd17660000 	C:\Windows\System32\combase.dll
0x00007ffd17690000 - 0x00007ffd17767000 	C:\Windows\System32\OLEAUT32.dll
0x00007ffcce7e0000 - 0x00007ffcce7e7000 	D:\kdt\anaconda3\envs\fastapi\Lib\site-packages\mkl\_mklinit.cp312-win_amd64.pyd
0x00007ffc3d160000 - 0x00007ffc3f0bc000 	D:\kdt\anaconda3\envs\fastapi\Library\bin\mkl_rt.2.dll
0x00007ffcce220000 - 0x00007ffcce243000 	D:\kdt\anaconda3\envs\fastapi\Lib\site-packages\mkl\_py_mkl_service.cp312-win_amd64.pyd
0x00007ffc39d30000 - 0x00007ffc3d159000 	D:\kdt\anaconda3\envs\fastapi\Library\bin\mkl_intel_thread.2.dll
0x00007ffc35230000 - 0x00007ffc39d23000 	D:\kdt\anaconda3\envs\fastapi\Library\bin\mkl_core.2.dll
0x00007ffc328a0000 - 0x00007ffc3522a000 	D:\kdt\anaconda3\envs\fastapi\Library\bin\mkl_avx2.2.dll
0x00007ffc319b0000 - 0x00007ffc32893000 	D:\kdt\anaconda3\envs\fastapi\Library\bin\mkl_vml_avx2.2.dll
0x00007ffc31590000 - 0x00007ffc319a7000 	D:\kdt\anaconda3\envs\fastapi\Lib\site-packages\numpy\_core\_multiarray_umath.cp312-win_amd64.pyd
0x00007ffcce5c0000 - 0x00007ffcce5ca000 	D:\kdt\anaconda3\envs\fastapi\DLLs\_wmi.pyd
0x00007ffd123c0000 - 0x00007ffd124c6000 	C:\Windows\SYSTEM32\PROPSYS.dll
0x00007ffccb7b0000 - 0x00007ffccb7ce000 	D:\kdt\anaconda3\envs\fastapi\Lib\site-packages\numpy\linalg\_umath_linalg.cp312-win_amd64.pyd
0x00007ffcb6090000 - 0x00007ffcb60b1000 	D:\kdt\anaconda3\envs\fastapi\Lib\site-packages\matplotlib\_c_internal_utils.cp312-win_amd64.pyd
0x00007ffd169a0000 - 0x00007ffd17218000 	C:\Windows\System32\SHELL32.dll
0x00007ffcb2c80000 - 0x00007ffcb2ce8000 	D:\kdt\anaconda3\envs\fastapi\Lib\site-packages\PIL\_imaging.cp312-win_amd64.pyd
0x00007ffc4da70000 - 0x00007ffc4dae7000 	D:\kdt\anaconda3\envs\fastapi\Library\bin\tiff.dll
0x00007ffcb6040000 - 0x00007ffcb6087000 	D:\kdt\anaconda3\envs\fastapi\Library\bin\libjpeg.dll
0x00007ffcb12c0000 - 0x00007ffcb131b000 	D:\kdt\anaconda3\envs\fastapi\Library\bin\openjp2.dll
0x00007ffc4d9c0000 - 0x00007ffc4da64000 	D:\kdt\anaconda3\envs\fastapi\Library\bin\zstd.dll
0x00007ffc4d860000 - 0x00007ffc4d8e4000 	D:\kdt\anaconda3\envs\fastapi\Library\bin\Lerc.dll
0x00007ffc4d8f0000 - 0x00007ffc4d921000 	D:\kdt\anaconda3\envs\fastapi\Library\bin\deflate.dll
0x00007ffc4d810000 - 0x00007ffc4d857000 	D:\kdt\anaconda3\envs\fastapi\Lib\site-packages\matplotlib\_path.cp312-win_amd64.pyd
0x00007ffc4d7b0000 - 0x00007ffc4d803000 	D:\kdt\anaconda3\envs\fastapi\Lib\site-packages\matplotlib\_image.cp312-win_amd64.pyd
0x00007ffc4d750000 - 0x00007ffc4d7ad000 	D:\kdt\anaconda3\envs\fastapi\Lib\site-packages\matplotlib\ft2font.cp312-win_amd64.pyd
0x00007ffc48e60000 - 0x00007ffc48f02000 	D:\kdt\anaconda3\envs\fastapi\Library\bin\freetype.dll
0x00007ffc49f20000 - 0x00007ffc49f54000 	D:\kdt\anaconda3\envs\fastapi\Library\bin\libpng16.dll
0x00007ffc4d720000 - 0x00007ffc4d741000 	D:\kdt\anaconda3\envs\fastapi\Lib\site-packages\kiwisolver\_cext.cp312-win_amd64.pyd
0x00007ffcce530000 - 0x00007ffcce53d000 	D:\kdt\anaconda3\envs\fastapi\Lib\site-packages\PIL\_imagingft.cp312-win_amd64.pyd
0x00007ffc4a280000 - 0x00007ffc4a2a7000 	D:\kdt\anaconda3\envs\fastapi\Lib\site-packages\wordcloud\query_integral_image.cp312-win_amd64.pyd
0x00007ffc41760000 - 0x00007ffc4178f000 	D:\kdt\anaconda3\envs\fastapi\Lib\site-packages\sqlalchemy\cyextension\collections.cp312-win_amd64.pyd
0x00007ffcb4070000 - 0x00007ffcb4086000 	D:\kdt\anaconda3\envs\fastapi\Lib\site-packages\sqlalchemy\cyextension\immutabledict.cp312-win_amd64.pyd
0x00007ffcb1260000 - 0x00007ffcb1274000 	D:\kdt\anaconda3\envs\fastapi\Lib\site-packages\sqlalchemy\cyextension\processors.cp312-win_amd64.pyd
0x00007ffc41740000 - 0x00007ffc41754000 	D:\kdt\anaconda3\envs\fastapi\Lib\site-packages\sqlalchemy\cyextension\resultproxy.cp312-win_amd64.pyd
0x00007ffc41720000 - 0x00007ffc41737000 	D:\kdt\anaconda3\envs\fastapi\Lib\site-packages\sqlalchemy\cyextension\util.cp312-win_amd64.pyd
0x00007ffd14b10000 - 0x00007ffd14b28000 	C:\Windows\SYSTEM32\kernel.appcore.dll
0x00007ffd12930000 - 0x00007ffd129e1000 	C:\Windows\system32\uxtheme.dll
0x00007ffd16440000 - 0x00007ffd164f0000 	C:\Windows\System32\clbcatq.dll
0x00007ffcee140000 - 0x00007ffcee15d000 	C:\Windows\SYSTEM32\amsi.dll
0x00007ffd15080000 - 0x00007ffd150a8000 	C:\Windows\SYSTEM32\USERENV.dll
0x00007ffd15910000 - 0x00007ffd1593b000 	C:\Windows\SYSTEM32\profapi.dll
0x00007ffcee0b0000 - 0x00007ffcee133000 	C:\ProgramData\Microsoft\Windows Defender\Platform\4.18.24090.11-0\MpOav.dll
0x00007ffc412d0000 - 0x00007ffc412e6000 	D:\kdt\anaconda3\envs\fastapi\Lib\site-packages\greenlet\_greenlet.cp312-win_amd64.pyd
0x00007ffc412a0000 - 0x00007ffc412cf000 	D:\kdt\anaconda3\envs\fastapi\Lib\site-packages\numpy\random\bit_generator.cp312-win_amd64.pyd
0x00007ffc41270000 - 0x00007ffc4129d000 	D:\kdt\anaconda3\envs\fastapi\Lib\site-packages\numpy\random\_common.cp312-win_amd64.pyd
0x00007ffc411d0000 - 0x00007ffc41270000 	D:\kdt\anaconda3\envs\fastapi\Lib\site-packages\numpy\random\mtrand.cp312-win_amd64.pyd
0x00007ffc31550000 - 0x00007ffc3158b000 	D:\kdt\anaconda3\envs\fastapi\Lib\site-packages\numpy\random\_bounded_integers.cp312-win_amd64.pyd
0x00007ffc31530000 - 0x00007ffc3154a000 	D:\kdt\anaconda3\envs\fastapi\Lib\site-packages\numpy\random\_mt19937.cp312-win_amd64.pyd
0x00007ffc31510000 - 0x00007ffc31528000 	D:\kdt\anaconda3\envs\fastapi\Lib\site-packages\numpy\random\_philox.cp312-win_amd64.pyd
0x00007ffc314f0000 - 0x00007ffc3150b000 	D:\kdt\anaconda3\envs\fastapi\Lib\site-packages\numpy\random\_pcg64.cp312-win_amd64.pyd
0x00007ffc314d0000 - 0x00007ffc314e4000 	D:\kdt\anaconda3\envs\fastapi\Lib\site-packages\numpy\random\_sfc64.cp312-win_amd64.pyd
0x00007ffc31410000 - 0x00007ffc314cc000 	D:\kdt\anaconda3\envs\fastapi\Lib\site-packages\numpy\random\_generator.cp312-win_amd64.pyd
0x00007ffcc7940000 - 0x00007ffcc794b000 	D:\kdt\anaconda3\envs\fastapi\Lib\site-packages\pandas\_libs\pandas_parser.cp312-win_amd64.pyd
0x00007ffcc73c0000 - 0x00007ffcc73cb000 	D:\kdt\anaconda3\envs\fastapi\Lib\site-packages\pandas\_libs\pandas_datetime.cp312-win_amd64.pyd
0x00007ffc312f0000 - 0x00007ffc31402000 	D:\kdt\anaconda3\envs\fastapi\Lib\site-packages\pandas\_libs\interval.cp312-win_amd64.pyd
0x00007ffc31120000 - 0x00007ffc312e1000 	D:\kdt\anaconda3\envs\fastapi\Lib\site-packages\pandas\_libs\hashtable.cp312-win_amd64.pyd
0x00007ffc310f0000 - 0x00007ffc3111c000 	D:\kdt\anaconda3\envs\fastapi\Lib\site-packages\pandas\_libs\missing.cp312-win_amd64.pyd
0x00007ffc310c0000 - 0x00007ffc310ed000 	D:\kdt\anaconda3\envs\fastapi\Lib\site-packages\pandas\_libs\tslibs\dtypes.cp312-win_amd64.pyd
0x00007ffc310a0000 - 0x00007ffc310b5000 	D:\kdt\anaconda3\envs\fastapi\Lib\site-packages\pandas\_libs\tslibs\ccalendar.cp312-win_amd64.pyd
0x00007ffc31080000 - 0x00007ffc310a0000 	D:\kdt\anaconda3\envs\fastapi\Lib\site-packages\pandas\_libs\tslibs\np_datetime.cp312-win_amd64.pyd
0x00007ffc31040000 - 0x00007ffc3107c000 	D:\kdt\anaconda3\envs\fastapi\Lib\site-packages\pandas\_libs\tslibs\conversion.cp312-win_amd64.pyd
0x00007ffc31020000 - 0x00007ffc31031000 	D:\kdt\anaconda3\envs\fastapi\Lib\site-packages\pandas\_libs\tslibs\base.cp312-win_amd64.pyd
0x00007ffc30f40000 - 0x00007ffc3101d000 	D:\kdt\anaconda3\envs\fastapi\Lib\site-packages\pandas\_libs\tslibs\offsets.cp312-win_amd64.pyd
0x00007ffc30ec0000 - 0x00007ffc30f40000 	D:\kdt\anaconda3\envs\fastapi\Lib\site-packages\pandas\_libs\tslibs\timestamps.cp312-win_amd64.pyd
0x00007ffc30e80000 - 0x00007ffc30eb4000 	D:\kdt\anaconda3\envs\fastapi\Lib\site-packages\pandas\_libs\tslibs\nattype.cp312-win_amd64.pyd
0x00007ffc30e00000 - 0x00007ffc30e78000 	D:\kdt\anaconda3\envs\fastapi\Lib\site-packages\pandas\_libs\tslibs\timedeltas.cp312-win_amd64.pyd
0x00007ffc30dc0000 - 0x00007ffc30df9000 	D:\kdt\anaconda3\envs\fastapi\Lib\site-packages\pandas\_libs\tslibs\timezones.cp312-win_amd64.pyd
0x0000027ca4ae0000 - 0x0000027ca4ae3000 	C:\Windows\SYSTEM32\tzres.dll
0x00007ffc30d70000 - 0x00007ffc30db6000 	D:\kdt\anaconda3\envs\fastapi\Lib\site-packages\pandas\_libs\tslibs\fields.cp312-win_amd64.pyd
0x00007ffc30d30000 - 0x00007ffc30d70000 	D:\kdt\anaconda3\envs\fastapi\Lib\site-packages\pandas\_libs\tslibs\tzconversion.cp312-win_amd64.pyd
0x00007ffc30d10000 - 0x00007ffc30d24000 	D:\kdt\anaconda3\envs\fastapi\Lib\site-packages\pandas\_libs\properties.cp312-win_amd64.pyd
0x00007ffc30cb0000 - 0x00007ffc30d02000 	D:\kdt\anaconda3\envs\fastapi\Lib\site-packages\pandas\_libs\tslibs\parsing.cp312-win_amd64.pyd
0x00007ffc30c60000 - 0x00007ffc30cab000 	D:\kdt\anaconda3\envs\fastapi\Lib\site-packages\pandas\_libs\tslibs\strptime.cp312-win_amd64.pyd
0x00007ffc30bf0000 - 0x00007ffc30c58000 	D:\kdt\anaconda3\envs\fastapi\Lib\site-packages\pandas\_libs\tslibs\period.cp312-win_amd64.pyd
0x00007ffc30bb0000 - 0x00007ffc30be2000 	D:\kdt\anaconda3\envs\fastapi\Lib\site-packages\pandas\_libs\tslibs\vectorized.cp312-win_amd64.pyd
0x00007ffcba830000 - 0x00007ffcba840000 	D:\kdt\anaconda3\envs\fastapi\Lib\site-packages\pandas\_libs\ops_dispatch.cp312-win_amd64.pyd
0x00007ffc309f0000 - 0x00007ffc30baa000 	D:\kdt\anaconda3\envs\fastapi\Lib\site-packages\pandas\_libs\algos.cp312-win_amd64.pyd
0x00007ffc30940000 - 0x00007ffc309e4000 	D:\kdt\anaconda3\envs\fastapi\Lib\site-packages\pandas\_libs\lib.cp312-win_amd64.pyd
0x00007ffc30820000 - 0x00007ffc30937000 	D:\kdt\anaconda3\envs\fastapi\DLLs\unicodedata.pyd

dbghelp: loaded successfully - version: 4.0.5 - missing functions: none
symbol engine: initialized successfully - sym options: 0x614 - pdb path: .;D:\kdt\anaconda3\envs\fastapi;C:\Windows\SYSTEM32;D:\kdt\anaconda3\envs\fastapi\DLLs;D:\kdt\anaconda3\envs\fastapi\Library\bin;D:\kdt\anaconda3\envs\fastapi\Lib\site-packages\pydantic_core;D:\kdt\anaconda3\envs\fastapi\Lib\site-packages;D:\kdt\anaconda3\envs\fastapi\Lib\site-packages\mkl;D:\kdt\anaconda3\envs\fastapi\Lib\site-packages\numpy\_core;D:\kdt\anaconda3\envs\fastapi\Lib\site-packages\numpy\linalg;D:\kdt\anaconda3\envs\fastapi\Lib\site-packages\matplotlib;D:\kdt\anaconda3\envs\fastapi\Lib\site-packages\PIL;D:\kdt\anaconda3\envs\fastapi\Lib\site-packages\kiwisolver;D:\kdt\anaconda3\envs\fastapi\Lib\site-packages\wordcloud;D:\kdt\anaconda3\envs\fastapi\Lib\site-packages\sqlalchemy\cyextension;C:\ProgramData\Microsoft\Windows Defender\Platform\4.18.24090.11-0;D:\kdt\anaconda3\envs\fastapi\Lib\site-packages\greenlet;D:\kdt\anaconda3\envs\fastapi\Lib\site-packages\numpy\random;D:\kdt\anaconda3\envs\fastapi\Lib\site-packages\pandas\_libs;D:\kdt\anaconda3\envs\fastapi\Lib\site-packages\pandas\_libs\tslibs;D:\kdt\anaconda3\envs\fastapi\Lib\site-packages\numexpr;D:\kdt\anaconda3\envs\fastapi\Lib\site-packages\bottleneck;D:\kdt\anaconda3\envs\fastapi\Lib\site-packages\pandas\_libs\window;C:\Users\hydrl\.jdks\temurin-17.0.13\bin\server;C:\Users\hydrl\.jdks\temurin-17.0.13\bin;D:\oracle\dbhomeXE\bin

VM Arguments:
jvm_args: -Dfile.encoding=UTF8 -ea -Xmx1024m 
java_command: <unknown>
java_class_path (initial): D:\kdt\anaconda3\envs\fastapi\Lib\site-packages\konlpy\java;D:\kdt\anaconda3\envs\fastapi\Lib\site-packages\konlpy\java\bin;D:\kdt\anaconda3\envs\fastapi\Lib\site-packages\konlpy\java\aho-corasick.jar;D:\kdt\anaconda3\envs\fastapi\Lib\site-packages\konlpy\java\jhannanum-0.8.4.jar;D:\kdt\anaconda3\envs\fastapi\Lib\site-packages\konlpy\java\kkma-2.0.jar;D:\kdt\anaconda3\envs\fastapi\Lib\site-packages\konlpy\java\komoran-3.0.jar;D:\kdt\anaconda3\envs\fastapi\Lib\site-packages\konlpy\java\open-korean-text-2.1.0.jar;D:\kdt\anaconda3\envs\fastapi\Lib\site-packages\konlpy\java\scala-library-2.12.3.jar;D:\kdt\anaconda3\envs\fastapi\Lib\site-packages\konlpy\java\shineware-common-1.0.jar;D:\kdt\anaconda3\envs\fastapi\Lib\site-packages\konlpy\java\shineware-ds-1.0.jar;D:\kdt\anaconda3\envs\fastapi\Lib\site-packages\konlpy\java\snakeyaml-1.12.jar;D:\kdt\anaconda3\envs\fastapi\Lib\site-packages\konlpy\java\twitter-text-1.14.7.jar;D:\kdt\anaconda3\envs\fastapi\Lib\site-packages\konlpy\java\jhannanum-0.8.4.jar;D:\kdt\anaconda3\envs\fastapi\Lib\site-packages\konlpy\java\kkma-2.0.jar;D:\kdt\anaconda3\envs\fastapi\Lib\site-packages\konlpy\java\aho-corasick.jar;D:\kdt\anaconda3\envs\fastapi\Lib\site-packages\konlpy\java\shineware-common-1.0.jar;D:\kdt\anaconda3\envs\fastapi\Lib\site-packages\konlpy\java\shineware-ds-1.0.jar;D:\kdt\anaconda3\envs\fastapi\Lib\site-packages\konlpy\java\komoran-3.0.jar;D:\kdt\anaconda3\envs\fastapi\Lib\site-packages\konlpy\java\snakeyaml-1.12.jar;D:\kdt\anaconda3\envs\fastapi\Lib\site-packages\konlpy\java\scala-library-2.12.3.jar;D:\kdt\anaconda3\envs\fastapi\Lib\site-packages\konlpy\java\open-korean-text-2.1.0.jar;D:\kdt\anaconda3\envs\fastapi\Lib\site-packages\konlpy\java\twitter-text-1.14.7.jar;D:\kdt\anaconda3\envs\fastapi\Lib\site-packages\konlpy\java\aho-corasick.jar;D:\kdt\anaconda3\envs\fastapi\Lib\site-packages\konlpy\java\jhannanum-0.8.4.jar;D:\kdt\anaconda3\envs\fastapi\Lib\site-packages\konlpy\java\kkma-2.0.jar;D:\
Launcher Type: generic

[Global flags]
     intx CICompilerCount                          = 12                                        {product} {ergonomic}
     uint ConcGCThreads                            = 3                                         {product} {ergonomic}
     uint G1ConcRefinementThreads                  = 13                                        {product} {ergonomic}
   size_t G1HeapRegionSize                         = 1048576                                   {product} {ergonomic}
    uintx GCDrainStackTargetSize                   = 64                                        {product} {ergonomic}
   size_t InitialHeapSize                          = 127926272                                 {product} {ergonomic}
   size_t MarkStackSize                            = 4194304                                   {product} {ergonomic}
   size_t MaxHeapSize                              = 1073741824                                {product} {command line}
   size_t MaxNewSize                               = 643825664                                 {product} {ergonomic}
   size_t MinHeapDeltaBytes                        = 1048576                                   {product} {ergonomic}
   size_t MinHeapSize                              = 8388608                                   {product} {ergonomic}
    uintx NonNMethodCodeHeapSize                   = 7602480                                {pd product} {ergonomic}
    uintx NonProfiledCodeHeapSize                  = 122027880                              {pd product} {ergonomic}
    uintx ProfiledCodeHeapSize                     = 122027880                              {pd product} {ergonomic}
    uintx ReservedCodeCacheSize                    = 251658240                              {pd product} {ergonomic}
     bool SegmentedCodeCache                       = true                                      {product} {ergonomic}
   size_t SoftMaxHeapSize                          = 1073741824                             {manageable} {ergonomic}
     bool UseCompressedClassPointers               = true                           {product lp64_product} {ergonomic}
     bool UseCompressedOops                        = true                           {product lp64_product} {ergonomic}
     bool UseG1GC                                  = true                                      {product} {ergonomic}
     bool UseLargePagesIndividualAllocation        = false                                  {pd product} {ergonomic}

Logging:
Log output configuration:
 #0: stdout all=warning uptime,level,tags
 #1: stderr all=off uptime,level,tags

Environment Variables:
JAVA_HOME=C:\Users\hydrl\.jdks\temurin-17.0.13
PATH=D:\kdt\anaconda3\envs\fastapi;D:\kdt\anaconda3\envs\fastapi\Library\mingw-w64\bin;D:\kdt\anaconda3\envs\fastapi\Library\usr\bin;D:\kdt\anaconda3\envs\fastapi\Library\bin;D:\kdt\anaconda3\envs\fastapi\Scripts;D:\kdt\anaconda3\envs\fastapi\bin;D:\kdt\anaconda3\condabin;C:\Users\hydrl\.jdks\temurin-17.0.13\bin;D:\oracle\dbhomeXE\bin;D:\oracle18.0\dbhomeXE\bin;C:\Windows\system32;C:\Windows;C:\Windows\System32\Wbem;C:\Windows\System32\WindowsPowerShell\v1.0;C:\Windows\System32\OpenSSH;D:\Bandizip;D:\node;D:\kdt\Git\cmd;D:\kdt\project;D:\kdt\python;C:\Program Files\Microsoft SQL Server\150\Tools\Binn;D:\oracle\oracle instant client;D:\kdt\anaconda3\Library\Bin
USERNAME=hydrl
OS=Windows_NT
PROCESSOR_IDENTIFIER=Intel64 Family 6 Model 186 Stepping 2, GenuineIntel
TMP=C:\Users\hydrl\AppData\Local\Temp
TEMP=C:\Users\hydrl\AppData\Local\Temp



Periodic native trim disabled


---------------  S Y S T E M  ---------------

OS:
 Windows 11 , 64 bit Build 22621 (10.0.22621.4830)
OS uptime: 0 days 15:44 hours
Hyper-V role detected

CPU: total 16 (initial active 16) (8 cores per cpu, 2 threads per core) family 6 model 186 stepping 2 microcode 0x410e, cx8, cmov, fxsr, ht, mmx, 3dnowpref, sse, sse2, sse3, ssse3, sse4.1, sse4.2, popcnt, lzcnt, tsc, tscinvbit, avx, avx2, aes, erms, clmul, bmi1, bmi2, adx, sha, fma, vzeroupper, clflush, clflushopt, clwb, hv
Processor Information for processor 0
  Max Mhz: 1900, Current Mhz: 1900, Mhz Limit: 1900
Processor Information for processor 1
  Max Mhz: 1900, Current Mhz: 1900, Mhz Limit: 1900
Processor Information for processor 2
  Max Mhz: 1900, Current Mhz: 1900, Mhz Limit: 1900
Processor Information for processor 3
  Max Mhz: 1900, Current Mhz: 1900, Mhz Limit: 1900
Processor Information for processor 4
  Max Mhz: 1900, Current Mhz: 1900, Mhz Limit: 1900
Processor Information for processor 5
  Max Mhz: 1900, Current Mhz: 1900, Mhz Limit: 1900
Processor Information for processor 6
  Max Mhz: 1900, Current Mhz: 1900, Mhz Limit: 1900
Processor Information for processor 7
  Max Mhz: 1900, Current Mhz: 1900, Mhz Limit: 1900
Processor Information for processor 8
  Max Mhz: 1900, Current Mhz: 1400, Mhz Limit: 1387
Processor Information for processor 9
  Max Mhz: 1900, Current Mhz: 1400, Mhz Limit: 1387
Processor Information for processor 10
  Max Mhz: 1900, Current Mhz: 1400, Mhz Limit: 1387
Processor Information for processor 11
  Max Mhz: 1900, Current Mhz: 1400, Mhz Limit: 1387
Processor Information for processor 12
  Max Mhz: 1900, Current Mhz: 1400, Mhz Limit: 1387
Processor Information for processor 13
  Max Mhz: 1900, Current Mhz: 1400, Mhz Limit: 1387
Processor Information for processor 14
  Max Mhz: 1900, Current Mhz: 1400, Mhz Limit: 1387
Processor Information for processor 15
  Max Mhz: 1900, Current Mhz: 1400, Mhz Limit: 1387

Memory: 4k page, system-wide physical 7751M (256M free)
TotalPageFile size 24594M (AvailPageFile size 97M)
current process WorkingSet (physical memory assigned to process): 344M, peak: 354M
current process commit charge ("private bytes"): 374M, peak: 523M

vm_info: OpenJDK 64-Bit Server VM (17.0.13+11) for windows-amd64 JRE (17.0.13+11), built on Oct 16 2024 00:10:08 by "admin" with MS VC++ 17.7 (VS2022)

END.
