#
# There is insufficient memory for the Java Runtime Environment to continue.
# Native memory allocation (mmap) failed to map 218103808 bytes. Error detail: G1 virtual space
# Possible reasons:
#   The system is out of physical RAM or swap space
#   This process is running with CompressedOops enabled, and the Java Heap may be blocking the growth of the native heap
# Possible solutions:
#   Reduce memory load on the system
#   Increase physical memory or swap space
#   Check if swap backing store is full
#   Decrease Java heap size (-Xmx/-Xms)
#   Decrease number of Java threads
#   Decrease Java thread stack sizes (-Xss)
#   Set larger code cache with -XX:ReservedCodeCacheSize=
#   JVM is running with Unscaled Compressed Oops mode in which the Java heap is
#     placed in the first 4GB address space. The Java Heap base address is the
#     maximum limit for the native heap growth. Please use -XX:HeapBaseMinAddress
#     to set the Java Heap base and to place the Java Heap above 4GB virtual address.
# This output file may be truncated or incomplete.
#
#  Out of Memory Error (os_windows.cpp:3614), pid=19264, tid=19440
#
# JRE version: OpenJDK Runtime Environment Temurin-17.0.13+11 (17.0.13+11) (build 17.0.13+11)
# Java VM: OpenJDK 64-Bit Server VM Temurin-17.0.13+11 (17.0.13+11, mixed mode, sharing, tiered, compressed oops, compressed class ptrs, g1 gc, windows-amd64)
# No core dump will be written. Minidumps are not enabled by default on client versions of Windows
#

---------------  S U M M A R Y ------------

Command Line: -Dfile.encoding=UTF8 -ea -Xmx1024m 

Host: 13th Gen Intel(R) Core(TM) i5-1340P, 16 cores, 7G,  Windows 11 , 64 bit Build 22621 (10.0.22621.4830)
Time: Tue Feb 25 12:37:36 2025 대한민국 표준시 elapsed time: 11911.292895 seconds (0d 3h 18m 31s)

---------------  T H R E A D  ---------------

Current thread (0x00000298af69b940):  VMThread "VM Thread" [stack: 0x000000e524e40000,0x000000e525030000] [id=19440]

Stack: [0x000000e524e40000,0x000000e525030000]
Native frames: (J=compiled Java code, j=interpreted, Vv=VM code, C=native code)
C  0x00007ffcc5462a19
C  0x00007ffcc5619538
C  0x00007ffcc561afe3
C  0x00007ffcc561b653
C  0x00007ffcc502704f
C  0x00007ffcc545f809
C  0x00007ffcc54546fa
C  0x00007ffcc50e4a96
C  0x00007ffcc50ebf56
C  0x00007ffcc513da5e
C  0x00007ffcc513dc9d
C  0x00007ffcc50bbe5c
C  0x00007ffcc50ba1ff
C  0x00007ffcc50b996c
C  0x00007ffcc50fd14b
C  0x00007ffcc561fe8d
C  0x00007ffcc5620bc3
C  0x00007ffcc56210ef
C  0x00007ffcc56214d4
C  0x00007ffcc562159e
C  0x00007ffcc55c8ffc
C  0x00007ffcc54618f7
C  [ucrtbase.dll+0x29333]
C  [KERNEL32.DLL+0x1259d]
C  [ntdll.dll+0x5af38]

VM_Operation (0x000000e5219edf60): G1CollectForAllocation, mode: safepoint, requested by thread 0x00000298ad60b010


---------------  P R O C E S S  ---------------

Threads class SMR info:
_java_thread_list=0x00000299142ed9f0, length=13, elements={
0x00000298ad60b010, 0x00000298ad6096c0, 0x00000298ad609bd0, 0x00000298ad60d380,
0x00000298ad60d890, 0x00000298ad60a0e0, 0x00000298ad60a5f0, 0x00000298af5cc320,
0x00000298af5cfd90, 0x00000298ad60ab00, 0x00000298ad60b520, 0x00000298aff7e950,
0x00000298aff816e0
}

Java Threads: ( => current thread )
  0x00000298ad60b010 JavaThread "main" [_thread_blocked, id=18692, stack(0x000000e521800000,0x000000e5219f0000)]
  0x00000298ad6096c0 JavaThread "Reference Handler" daemon [_thread_blocked, id=19412, stack(0x000000e525030000,0x000000e525220000)]
  0x00000298ad609bd0 JavaThread "Finalizer" daemon [_thread_blocked, id=19436, stack(0x000000e525220000,0x000000e525410000)]
  0x00000298ad60d380 JavaThread "Signal Dispatcher" daemon [_thread_blocked, id=19416, stack(0x000000e525410000,0x000000e525600000)]
  0x00000298ad60d890 JavaThread "Attach Listener" daemon [_thread_blocked, id=19352, stack(0x000000e525600000,0x000000e5257f0000)]
  0x00000298ad60a0e0 JavaThread "Service Thread" daemon [_thread_blocked, id=19308, stack(0x000000e5257f0000,0x000000e5259e0000)]
  0x00000298ad60a5f0 JavaThread "Monitor Deflation Thread" daemon [_thread_blocked, id=19156, stack(0x000000e5259e0000,0x000000e525bd0000)]
  0x00000298af5cc320 JavaThread "C2 CompilerThread0" daemon [_thread_blocked, id=19180, stack(0x000000e525bd0000,0x000000e525dc0000)]
  0x00000298af5cfd90 JavaThread "C1 CompilerThread0" daemon [_thread_blocked, id=18568, stack(0x000000e525dc0000,0x000000e525fb0000)]
  0x00000298ad60ab00 JavaThread "Sweeper thread" daemon [_thread_blocked, id=18708, stack(0x000000e525fb0000,0x000000e5261a0000)]
  0x00000298ad60b520 JavaThread "Notification Thread" daemon [_thread_blocked, id=18864, stack(0x000000e526580000,0x000000e526770000)]
  0x00000298aff7e950 JavaThread "Common-Cleaner" daemon [_thread_blocked, id=18672, stack(0x000000e526960000,0x000000e526b50000)]
  0x00000298aff816e0 JavaThread "Python Reference Queue" daemon [_thread_blocked, id=18972, stack(0x000000e526b50000,0x000000e526d40000)]

Other Threads:
=>0x00000298af69b940 VMThread "VM Thread" [stack: 0x000000e524e40000,0x000000e525030000] [id=19440]
  0x00000298ac921570 WatcherThread [stack: 0x000000e526770000,0x000000e526960000] [id=18964]
  0x00000298af608dd0 GCTaskThread "GC Thread#0" [stack: 0x000000e524490000,0x000000e524680000] [id=19196]
  0x00000298af609350 GCTaskThread "GC Thread#1" [stack: 0x000000e527120000,0x000000e527310000] [id=18544]
  0x00000298af609090 GCTaskThread "GC Thread#2" [stack: 0x000000e527310000,0x000000e527500000] [id=19276]
  0x00000298af6098d0 GCTaskThread "GC Thread#3" [stack: 0x000000e527500000,0x000000e5276f0000] [id=18648]
  0x00000298b03607f0 GCTaskThread "GC Thread#4" [stack: 0x000000e5276f0000,0x000000e5278e0000] [id=19140]
  0x00000298b03633f0 GCTaskThread "GC Thread#5" [stack: 0x000000e526390000,0x000000e526580000] [id=18900]
  0x00000298b035ce30 GCTaskThread "GC Thread#6" [stack: 0x000000e527ad0000,0x000000e527cc0000] [id=19248]
  0x00000298b035cb70 GCTaskThread "GC Thread#7" [stack: 0x000000e527cc0000,0x000000e527eb0000] [id=18812]
  0x00000298b035c070 GCTaskThread "GC Thread#8" [stack: 0x000000e526d40000,0x000000e526f30000] [id=19356]
  0x00000298b035c8b0 GCTaskThread "GC Thread#9" [stack: 0x000000e5261a0000,0x000000e526390000] [id=18504]
  0x00000298b03620b0 GCTaskThread "GC Thread#10" [stack: 0x000000e526f30000,0x000000e527120000] [id=13616]
  0x00000298b035d0f0 GCTaskThread "GC Thread#11" [stack: 0x000000e528860000,0x000000e528a50000] [id=18724]
  0x00000298af713c50 ConcurrentGCThread "G1 Main Marker" [stack: 0x000000e524680000,0x000000e524870000] [id=17652]
  0x00000298af607250 ConcurrentGCThread "G1 Conc#0" [stack: 0x000000e524870000,0x000000e524a60000] [id=19452]
  0x00000298b035fa30 ConcurrentGCThread "G1 Conc#1" [stack: 0x000000e527eb0000,0x000000e5280a0000] [id=14232]
  0x00000298b03628f0 ConcurrentGCThread "G1 Conc#2" [stack: 0x000000e5280a0000,0x000000e528290000] [id=10748]
  0x00000298af60e170 ConcurrentGCThread "G1 Refine#0" [stack: 0x000000e524a60000,0x000000e524c50000] [id=19448]
  0x0000029913ef4e60 ConcurrentGCThread "G1 Refine#1" [stack: 0x000000e528480000,0x000000e528670000] [id=18644]
  0x0000029913ef62f0 ConcurrentGCThread "G1 Refine#2" [stack: 0x000000e528670000,0x000000e528860000] [id=18620]
  0x0000029913ef0200 ConcurrentGCThread "G1 Refine#3" [stack: 0x000000e528a50000,0x000000e528c40000] [id=18716]
  0x00000298ac256920 ConcurrentGCThread "G1 Service" [stack: 0x000000e524c50000,0x000000e524e40000] [id=19444]

Threads with active compile tasks:

VM state: at safepoint (normal execution)

VM Mutex/Monitor currently owned by a thread:  ([mutex/lock_event])
[0x00000298afaa8be0] Threads_lock - owner thread: 0x00000298af69b940
[0x00000298afaa8d00] Heap_lock - owner thread: 0x00000298ad60b010

Heap address: 0x00000000c0000000, size: 1024 MB, Compressed Oops mode: 32-bit

CDS archive(s) mapped at: [0x00000298ce000000-0x00000298cebb0000-0x00000298cebb0000), size 12255232, SharedBaseAddress: 0x00000298ce000000, ArchiveRelocationMode: 1.
Compressed class space mapped at: 0x00000298cf000000-0x000002990f000000, reserved size: 1073741824
Narrow klass base: 0x00000298ce000000, Narrow klass shift: 0, Narrow klass range: 0x100000000

GC Precious Log:
 CPUs: 16 total, 16 available
 Memory: 7751M
 Large Page Support: Disabled
 NUMA Support: Disabled
 Compressed Oops: Enabled (32-bit)
 Heap Region Size: 1M
 Heap Min Capacity: 8M
 Heap Initial Capacity: 122M
 Heap Max Capacity: 1G
 Pre-touch: Disabled
 Parallel Workers: 13
 Concurrent Workers: 3
 Concurrent Refinement Workers: 13
 Periodic GC: Disabled

Heap:
 garbage-first heap   total 201728K, used 66926K [0x00000000c0000000, 0x0000000100000000)
  region size 1024K, 6 young (6144K), 6 survivors (6144K)
 Metaspace       used 10000K, committed 10176K, reserved 1114112K
  class space    used 1445K, committed 1536K, reserved 1048576K

Heap Regions: E=young(eden), S=young(survivor), O=old, HS=humongous(starts), HC=humongous(continues), CS=collection set, F=free, OA=open archive, CA=closed archive, TAMS=top-at-mark-start (previous, next)
|   0|0x00000000c0000000, 0x00000000c00ffff8, 0x00000000c0100000| 99%| O|  |TAMS 0x00000000c00ffff8, 0x00000000c0000000| Untracked 
|   1|0x00000000c0100000, 0x00000000c01ffff8, 0x00000000c0200000| 99%| O|  |TAMS 0x00000000c01ffff8, 0x00000000c0100000| Untracked 
|   2|0x00000000c0200000, 0x00000000c02fffe8, 0x00000000c0300000| 99%| O|  |TAMS 0x00000000c0200000, 0x00000000c0200000| Untracked 
|   3|0x00000000c0300000, 0x00000000c03fffd8, 0x00000000c0400000| 99%| O|  |TAMS 0x00000000c03fffd8, 0x00000000c0300000| Untracked 
|   4|0x00000000c0400000, 0x00000000c0500000, 0x00000000c0500000|100%| O|  |TAMS 0x00000000c0500000, 0x00000000c0400000| Untracked 
|   5|0x00000000c0500000, 0x00000000c05ffff0, 0x00000000c0600000| 99%| O|  |TAMS 0x00000000c05ffff0, 0x00000000c0500000| Untracked 
|   6|0x00000000c0600000, 0x00000000c06ffff8, 0x00000000c0700000| 99%| O|  |TAMS 0x00000000c06ffff8, 0x00000000c0600000| Untracked 
|   7|0x00000000c0700000, 0x00000000c07fffe0, 0x00000000c0800000| 99%| O|  |TAMS 0x00000000c07fffe0, 0x00000000c0700000| Untracked 
|   8|0x00000000c0800000, 0x00000000c08ffff8, 0x00000000c0900000| 99%| O|  |TAMS 0x00000000c08ffff8, 0x00000000c0800000| Untracked 
|   9|0x00000000c0900000, 0x00000000c09f4ea0, 0x00000000c0a00000| 95%| O|  |TAMS 0x00000000c0900000, 0x00000000c0900000| Untracked 
|  10|0x00000000c0a00000, 0x00000000c0af2280, 0x00000000c0b00000| 94%| O|  |TAMS 0x00000000c0a00000, 0x00000000c0a00000| Untracked 
|  11|0x00000000c0b00000, 0x00000000c0bffff8, 0x00000000c0c00000| 99%| O|  |TAMS 0x00000000c0b00000, 0x00000000c0b00000| Untracked 
|  12|0x00000000c0c00000, 0x00000000c0cffff0, 0x00000000c0d00000| 99%| O|  |TAMS 0x00000000c0c00000, 0x00000000c0c00000| Untracked 
|  13|0x00000000c0d00000, 0x00000000c0dffff0, 0x00000000c0e00000| 99%| O|  |TAMS 0x00000000c0dffff0, 0x00000000c0d00000| Untracked 
|  14|0x00000000c0e00000, 0x00000000c0e65340, 0x00000000c0f00000| 39%| O|  |TAMS 0x00000000c0e00000, 0x00000000c0e00000| Untracked 
|  15|0x00000000c0f00000, 0x00000000c0fa4540, 0x00000000c1000000| 64%| O|  |TAMS 0x00000000c0f00000, 0x00000000c0f00000| Untracked 
|  16|0x00000000c1000000, 0x00000000c1100000, 0x00000000c1100000|100%|HS|  |TAMS 0x00000000c1100000, 0x00000000c1000000| Untracked 
|  17|0x00000000c1100000, 0x00000000c1200000, 0x00000000c1200000|100%|HC|  |TAMS 0x00000000c1200000, 0x00000000c1100000| Untracked 
|  18|0x00000000c1200000, 0x00000000c1300000, 0x00000000c1300000|100%|HS|  |TAMS 0x00000000c1300000, 0x00000000c1200000| Untracked 
|  19|0x00000000c1300000, 0x00000000c1400000, 0x00000000c1400000|100%|HC|  |TAMS 0x00000000c1400000, 0x00000000c1300000| Untracked 
|  20|0x00000000c1400000, 0x00000000c1500000, 0x00000000c1500000|100%| O|  |TAMS 0x00000000c1500000, 0x00000000c1400000| Untracked 
|  21|0x00000000c1500000, 0x00000000c15ffff8, 0x00000000c1600000| 99%| O|  |TAMS 0x00000000c15ffff8, 0x00000000c1500000| Untracked 
|  22|0x00000000c1600000, 0x00000000c1700000, 0x00000000c1700000|100%| O|  |TAMS 0x00000000c1700000, 0x00000000c1600000| Untracked 
|  23|0x00000000c1700000, 0x00000000c1800000, 0x00000000c1800000|100%|HS|  |TAMS 0x00000000c1800000, 0x00000000c1700000| Untracked 
|  24|0x00000000c1800000, 0x00000000c1900000, 0x00000000c1900000|100%| O|  |TAMS 0x00000000c1900000, 0x00000000c1800000| Untracked 
|  25|0x00000000c1900000, 0x00000000c19feb30, 0x00000000c1a00000| 99%| O|  |TAMS 0x00000000c19feb30, 0x00000000c1900000| Untracked 
|  26|0x00000000c1a00000, 0x00000000c1b00000, 0x00000000c1b00000|100%| O|  |TAMS 0x00000000c1b00000, 0x00000000c1a00000| Untracked 
|  27|0x00000000c1b00000, 0x00000000c1c00000, 0x00000000c1c00000|100%| O|  |TAMS 0x00000000c1c00000, 0x00000000c1b00000| Untracked 
|  28|0x00000000c1c00000, 0x00000000c1d00000, 0x00000000c1d00000|100%| O|  |TAMS 0x00000000c1d00000, 0x00000000c1c00000| Untracked 
|  29|0x00000000c1d00000, 0x00000000c1e00000, 0x00000000c1e00000|100%| O|  |TAMS 0x00000000c1e00000, 0x00000000c1d00000| Untracked 
|  30|0x00000000c1e00000, 0x00000000c1f00000, 0x00000000c1f00000|100%| O|  |TAMS 0x00000000c1f00000, 0x00000000c1e00000| Untracked 
|  31|0x00000000c1f00000, 0x00000000c1fffff8, 0x00000000c2000000| 99%| O|  |TAMS 0x00000000c1fffff8, 0x00000000c1f00000| Untracked 
|  32|0x00000000c2000000, 0x00000000c2100000, 0x00000000c2100000|100%| O|  |TAMS 0x00000000c2100000, 0x00000000c2000000| Untracked 
|  33|0x00000000c2100000, 0x00000000c2200000, 0x00000000c2200000|100%|HS|  |TAMS 0x00000000c2200000, 0x00000000c2100000| Untracked 
|  34|0x00000000c2200000, 0x00000000c2300000, 0x00000000c2300000|100%|HS|  |TAMS 0x00000000c2300000, 0x00000000c2200000| Untracked 
|  35|0x00000000c2300000, 0x00000000c23ffff0, 0x00000000c2400000| 99%| O|  |TAMS 0x00000000c23ffff0, 0x00000000c2300000| Untracked 
|  36|0x00000000c2400000, 0x00000000c2500000, 0x00000000c2500000|100%| O|  |TAMS 0x00000000c2500000, 0x00000000c2400000| Untracked 
|  37|0x00000000c2500000, 0x00000000c2600000, 0x00000000c2600000|100%|HS|  |TAMS 0x00000000c2600000, 0x00000000c2500000| Untracked 
|  38|0x00000000c2600000, 0x00000000c2700000, 0x00000000c2700000|100%|HC|  |TAMS 0x00000000c2700000, 0x00000000c2600000| Untracked 
|  39|0x00000000c2700000, 0x00000000c2800000, 0x00000000c2800000|100%|HS|  |TAMS 0x00000000c2800000, 0x00000000c2700000| Untracked 
|  40|0x00000000c2800000, 0x00000000c2900000, 0x00000000c2900000|100%|HC|  |TAMS 0x00000000c2900000, 0x00000000c2800000| Untracked 
|  41|0x00000000c2900000, 0x00000000c29d3b98, 0x00000000c2a00000| 82%| O|  |TAMS 0x00000000c2900000, 0x00000000c2900000| Untracked 
|  42|0x00000000c2a00000, 0x00000000c2b00000, 0x00000000c2b00000|100%|HS|  |TAMS 0x00000000c2b00000, 0x00000000c2a00000| Untracked 
|  43|0x00000000c2b00000, 0x00000000c2c00000, 0x00000000c2c00000|100%|HC|  |TAMS 0x00000000c2c00000, 0x00000000c2b00000| Untracked 
|  44|0x00000000c2c00000, 0x00000000c2d00000, 0x00000000c2d00000|100%|HS|  |TAMS 0x00000000c2d00000, 0x00000000c2c00000| Untracked 
|  45|0x00000000c2d00000, 0x00000000c2e00000, 0x00000000c2e00000|100%|HC|  |TAMS 0x00000000c2e00000, 0x00000000c2d00000| Untracked 
|  46|0x00000000c2e00000, 0x00000000c2f00000, 0x00000000c2f00000|100%| O|  |TAMS 0x00000000c2f00000, 0x00000000c2e00000| Untracked 
|  47|0x00000000c2f00000, 0x00000000c3000000, 0x00000000c3000000|100%| O|  |TAMS 0x00000000c2f00000, 0x00000000c2f00000| Untracked 
|  48|0x00000000c3000000, 0x00000000c3100000, 0x00000000c3100000|100%| O|  |TAMS 0x00000000c3000000, 0x00000000c3000000| Untracked 
|  49|0x00000000c3100000, 0x00000000c3200000, 0x00000000c3200000|100%| O|  |TAMS 0x00000000c3100000, 0x00000000c3100000| Untracked 
|  50|0x00000000c3200000, 0x00000000c329fda8, 0x00000000c3300000| 62%| O|  |TAMS 0x00000000c3200000, 0x00000000c3200000| Untracked 
|  51|0x00000000c3300000, 0x00000000c3400000, 0x00000000c3400000|100%| O|  |TAMS 0x00000000c3300000, 0x00000000c3300000| Untracked 
|  52|0x00000000c3400000, 0x00000000c349fa00, 0x00000000c3500000| 62%| O|  |TAMS 0x00000000c3400000, 0x00000000c3400000| Untracked 
|  53|0x00000000c3500000, 0x00000000c3500000, 0x00000000c3600000|  0%| F|  |TAMS 0x00000000c3500000, 0x00000000c3500000| Untracked 
|  54|0x00000000c3600000, 0x00000000c3700000, 0x00000000c3700000|100%| O|  |TAMS 0x00000000c3700000, 0x00000000c3600000| Untracked 
|  55|0x00000000c3700000, 0x00000000c3800000, 0x00000000c3800000|100%| O|  |TAMS 0x00000000c3800000, 0x00000000c3700000| Untracked 
|  56|0x00000000c3800000, 0x00000000c3900000, 0x00000000c3900000|100%| O|  |TAMS 0x00000000c3900000, 0x00000000c3800000| Untracked 
|  57|0x00000000c3900000, 0x00000000c3900000, 0x00000000c3a00000|  0%| F|  |TAMS 0x00000000c3900000, 0x00000000c3900000| Untracked 
|  58|0x00000000c3a00000, 0x00000000c3a00000, 0x00000000c3b00000|  0%| F|  |TAMS 0x00000000c3a00000, 0x00000000c3a00000| Untracked 
|  59|0x00000000c3b00000, 0x00000000c3c00000, 0x00000000c3c00000|100%| O|  |TAMS 0x00000000c3c00000, 0x00000000c3b00000| Untracked 
|  60|0x00000000c3c00000, 0x00000000c3c00000, 0x00000000c3d00000|  0%| F|  |TAMS 0x00000000c3c00000, 0x00000000c3c00000| Untracked 
|  61|0x00000000c3d00000, 0x00000000c3d00000, 0x00000000c3e00000|  0%| F|  |TAMS 0x00000000c3d00000, 0x00000000c3d00000| Untracked 
|  62|0x00000000c3e00000, 0x00000000c3ef18d0, 0x00000000c3f00000| 94%| O|  |TAMS 0x00000000c3e00000, 0x00000000c3e00000| Untracked 
|  63|0x00000000c3f00000, 0x00000000c3f00000, 0x00000000c4000000|  0%| F|  |TAMS 0x00000000c3f00000, 0x00000000c3f00000| Untracked 
|  64|0x00000000c4000000, 0x00000000c4000000, 0x00000000c4100000|  0%| F|  |TAMS 0x00000000c4000000, 0x00000000c4000000| Untracked 
|  65|0x00000000c4100000, 0x00000000c4100000, 0x00000000c4200000|  0%| F|  |TAMS 0x00000000c4100000, 0x00000000c4100000| Untracked 
|  66|0x00000000c4200000, 0x00000000c42003b0, 0x00000000c4300000|  0%| O|  |TAMS 0x00000000c4200000, 0x00000000c4200000| Untracked 
|  67|0x00000000c4300000, 0x00000000c4300000, 0x00000000c4400000|  0%| F|  |TAMS 0x00000000c4300000, 0x00000000c4300000| Untracked 
|  68|0x00000000c4400000, 0x00000000c4400000, 0x00000000c4500000|  0%| F|  |TAMS 0x00000000c4400000, 0x00000000c4400000| Untracked 
|  69|0x00000000c4500000, 0x00000000c4500000, 0x00000000c4600000|  0%| F|  |TAMS 0x00000000c4500000, 0x00000000c4500000| Untracked 
|  70|0x00000000c4600000, 0x00000000c4600000, 0x00000000c4700000|  0%| F|  |TAMS 0x00000000c4600000, 0x00000000c4600000| Untracked 
|  71|0x00000000c4700000, 0x00000000c4700000, 0x00000000c4800000|  0%| F|  |TAMS 0x00000000c4700000, 0x00000000c4700000| Untracked 
|  72|0x00000000c4800000, 0x00000000c4800000, 0x00000000c4900000|  0%| F|  |TAMS 0x00000000c4800000, 0x00000000c4800000| Untracked 
|  73|0x00000000c4900000, 0x00000000c4900000, 0x00000000c4a00000|  0%| F|  |TAMS 0x00000000c4900000, 0x00000000c4900000| Untracked 
|  74|0x00000000c4a00000, 0x00000000c4a00000, 0x00000000c4b00000|  0%| F|  |TAMS 0x00000000c4a00000, 0x00000000c4a00000| Untracked 
|  75|0x00000000c4b00000, 0x00000000c4b00000, 0x00000000c4c00000|  0%| F|  |TAMS 0x00000000c4b00000, 0x00000000c4b00000| Untracked 
|  76|0x00000000c4c00000, 0x00000000c4c00000, 0x00000000c4d00000|  0%| F|  |TAMS 0x00000000c4c00000, 0x00000000c4c00000| Untracked 
|  77|0x00000000c4d00000, 0x00000000c4d00000, 0x00000000c4e00000|  0%| F|  |TAMS 0x00000000c4d00000, 0x00000000c4d00000| Untracked 
|  78|0x00000000c4e00000, 0x00000000c4e00000, 0x00000000c4f00000|  0%| F|  |TAMS 0x00000000c4e00000, 0x00000000c4e00000| Untracked 
|  79|0x00000000c4f00000, 0x00000000c4f00000, 0x00000000c5000000|  0%| F|  |TAMS 0x00000000c4f00000, 0x00000000c4f00000| Untracked 
|  80|0x00000000c5000000, 0x00000000c5000000, 0x00000000c5100000|  0%| F|  |TAMS 0x00000000c5000000, 0x00000000c5000000| Untracked 
|  81|0x00000000c5100000, 0x00000000c5162c68, 0x00000000c5200000| 38%| S|CS|TAMS 0x00000000c5100000, 0x00000000c5100000| Complete 
|  82|0x00000000c5200000, 0x00000000c5200000, 0x00000000c5300000|  0%| F|  |TAMS 0x00000000c5200000, 0x00000000c5200000| Untracked 
|  83|0x00000000c5300000, 0x00000000c5300000, 0x00000000c5400000|  0%| F|  |TAMS 0x00000000c5300000, 0x00000000c5300000| Untracked 
|  84|0x00000000c5400000, 0x00000000c5400000, 0x00000000c5500000|  0%| F|  |TAMS 0x00000000c5400000, 0x00000000c5400000| Untracked 
|  85|0x00000000c5500000, 0x00000000c5500000, 0x00000000c5600000|  0%| F|  |TAMS 0x00000000c5500000, 0x00000000c5500000| Untracked 
|  86|0x00000000c5600000, 0x00000000c5600000, 0x00000000c5700000|  0%| F|  |TAMS 0x00000000c5600000, 0x00000000c5600000| Untracked 
|  87|0x00000000c5700000, 0x00000000c5700000, 0x00000000c5800000|  0%| F|  |TAMS 0x00000000c5700000, 0x00000000c5700000| Untracked 
|  88|0x00000000c5800000, 0x00000000c5800000, 0x00000000c5900000|  0%| F|  |TAMS 0x00000000c5800000, 0x00000000c5800000| Untracked 
|  89|0x00000000c5900000, 0x00000000c5900000, 0x00000000c5a00000|  0%| F|  |TAMS 0x00000000c5900000, 0x00000000c5900000| Untracked 
|  90|0x00000000c5a00000, 0x00000000c5a00000, 0x00000000c5b00000|  0%| F|  |TAMS 0x00000000c5a00000, 0x00000000c5a00000| Untracked 
|  91|0x00000000c5b00000, 0x00000000c5c00000, 0x00000000c5c00000|100%| S|CS|TAMS 0x00000000c5b00000, 0x00000000c5b00000| Complete 
|  92|0x00000000c5c00000, 0x00000000c5d00000, 0x00000000c5d00000|100%| S|CS|TAMS 0x00000000c5c00000, 0x00000000c5c00000| Complete 
|  93|0x00000000c5d00000, 0x00000000c5e00000, 0x00000000c5e00000|100%| S|CS|TAMS 0x00000000c5d00000, 0x00000000c5d00000| Complete 
|  94|0x00000000c5e00000, 0x00000000c5f00000, 0x00000000c5f00000|100%| S|CS|TAMS 0x00000000c5e00000, 0x00000000c5e00000| Complete 
|  95|0x00000000c5f00000, 0x00000000c6000000, 0x00000000c6000000|100%| S|CS|TAMS 0x00000000c5f00000, 0x00000000c5f00000| Complete 
|  96|0x00000000c6000000, 0x00000000c6000000, 0x00000000c6100000|  0%| F|  |TAMS 0x00000000c6000000, 0x00000000c6000000| Untracked 
|  97|0x00000000c6100000, 0x00000000c6100000, 0x00000000c6200000|  0%| F|  |TAMS 0x00000000c6100000, 0x00000000c6100000| Untracked 
|  98|0x00000000c6200000, 0x00000000c6200000, 0x00000000c6300000|  0%| F|  |TAMS 0x00000000c6200000, 0x00000000c6200000| Untracked 
|  99|0x00000000c6300000, 0x00000000c6300000, 0x00000000c6400000|  0%| F|  |TAMS 0x00000000c6300000, 0x00000000c6300000| Untracked 
| 100|0x00000000c6400000, 0x00000000c6400000, 0x00000000c6500000|  0%| F|  |TAMS 0x00000000c6400000, 0x00000000c6400000| Untracked 
| 101|0x00000000c6500000, 0x00000000c6500000, 0x00000000c6600000|  0%| F|  |TAMS 0x00000000c6500000, 0x00000000c6500000| Untracked 
| 102|0x00000000c6600000, 0x00000000c6600000, 0x00000000c6700000|  0%| F|  |TAMS 0x00000000c6600000, 0x00000000c6600000| Untracked 
| 103|0x00000000c6700000, 0x00000000c6700000, 0x00000000c6800000|  0%| F|  |TAMS 0x00000000c6700000, 0x00000000c6700000| Untracked 
| 104|0x00000000c6800000, 0x00000000c6800000, 0x00000000c6900000|  0%| F|  |TAMS 0x00000000c6800000, 0x00000000c6800000| Untracked 
| 105|0x00000000c6900000, 0x00000000c6900000, 0x00000000c6a00000|  0%| F|  |TAMS 0x00000000c6900000, 0x00000000c6900000| Untracked 
| 106|0x00000000c6a00000, 0x00000000c6a00000, 0x00000000c6b00000|  0%| F|  |TAMS 0x00000000c6a00000, 0x00000000c6a00000| Untracked 
| 107|0x00000000c6b00000, 0x00000000c6b00000, 0x00000000c6c00000|  0%| F|  |TAMS 0x00000000c6b00000, 0x00000000c6b00000| Untracked 
| 108|0x00000000c6c00000, 0x00000000c6c00000, 0x00000000c6d00000|  0%| F|  |TAMS 0x00000000c6c00000, 0x00000000c6c00000| Untracked 
| 109|0x00000000c6d00000, 0x00000000c6d00000, 0x00000000c6e00000|  0%| F|  |TAMS 0x00000000c6d00000, 0x00000000c6d00000| Untracked 
| 110|0x00000000c6e00000, 0x00000000c6e00000, 0x00000000c6f00000|  0%| F|  |TAMS 0x00000000c6e00000, 0x00000000c6e00000| Untracked 
| 111|0x00000000c6f00000, 0x00000000c6f00000, 0x00000000c7000000|  0%| F|  |TAMS 0x00000000c6f00000, 0x00000000c6f00000| Untracked 
| 112|0x00000000c7000000, 0x00000000c7000000, 0x00000000c7100000|  0%| F|  |TAMS 0x00000000c7000000, 0x00000000c7000000| Untracked 
| 113|0x00000000c7100000, 0x00000000c7100000, 0x00000000c7200000|  0%| F|  |TAMS 0x00000000c7100000, 0x00000000c7100000| Untracked 
| 114|0x00000000c7200000, 0x00000000c7200000, 0x00000000c7300000|  0%| F|  |TAMS 0x00000000c7200000, 0x00000000c7200000| Untracked 
| 115|0x00000000c7300000, 0x00000000c7300000, 0x00000000c7400000|  0%| F|  |TAMS 0x00000000c7300000, 0x00000000c7300000| Untracked 
| 116|0x00000000c7400000, 0x00000000c7400000, 0x00000000c7500000|  0%| F|  |TAMS 0x00000000c7400000, 0x00000000c7400000| Untracked 
| 117|0x00000000c7500000, 0x00000000c7500000, 0x00000000c7600000|  0%| F|  |TAMS 0x00000000c7500000, 0x00000000c7500000| Untracked 
| 118|0x00000000c7600000, 0x00000000c7600000, 0x00000000c7700000|  0%| F|  |TAMS 0x00000000c7600000, 0x00000000c7600000| Untracked 
| 119|0x00000000c7700000, 0x00000000c7700000, 0x00000000c7800000|  0%| F|  |TAMS 0x00000000c7700000, 0x00000000c7700000| Untracked 
| 120|0x00000000c7800000, 0x00000000c7800000, 0x00000000c7900000|  0%| F|  |TAMS 0x00000000c7800000, 0x00000000c7800000| Untracked 
| 121|0x00000000c7900000, 0x00000000c7900000, 0x00000000c7a00000|  0%| F|  |TAMS 0x00000000c7900000, 0x00000000c7900000| Untracked 
| 122|0x00000000c7a00000, 0x00000000c7a00000, 0x00000000c7b00000|  0%| F|  |TAMS 0x00000000c7a00000, 0x00000000c7a00000| Untracked 
| 123|0x00000000c7b00000, 0x00000000c7b04ac8, 0x00000000c7c00000|  1%| O|  |TAMS 0x00000000c7b00000, 0x00000000c7b00000| Untracked 
| 124|0x00000000c7c00000, 0x00000000c7c00000, 0x00000000c7d00000|  0%| F|  |TAMS 0x00000000c7c00000, 0x00000000c7c00000| Untracked 
| 125|0x00000000c7d00000, 0x00000000c7d00000, 0x00000000c7e00000|  0%| F|  |TAMS 0x00000000c7d00000, 0x00000000c7d00000| Untracked 
| 126|0x00000000c7e00000, 0x00000000c7e00000, 0x00000000c7f00000|  0%| F|  |TAMS 0x00000000c7e00000, 0x00000000c7e00000| Untracked 
| 127|0x00000000c7f00000, 0x00000000c7f00000, 0x00000000c8000000|  0%| F|  |TAMS 0x00000000c7f00000, 0x00000000c7f00000| Untracked 
| 128|0x00000000c8000000, 0x00000000c8000000, 0x00000000c8100000|  0%| F|  |TAMS 0x00000000c8000000, 0x00000000c8000000| Untracked 
| 129|0x00000000c8100000, 0x00000000c8100000, 0x00000000c8200000|  0%| F|  |TAMS 0x00000000c8100000, 0x00000000c8100000| Untracked 
| 130|0x00000000c8200000, 0x00000000c8200000, 0x00000000c8300000|  0%| F|  |TAMS 0x00000000c8200000, 0x00000000c8200000| Untracked 
| 131|0x00000000c8300000, 0x00000000c8300000, 0x00000000c8400000|  0%| F|  |TAMS 0x00000000c8300000, 0x00000000c8300000| Untracked 
| 132|0x00000000c8400000, 0x00000000c8400000, 0x00000000c8500000|  0%| F|  |TAMS 0x00000000c8400000, 0x00000000c8400000| Untracked 
| 133|0x00000000c8500000, 0x00000000c8500000, 0x00000000c8600000|  0%| F|  |TAMS 0x00000000c8500000, 0x00000000c8500000| Untracked 
| 134|0x00000000c8600000, 0x00000000c8600000, 0x00000000c8700000|  0%| F|  |TAMS 0x00000000c8600000, 0x00000000c8600000| Untracked 
| 135|0x00000000c8700000, 0x00000000c8700000, 0x00000000c8800000|  0%| F|  |TAMS 0x00000000c8700000, 0x00000000c8700000| Untracked 
| 136|0x00000000c8800000, 0x00000000c8800000, 0x00000000c8900000|  0%| F|  |TAMS 0x00000000c8800000, 0x00000000c8800000| Untracked 
| 137|0x00000000c8900000, 0x00000000c8900000, 0x00000000c8a00000|  0%| F|  |TAMS 0x00000000c8900000, 0x00000000c8900000| Untracked 
| 138|0x00000000c8a00000, 0x00000000c8a00000, 0x00000000c8b00000|  0%| F|  |TAMS 0x00000000c8a00000, 0x00000000c8a00000| Untracked 
| 139|0x00000000c8b00000, 0x00000000c8b00000, 0x00000000c8c00000|  0%| F|  |TAMS 0x00000000c8b00000, 0x00000000c8b00000| Untracked 
| 140|0x00000000c8c00000, 0x00000000c8c00000, 0x00000000c8d00000|  0%| F|  |TAMS 0x00000000c8c00000, 0x00000000c8c00000| Untracked 
| 141|0x00000000c8d00000, 0x00000000c8d00000, 0x00000000c8e00000|  0%| F|  |TAMS 0x00000000c8d00000, 0x00000000c8d00000| Untracked 
| 142|0x00000000c8e00000, 0x00000000c8e00000, 0x00000000c8f00000|  0%| F|  |TAMS 0x00000000c8e00000, 0x00000000c8e00000| Untracked 
| 143|0x00000000c8f00000, 0x00000000c8f00000, 0x00000000c9000000|  0%| F|  |TAMS 0x00000000c8f00000, 0x00000000c8f00000| Untracked 
| 144|0x00000000c9000000, 0x00000000c9000000, 0x00000000c9100000|  0%| F|  |TAMS 0x00000000c9000000, 0x00000000c9000000| Untracked 
| 145|0x00000000c9100000, 0x00000000c9100000, 0x00000000c9200000|  0%| F|  |TAMS 0x00000000c9100000, 0x00000000c9100000| Untracked 
| 146|0x00000000c9200000, 0x00000000c9200000, 0x00000000c9300000|  0%| F|  |TAMS 0x00000000c9200000, 0x00000000c9200000| Untracked 
| 147|0x00000000c9300000, 0x00000000c9300000, 0x00000000c9400000|  0%| F|  |TAMS 0x00000000c9300000, 0x00000000c9300000| Untracked 
| 148|0x00000000c9400000, 0x00000000c9400000, 0x00000000c9500000|  0%| F|  |TAMS 0x00000000c9400000, 0x00000000c9400000| Untracked 
| 149|0x00000000c9500000, 0x00000000c9500000, 0x00000000c9600000|  0%| F|  |TAMS 0x00000000c9500000, 0x00000000c9500000| Untracked 
| 150|0x00000000c9600000, 0x00000000c9600000, 0x00000000c9700000|  0%| F|  |TAMS 0x00000000c9600000, 0x00000000c9600000| Untracked 
| 151|0x00000000c9700000, 0x00000000c9700000, 0x00000000c9800000|  0%| F|  |TAMS 0x00000000c9700000, 0x00000000c9700000| Untracked 
| 152|0x00000000c9800000, 0x00000000c9800000, 0x00000000c9900000|  0%| F|  |TAMS 0x00000000c9800000, 0x00000000c9800000| Untracked 
| 153|0x00000000c9900000, 0x00000000c9900000, 0x00000000c9a00000|  0%| F|  |TAMS 0x00000000c9900000, 0x00000000c9900000| Untracked 
| 154|0x00000000c9a00000, 0x00000000c9a00000, 0x00000000c9b00000|  0%| F|  |TAMS 0x00000000c9a00000, 0x00000000c9a00000| Untracked 
| 155|0x00000000c9b00000, 0x00000000c9b00000, 0x00000000c9c00000|  0%| F|  |TAMS 0x00000000c9b00000, 0x00000000c9b00000| Untracked 
| 156|0x00000000c9c00000, 0x00000000c9d00000, 0x00000000c9d00000|100%| O|  |TAMS 0x00000000c9d00000, 0x00000000c9c00000| Untracked 
| 157|0x00000000c9d00000, 0x00000000c9e00000, 0x00000000c9e00000|100%| O|  |TAMS 0x00000000c9e00000, 0x00000000c9d00000| Untracked 
| 158|0x00000000c9e00000, 0x00000000c9f00000, 0x00000000c9f00000|100%| O|  |TAMS 0x00000000c9f00000, 0x00000000c9e00000| Untracked 
| 159|0x00000000c9f00000, 0x00000000ca000000, 0x00000000ca000000|100%| O|  |TAMS 0x00000000ca000000, 0x00000000c9f00000| Untracked 
| 160|0x00000000ca000000, 0x00000000ca000000, 0x00000000ca100000|  0%| F|  |TAMS 0x00000000ca000000, 0x00000000ca000000| Untracked 
| 161|0x00000000ca100000, 0x00000000ca100000, 0x00000000ca200000|  0%| F|  |TAMS 0x00000000ca100000, 0x00000000ca100000| Untracked 
| 162|0x00000000ca200000, 0x00000000ca200000, 0x00000000ca300000|  0%| F|  |TAMS 0x00000000ca200000, 0x00000000ca200000| Untracked 
| 163|0x00000000ca300000, 0x00000000ca300000, 0x00000000ca400000|  0%| F|  |TAMS 0x00000000ca300000, 0x00000000ca300000| Untracked 
| 164|0x00000000ca400000, 0x00000000ca400000, 0x00000000ca500000|  0%| F|  |TAMS 0x00000000ca400000, 0x00000000ca400000| Untracked 
| 165|0x00000000ca500000, 0x00000000ca500000, 0x00000000ca600000|  0%| F|  |TAMS 0x00000000ca500000, 0x00000000ca500000| Untracked 
| 166|0x00000000ca600000, 0x00000000ca600000, 0x00000000ca700000|  0%| F|  |TAMS 0x00000000ca600000, 0x00000000ca600000| Untracked 
| 167|0x00000000ca700000, 0x00000000ca700000, 0x00000000ca800000|  0%| F|  |TAMS 0x00000000ca700000, 0x00000000ca700000| Untracked 
| 168|0x00000000ca800000, 0x00000000ca800000, 0x00000000ca900000|  0%| F|  |TAMS 0x00000000ca800000, 0x00000000ca800000| Untracked 
| 169|0x00000000ca900000, 0x00000000ca900000, 0x00000000caa00000|  0%| F|  |TAMS 0x00000000ca900000, 0x00000000ca900000| Untracked 
| 170|0x00000000caa00000, 0x00000000caa00000, 0x00000000cab00000|  0%| F|  |TAMS 0x00000000caa00000, 0x00000000caa00000| Untracked 
| 171|0x00000000cab00000, 0x00000000cab00000, 0x00000000cac00000|  0%| F|  |TAMS 0x00000000cab00000, 0x00000000cab00000| Untracked 
| 172|0x00000000cac00000, 0x00000000cac00000, 0x00000000cad00000|  0%| F|  |TAMS 0x00000000cac00000, 0x00000000cac00000| Untracked 
| 173|0x00000000cad00000, 0x00000000cad00000, 0x00000000cae00000|  0%| F|  |TAMS 0x00000000cad00000, 0x00000000cad00000| Untracked 
| 174|0x00000000cae00000, 0x00000000cae00000, 0x00000000caf00000|  0%| F|  |TAMS 0x00000000cae00000, 0x00000000cae00000| Untracked 
| 175|0x00000000caf00000, 0x00000000caf00000, 0x00000000cb000000|  0%| F|  |TAMS 0x00000000caf00000, 0x00000000caf00000| Untracked 
| 176|0x00000000cb000000, 0x00000000cb000000, 0x00000000cb100000|  0%| F|  |TAMS 0x00000000cb000000, 0x00000000cb000000| Untracked 
| 177|0x00000000cb100000, 0x00000000cb100000, 0x00000000cb200000|  0%| F|  |TAMS 0x00000000cb100000, 0x00000000cb100000| Untracked 
| 178|0x00000000cb200000, 0x00000000cb200000, 0x00000000cb300000|  0%| F|  |TAMS 0x00000000cb200000, 0x00000000cb200000| Untracked 
| 179|0x00000000cb300000, 0x00000000cb300000, 0x00000000cb400000|  0%| F|  |TAMS 0x00000000cb300000, 0x00000000cb300000| Untracked 
| 180|0x00000000cb400000, 0x00000000cb400000, 0x00000000cb500000|  0%| F|  |TAMS 0x00000000cb400000, 0x00000000cb400000| Untracked 
| 181|0x00000000cb500000, 0x00000000cb500000, 0x00000000cb600000|  0%| F|  |TAMS 0x00000000cb500000, 0x00000000cb500000| Untracked 
| 182|0x00000000cb600000, 0x00000000cb600000, 0x00000000cb700000|  0%| F|  |TAMS 0x00000000cb600000, 0x00000000cb600000| Untracked 
| 183|0x00000000cb700000, 0x00000000cb700000, 0x00000000cb800000|  0%| F|  |TAMS 0x00000000cb700000, 0x00000000cb700000| Untracked 
| 184|0x00000000cb800000, 0x00000000cb800000, 0x00000000cb900000|  0%| F|  |TAMS 0x00000000cb800000, 0x00000000cb800000| Untracked 
| 185|0x00000000cb900000, 0x00000000cb900000, 0x00000000cba00000|  0%| F|  |TAMS 0x00000000cb900000, 0x00000000cb900000| Untracked 
| 186|0x00000000cba00000, 0x00000000cba00000, 0x00000000cbb00000|  0%| F|  |TAMS 0x00000000cba00000, 0x00000000cba00000| Untracked 
| 187|0x00000000cbb00000, 0x00000000cbb00000, 0x00000000cbc00000|  0%| F|  |TAMS 0x00000000cbb00000, 0x00000000cbb00000| Untracked 
| 188|0x00000000cbc00000, 0x00000000cbc00000, 0x00000000cbd00000|  0%| F|  |TAMS 0x00000000cbc00000, 0x00000000cbc00000| Untracked 
| 189|0x00000000cbd00000, 0x00000000cbd00000, 0x00000000cbe00000|  0%| F|  |TAMS 0x00000000cbd00000, 0x00000000cbd00000| Untracked 
| 190|0x00000000cbe00000, 0x00000000cbe00000, 0x00000000cbf00000|  0%| F|  |TAMS 0x00000000cbe00000, 0x00000000cbe00000| Untracked 
| 191|0x00000000cbf00000, 0x00000000cbf00000, 0x00000000cc000000|  0%| F|  |TAMS 0x00000000cbf00000, 0x00000000cbf00000| Untracked 
| 192|0x00000000cc000000, 0x00000000cc000000, 0x00000000cc100000|  0%| F|  |TAMS 0x00000000cc000000, 0x00000000cc000000| Untracked 
| 193|0x00000000cc100000, 0x00000000cc100000, 0x00000000cc200000|  0%| F|  |TAMS 0x00000000cc100000, 0x00000000cc100000| Untracked 
| 194|0x00000000cc200000, 0x00000000cc200000, 0x00000000cc300000|  0%| F|  |TAMS 0x00000000cc200000, 0x00000000cc200000| Untracked 
| 195|0x00000000cc300000, 0x00000000cc300000, 0x00000000cc400000|  0%| F|  |TAMS 0x00000000cc300000, 0x00000000cc300000| Untracked 
| 196|0x00000000cc400000, 0x00000000cc400000, 0x00000000cc500000|  0%| F|  |TAMS 0x00000000cc400000, 0x00000000cc400000| Untracked 

Card table byte_map: [0x00000298c8710000,0x00000298c8910000] _byte_map_base: 0x00000298c8110000

Marking Bits (Prev, Next): (CMBitMap*) 0x00000298ad51cdd0, (CMBitMap*) 0x00000298ad51cd90
 Prev Bits: [0x00000298c9b10000, 0x00000298cab10000)
 Next Bits: [0x00000298c8b10000, 0x00000298c9b10000)

Polling page: 0x00000298ae690000

Metaspace:

Usage:
  Non-class:      8.35 MB used.
      Class:      1.41 MB used.
       Both:      9.77 MB used.

Virtual space:
  Non-class space:       64.00 MB reserved,       8.44 MB ( 13%) committed,  1 nodes.
      Class space:        1.00 GB reserved,       1.50 MB ( <1%) committed,  1 nodes.
             Both:        1.06 GB reserved,       9.94 MB ( <1%) committed. 

Chunk freelists:
   Non-Class:  6.34 MB
       Class:  14.52 MB
        Both:  20.86 MB

MaxMetaspaceSize: unlimited
CompressedClassSpaceSize: 1.00 GB
Initial GC threshold: 21.00 MB
Current GC threshold: 21.00 MB
CDS: on
MetaspaceReclaimPolicy: balanced
 - commit_granule_bytes: 65536.
 - commit_granule_words: 8192.
 - virtual_space_node_default_size: 8388608.
 - enlarge_chunks_in_place: 1.
 - new_chunks_are_fully_committed: 0.
 - uncommit_free_chunks: 1.
 - use_allocation_guard: 0.
 - handle_deallocations: 1.


Internal statistics:

num_allocs_failed_limit: 0.
num_arena_births: 104.
num_arena_deaths: 6.
num_vsnodes_births: 2.
num_vsnodes_deaths: 0.
num_space_committed: 159.
num_space_uncommitted: 0.
num_chunks_returned_to_freelist: 7.
num_chunks_taken_from_freelist: 382.
num_chunk_merges: 3.
num_chunk_splits: 288.
num_chunks_enlarged: 241.
num_inconsistent_stats: 0.

CodeHeap 'non-profiled nmethods': size=119168Kb used=3059Kb max_used=3059Kb free=116108Kb
 bounds [0x00000298c00e0000, 0x00000298c03e0000, 0x00000298c7540000]
CodeHeap 'profiled nmethods': size=119104Kb used=5893Kb max_used=5893Kb free=113210Kb
 bounds [0x00000298b8540000, 0x00000298b8b10000, 0x00000298bf990000]
CodeHeap 'non-nmethods': size=7488Kb used=1151Kb max_used=2879Kb free=6336Kb
 bounds [0x00000298bf990000, 0x00000298bfce0000, 0x00000298c00e0000]
 total_blobs=4159 nmethods=3723 adapters=348
 compilation: enabled
              stopped_count=0, restarted_count=0
 full_count=0

Compilation events (20 events):
Event: 3640.357 Thread 0x00000298af5cfd90 nmethod 3716 0x00000298b8b01090 code [0x00000298b8b01220, 0x00000298b8b01398]
Event: 3640.380 Thread 0x00000298af5cc320 nmethod 3713 0x00000298c03d2e90 code [0x00000298c03d3140, 0x00000298c03d4d50]
Event: 3640.380 Thread 0x00000298af5cc320 3717       4       java.lang.Integer::hashCode (2 bytes)
Event: 3640.381 Thread 0x00000298af5cc320 nmethod 3717 0x00000298c03d6c90 code [0x00000298c03d6e00, 0x00000298c03d6e58]
Event: 3640.381 Thread 0x00000298af5cc320 3714       4       scala.util.hashing.package$::byteswap32 (11 bytes)
Event: 3640.381 Thread 0x00000298af5cc320 nmethod 3714 0x00000298c03d6f90 code [0x00000298c03d7100, 0x00000298c03d7198]
Event: 3640.381 Thread 0x00000298af5cc320 3715       4       java.lang.Integer::rotateRight (9 bytes)
Event: 3640.381 Thread 0x00000298af5cc320 nmethod 3715 0x00000298c03d7290 code [0x00000298c03d7400, 0x00000298c03d7458]
Event: 3640.381 Thread 0x00000298af5cc320 3718       4       scala.collection.mutable.HashTable$HashUtils::improve (12 bytes)
Event: 3640.381 Thread 0x00000298af5cc320 nmethod 3718 0x00000298c03d7590 code [0x00000298c03d7700, 0x00000298c03d77b8]
Event: 4029.842 Thread 0x00000298af5cc320 3719       4       org.openkoreantext.processor.tokenizer.KoreanChunker$::splitBySpaceKeepingSpace (161 bytes)
Event: 4029.871 Thread 0x00000298af5cc320 nmethod 3719 0x00000298c03d7890 code [0x00000298c03d7b00, 0x00000298c03d8af0]
Event: 4165.956 Thread 0x00000298af5cc320 3720       4       java.util.TimSort::mergeCollapse (134 bytes)
Event: 4165.963 Thread 0x00000298af5cc320 nmethod 3720 0x00000298c03d9410 code [0x00000298c03d95a0, 0x00000298c03d9728]
Event: 4166.085 Thread 0x00000298af5cc320 3721       4       java.util.TimSort::mergeLo (659 bytes)
Event: 4166.106 Thread 0x00000298af5cc320 nmethod 3721 0x00000298c03d9890 code [0x00000298c03d9a40, 0x00000298c03da728]
Event: 4401.019 Thread 0x00000298af5cc320 3724       4       java.util.TimSort::gallopRight (335 bytes)
Event: 4401.028 Thread 0x00000298af5cc320 nmethod 3724 0x00000298c03db610 code [0x00000298c03db7c0, 0x00000298c03dbb48]
Event: 4401.028 Thread 0x00000298af5cc320 3725       4       java.util.TimSort::gallopLeft (335 bytes)
Event: 4401.031 Thread 0x00000298af5cc320 nmethod 3725 0x00000298c03dbf90 code [0x00000298c03dc140, 0x00000298c03dc4c8]

GC Heap History (20 events):
Event: 4400.852 GC heap after
{Heap after GC invocations=144 (full 36):
 garbage-first heap   total 397312K, used 56174K [0x00000000c0000000, 0x0000000100000000)
  region size 1024K, 4 young (4096K), 4 survivors (4096K)
 Metaspace       used 10000K, committed 10176K, reserved 1114112K
  class space    used 1445K, committed 1536K, reserved 1048576K
}
Event: 4400.899 GC heap before
{Heap before GC invocations=144 (full 36):
 garbage-first heap   total 397312K, used 114542K [0x00000000c0000000, 0x0000000100000000)
  region size 1024K, 62 young (63488K), 4 survivors (4096K)
 Metaspace       used 10000K, committed 10176K, reserved 1114112K
  class space    used 1445K, committed 1536K, reserved 1048576K
}
Event: 4400.939 GC heap after
{Heap after GC invocations=145 (full 37):
 garbage-first heap   total 194560K, used 54842K [0x00000000c0000000, 0x0000000100000000)
  region size 1024K, 0 young (0K), 0 survivors (0K)
 Metaspace       used 10000K, committed 10176K, reserved 1114112K
  class space    used 1445K, committed 1536K, reserved 1048576K
}
Event: 4401.012 GC heap before
{Heap before GC invocations=145 (full 37):
 garbage-first heap   total 194560K, used 168506K [0x00000000c0000000, 0x0000000100000000)
  region size 1024K, 111 young (113664K), 0 survivors (0K)
 Metaspace       used 10000K, committed 10176K, reserved 1114112K
  class space    used 1445K, committed 1536K, reserved 1048576K
}
Event: 4401.015 GC heap after
{Heap after GC invocations=146 (full 37):
 garbage-first heap   total 194560K, used 55558K [0x00000000c0000000, 0x0000000100000000)
  region size 1024K, 1 young (1024K), 1 survivors (1024K)
 Metaspace       used 10000K, committed 10176K, reserved 1114112K
  class space    used 1445K, committed 1536K, reserved 1048576K
}
Event: 4401.093 GC heap before
{Heap before GC invocations=146 (full 37):
 garbage-first heap   total 194560K, used 168198K [0x00000000c0000000, 0x0000000100000000)
  region size 1024K, 111 young (113664K), 1 survivors (1024K)
 Metaspace       used 10000K, committed 10176K, reserved 1114112K
  class space    used 1445K, committed 1536K, reserved 1048576K
}
Event: 4401.099 GC heap after
{Heap after GC invocations=147 (full 37):
 garbage-first heap   total 194560K, used 56029K [0x00000000c0000000, 0x0000000100000000)
  region size 1024K, 2 young (2048K), 2 survivors (2048K)
 Metaspace       used 10000K, committed 10176K, reserved 1114112K
  class space    used 1445K, committed 1536K, reserved 1048576K
}
Event: 4401.187 GC heap before
{Heap before GC invocations=147 (full 37):
 garbage-first heap   total 194560K, used 167645K [0x00000000c0000000, 0x0000000100000000)
  region size 1024K, 111 young (113664K), 2 survivors (2048K)
 Metaspace       used 10000K, committed 10176K, reserved 1114112K
  class space    used 1445K, committed 1536K, reserved 1048576K
}
Event: 4401.194 GC heap after
{Heap after GC invocations=148 (full 37):
 garbage-first heap   total 402432K, used 56593K [0x00000000c0000000, 0x0000000100000000)
  region size 1024K, 2 young (2048K), 2 survivors (2048K)
 Metaspace       used 10000K, committed 10176K, reserved 1114112K
  class space    used 1445K, committed 1536K, reserved 1048576K
}
Event: 4401.447 GC heap before
{Heap before GC invocations=148 (full 37):
 garbage-first heap   total 402432K, used 295185K [0x00000000c0000000, 0x0000000100000000)
  region size 1024K, 235 young (240640K), 2 survivors (2048K)
 Metaspace       used 10000K, committed 10176K, reserved 1114112K
  class space    used 1445K, committed 1536K, reserved 1048576K
}
Event: 4401.455 GC heap after
{Heap after GC invocations=149 (full 37):
 garbage-first heap   total 402432K, used 57948K [0x00000000c0000000, 0x0000000100000000)
  region size 1024K, 4 young (4096K), 4 survivors (4096K)
 Metaspace       used 10000K, committed 10176K, reserved 1114112K
  class space    used 1445K, committed 1536K, reserved 1048576K
}
Event: 4401.500 GC heap before
{Heap before GC invocations=149 (full 37):
 garbage-first heap   total 402432K, used 114268K [0x00000000c0000000, 0x0000000100000000)
  region size 1024K, 60 young (61440K), 4 survivors (4096K)
 Metaspace       used 10000K, committed 10176K, reserved 1114112K
  class space    used 1445K, committed 1536K, reserved 1048576K
}
Event: 4401.543 GC heap after
{Heap after GC invocations=150 (full 38):
 garbage-first heap   total 201728K, used 56677K [0x00000000c0000000, 0x0000000100000000)
  region size 1024K, 0 young (0K), 0 survivors (0K)
 Metaspace       used 10000K, committed 10176K, reserved 1114112K
  class space    used 1445K, committed 1536K, reserved 1048576K
}
Event: 4401.622 GC heap before
{Heap before GC invocations=150 (full 38):
 garbage-first heap   total 201728K, used 174437K [0x00000000c0000000, 0x0000000100000000)
  region size 1024K, 115 young (117760K), 0 survivors (0K)
 Metaspace       used 10000K, committed 10176K, reserved 1114112K
  class space    used 1445K, committed 1536K, reserved 1048576K
}
Event: 4401.634 GC heap after
{Heap after GC invocations=151 (full 38):
 garbage-first heap   total 201728K, used 57548K [0x00000000c0000000, 0x0000000100000000)
  region size 1024K, 1 young (1024K), 1 survivors (1024K)
 Metaspace       used 10000K, committed 10176K, reserved 1114112K
  class space    used 1445K, committed 1536K, reserved 1048576K
}
Event: 11910.197 GC heap before
{Heap before GC invocations=151 (full 38):
 garbage-first heap   total 201728K, used 175308K [0x00000000c0000000, 0x0000000100000000)
  region size 1024K, 116 young (118784K), 1 survivors (1024K)
 Metaspace       used 10000K, committed 10176K, reserved 1114112K
  class space    used 1445K, committed 1536K, reserved 1048576K
}
Event: 11910.474 GC heap after
{Heap after GC invocations=152 (full 38):
 garbage-first heap   total 201728K, used 64441K [0x00000000c0000000, 0x0000000100000000)
  region size 1024K, 8 young (8192K), 8 survivors (8192K)
 Metaspace       used 10000K, committed 10176K, reserved 1114112K
  class space    used 1445K, committed 1536K, reserved 1048576K
}
Event: 11911.119 GC heap before
{Heap before GC invocations=152 (full 38):
 garbage-first heap   total 201728K, used 167865K [0x00000000c0000000, 0x0000000100000000)
  region size 1024K, 109 young (111616K), 8 survivors (8192K)
 Metaspace       used 10000K, committed 10176K, reserved 1114112K
  class space    used 1445K, committed 1536K, reserved 1048576K
}
Event: 11911.148 GC heap after
{Heap after GC invocations=153 (full 38):
 garbage-first heap   total 201728K, used 66560K [0x00000000c0000000, 0x0000000100000000)
  region size 1024K, 9 young (9216K), 9 survivors (9216K)
 Metaspace       used 10000K, committed 10176K, reserved 1114112K
  class space    used 1445K, committed 1536K, reserved 1048576K
}
Event: 11911.240 GC heap before
{Heap before GC invocations=153 (full 38):
 garbage-first heap   total 201728K, used 164864K [0x00000000c0000000, 0x0000000100000000)
  region size 1024K, 105 young (107520K), 9 survivors (9216K)
 Metaspace       used 10000K, committed 10176K, reserved 1114112K
  class space    used 1445K, committed 1536K, reserved 1048576K
}

Dll operation events (8 events):
Event: 0.007 Loaded shared library C:\Users\hydrl\.jdks\temurin-17.0.13\bin\java.dll
Event: 0.031 Loaded shared library C:\Users\hydrl\.jdks\temurin-17.0.13\bin\jsvml.dll
Event: 0.072 Loaded shared library C:\Users\hydrl\.jdks\temurin-17.0.13\bin\net.dll
Event: 0.074 Loaded shared library C:\Users\hydrl\.jdks\temurin-17.0.13\bin\nio.dll
Event: 0.091 Loaded shared library C:\Users\hydrl\.jdks\temurin-17.0.13\bin\zip.dll
Event: 0.895 Loaded shared library D:\kdt\anaconda3\envs\fastapi\Lib\site-packages\_jpype.cp312-win_amd64.pyd
Event: 0.922 Loaded shared library C:\Users\hydrl\.jdks\temurin-17.0.13\bin\jimage.dll
Event: 31.308 Loaded shared library C:\Users\hydrl\.jdks\temurin-17.0.13\bin\verify.dll

Deoptimization events (20 events):
Event: 40.569 Thread 0x00000298ad60b010 Uncommon trap: trap_request=0xffffff45 fr.pc=0x00000298c038f4e4 relative=0x00000000000002c4
Event: 40.569 Thread 0x00000298ad60b010 Uncommon trap: reason=unstable_if action=reinterpret pc=0x00000298c038f4e4 method=java.util.HashMap$HashIterator.<init>(Ljava/util/HashMap;)V @ 75 c2
Event: 40.569 Thread 0x00000298ad60b010 DEOPT PACKING pc=0x00000298c038f4e4 sp=0x000000e5219ebed0
Event: 40.569 Thread 0x00000298ad60b010 DEOPT UNPACKING pc=0x00000298bf9e69a3 sp=0x000000e5219ebe88 mode 2
Event: 725.406 Thread 0x00000298ad60b010 Uncommon trap: trap_request=0xffffff76 fr.pc=0x00000298c02e5208 relative=0x00000000000001c8
Event: 725.407 Thread 0x00000298ad60b010 Uncommon trap: reason=predicate action=maybe_recompile pc=0x00000298c02e5208 method=scala.collection.LinearSeqOptimized.exists(Lscala/Function1;)Z @ 8 c2
Event: 725.407 Thread 0x00000298ad60b010 DEOPT PACKING pc=0x00000298c02e5208 sp=0x000000e5219ee880
Event: 725.408 Thread 0x00000298ad60b010 DEOPT UNPACKING pc=0x00000298bf9e69a3 sp=0x000000e5219ee828 mode 2
Event: 725.455 Thread 0x00000298ad60b010 Uncommon trap: trap_request=0xffffff45 fr.pc=0x00000298c03ba61c relative=0x00000000000003bc
Event: 725.455 Thread 0x00000298ad60b010 Uncommon trap: reason=unstable_if action=reinterpret pc=0x00000298c03ba61c method=java.lang.Class.isAnonymousClass()Z @ 4 c2
Event: 725.455 Thread 0x00000298ad60b010 DEOPT PACKING pc=0x00000298c03ba61c sp=0x000000e5219ee9d0
Event: 725.455 Thread 0x00000298ad60b010 DEOPT UNPACKING pc=0x00000298bf9e69a3 sp=0x000000e5219ee8b8 mode 2
Event: 3640.356 Thread 0x00000298ad60b010 DEOPT PACKING pc=0x00000298b8ae261a sp=0x000000e5219eea70
Event: 3640.356 Thread 0x00000298ad60b010 DEOPT UNPACKING pc=0x00000298bf9e7143 sp=0x000000e5219edf80 mode 0
Event: 4029.842 Thread 0x00000298ad60b010 DEOPT PACKING pc=0x00000298b8af63fa sp=0x000000e5219ee6a0
Event: 4029.843 Thread 0x00000298ad60b010 DEOPT UNPACKING pc=0x00000298bf9e7143 sp=0x000000e5219edc68 mode 0
Event: 4029.855 Thread 0x00000298ad60b010 Uncommon trap: trap_request=0xffffff45 fr.pc=0x00000298c03d26cc relative=0x0000000000000b4c
Event: 4029.856 Thread 0x00000298ad60b010 Uncommon trap: reason=unstable_if action=reinterpret pc=0x00000298c03d26cc method=org.openkoreantext.processor.tokenizer.KoreanChunker$.splitBySpaceKeepingSpace(Ljava/lang/CharSequence;)Lscala/collection/Seq; @ 44 c2
Event: 4029.856 Thread 0x00000298ad60b010 DEOPT PACKING pc=0x00000298c03d26cc sp=0x000000e5219ee7a0
Event: 4029.856 Thread 0x00000298ad60b010 DEOPT UNPACKING pc=0x00000298bf9e69a3 sp=0x000000e5219ee770 mode 2

Classes loaded (20 events):
Event: 34.935 Loading class java/util/concurrent/locks/ReentrantReadWriteLock$Sync done
Event: 34.935 Loading class java/util/concurrent/locks/ReentrantReadWriteLock$NonfairSync done
Event: 34.936 Loading class java/util/concurrent/locks/ReentrantReadWriteLock$Sync$ThreadLocalHoldCounter
Event: 34.936 Loading class java/util/concurrent/locks/ReentrantReadWriteLock$Sync$ThreadLocalHoldCounter done
Event: 34.936 Loading class java/util/concurrent/locks/ReentrantReadWriteLock$ReadLock
Event: 34.936 Loading class java/util/concurrent/locks/ReentrantReadWriteLock$ReadLock done
Event: 34.936 Loading class java/util/concurrent/locks/ReentrantReadWriteLock$WriteLock
Event: 34.936 Loading class java/util/concurrent/locks/ReentrantReadWriteLock$WriteLock done
Event: 40.565 Loading class java/lang/SafeVarargs
Event: 40.569 Loading class java/lang/SafeVarargs done
Event: 40.574 Loading class java/util/AbstractList$Itr
Event: 40.579 Loading class java/util/AbstractList$Itr done
Event: 40.579 Loading class java/util/AbstractList$ListItr
Event: 40.579 Loading class java/util/AbstractList$ListItr done
Event: 40.579 Loading class java/util/AbstractList$RandomAccessSubList
Event: 40.579 Loading class java/util/AbstractList$SubList
Event: 40.580 Loading class java/util/AbstractList$SubList done
Event: 40.580 Loading class java/util/AbstractList$RandomAccessSubList done
Event: 40.580 Loading class java/util/ArrayList$ListItr
Event: 40.580 Loading class java/util/ArrayList$ListItr done

Classes unloaded (3 events):
Event: 3638.796 Thread 0x00000298af69b940 Unloading class 0x00000298cf171800 'jdk/internal/reflect/GeneratedMethodAccessor2'
Event: 3638.797 Thread 0x00000298af69b940 Unloading class 0x00000298cf171000 'java/lang/invoke/LambdaForm$MH+0x00000298cf171000'
Event: 3638.797 Thread 0x00000298af69b940 Unloading class 0x00000298cf170000 'java/lang/invoke/LambdaForm$DMH+0x00000298cf170000'

Classes redefined (0 events):
No events

Internal exceptions (20 events):
Event: 31.006 Thread 0x00000298ad60b010 Exception <a 'java/lang/NoSuchMethodError'{0x00000000c12179b0}: 'java.lang.Object java.lang.invoke.Invokers$Holder.invokeExact_MT(java.lang.Object, java.lang.Object, java.lang.Object, java.lang.Object, java.lang.Object, java.lang.Object)'> (0x00000000c12179b0) 
thrown [s\src\hotspot\share\interpreter\linkResolver.cpp, line 759]
Event: 31.202 Thread 0x00000298ad60b010 Exception <a 'java/lang/NoSuchMethodError'{0x00000000c1666340}: 'java.lang.Object java.lang.invoke.DirectMethodHandle$Holder.invokeStaticInit(java.lang.Object, java.lang.Object, java.lang.Object)'> (0x00000000c1666340) 
thrown [s\src\hotspot\share\interpreter\linkResolver.cpp, line 759]
Event: 31.354 Thread 0x00000298ad60b010 Exception <a 'java/lang/NoSuchMethodError'{0x00000000c150d850}: 'int java.lang.invoke.DirectMethodHandle$Holder.invokeStatic(java.lang.Object, java.lang.Object, int)'> (0x00000000c150d850) 
thrown [s\src\hotspot\share\interpreter\linkResolver.cpp, line 759]
Event: 31.488 Thread 0x00000298ad60b010 Exception <a 'java/lang/NoSuchMethodError'{0x00000000c17a8428}: 'java.lang.Object java.lang.invoke.DirectMethodHandle$Holder.newInvokeSpecial(java.lang.Object, java.lang.Object, java.lang.Object, java.lang.Object, java.lang.Object)'> (0x00000000c17a8428) 
thrown [s\src\hotspot\share\interpreter\linkResolver.cpp, line 759]
Event: 32.385 Thread 0x00000298ad60b010 Exception <a 'java/lang/NoSuchMethodError'{0x00000000c30071c0}: 'java.lang.Object java.lang.invoke.DirectMethodHandle$Holder.invokeStatic(java.lang.Object, java.lang.Object, int, java.lang.Object, java.lang.Object)'> (0x00000000c30071c0) 
thrown [s\src\hotspot\share\interpreter\linkResolver.cpp, line 759]
Event: 32.431 Thread 0x00000298ad60b010 Exception <a 'java/lang/NoSuchMethodError'{0x00000000c3502a70}: 'java.lang.Object java.lang.invoke.DirectMethodHandle$Holder.newInvokeSpecial(java.lang.Object, java.lang.Object, int, java.lang.Object)'> (0x00000000c3502a70) 
thrown [s\src\hotspot\share\interpreter\linkResolver.cpp, line 759]
Event: 32.432 Thread 0x00000298ad60b010 Exception <a 'java/lang/NoSuchMethodError'{0x00000000c35068e8}: 'java.lang.Object java.lang.invoke.DirectMethodHandle$Holder.invokeSpecial(java.lang.Object, java.lang.Object, java.lang.Object, int, java.lang.Object)'> (0x00000000c35068e8) 
thrown [s\src\hotspot\share\interpreter\linkResolver.cpp, line 759]
Event: 32.463 Thread 0x00000298ad60b010 Exception <a 'java/lang/NoSuchMethodError'{0x00000000c35d3e08}: 'java.lang.Object java.lang.invoke.DirectMethodHandle$Holder.invokeStaticInit(java.lang.Object, java.lang.Object, java.lang.Object, java.lang.Object)'> (0x00000000c35d3e08) 
thrown [s\src\hotspot\share\interpreter\linkResolver.cpp, line 759]
Event: 32.477 Thread 0x00000298ad60b010 Exception <a 'java/lang/NoSuchMethodError'{0x00000000c34372d0}: 'void java.lang.invoke.DirectMethodHandle$Holder.invokeStatic(java.lang.Object, java.lang.Object)'> (0x00000000c34372d0) 
thrown [s\src\hotspot\share\interpreter\linkResolver.cpp, line 759]
Event: 32.823 Thread 0x00000298ad60b010 Exception <a 'java/lang/NoSuchMethodError'{0x00000000c1b8b968}: 'java.lang.Object java.lang.invoke.DirectMethodHandle$Holder.invokeStatic(java.lang.Object, java.lang.Object, int, java.lang.Object)'> (0x00000000c1b8b968) 
thrown [s\src\hotspot\share\interpreter\linkResolver.cpp, line 759]
Event: 32.829 Thread 0x00000298ad60b010 Exception <a 'java/lang/NoSuchMethodError'{0x00000000c1b945a0}: 'java.lang.Object java.lang.invoke.DirectMethodHandle$Holder.newInvokeSpecial(java.lang.Object, java.lang.Object, int)'> (0x00000000c1b945a0) 
thrown [s\src\hotspot\share\interpreter\linkResolver.cpp, line 759]
Event: 32.842 Thread 0x00000298ad60b010 Exception <a 'java/lang/NoSuchMethodError'{0x00000000c1bb9318}: 'java.lang.Object java.lang.invoke.DirectMethodHandle$Holder.invokeStatic(java.lang.Object, int, java.lang.Object)'> (0x00000000c1bb9318) 
thrown [s\src\hotspot\share\interpreter\linkResolver.cpp, line 759]
Event: 34.451 Thread 0x00000298ad60b010 Exception <a 'java/lang/NoSuchMethodError'{0x00000000c6c8ec88}: 'java.lang.Object java.lang.invoke.DirectMethodHandle$Holder.newInvokeSpecial(java.lang.Object, java.lang.Object, java.lang.Object, java.lang.Object, java.lang.Object, int)'> (0x00000000c6c8ec88) 
thrown [s\src\hotspot\share\interpreter\linkResolver.cpp, line 759]
Event: 34.451 Thread 0x00000298ad60b010 Exception <a 'java/lang/NoSuchMethodError'{0x00000000c6c932f0}: 'java.lang.Object java.lang.invoke.DirectMethodHandle$Holder.invokeSpecial(java.lang.Object, java.lang.Object, java.lang.Object, java.lang.Object, java.lang.Object, java.lang.Object, int)'> (0x00000000c6c932f0) 
thrown [s\src\hotspot\share\interpreter\linkResolver.cpp, line 759]
Event: 34.493 Thread 0x00000298ad60b010 Exception <a 'java/lang/NoSuchMethodError'{0x00000000c6b4a4d0}: 'java.lang.Object java.lang.invoke.DirectMethodHandle$Holder.newInvokeSpecial(java.lang.Object, java.lang.Object, java.lang.Object, java.lang.Object, int, java.lang.Object)'> (0x00000000c6b4a4d0) 
thrown [s\src\hotspot\share\interpreter\linkResolver.cpp, line 759]
Event: 34.494 Thread 0x00000298ad60b010 Exception <a 'java/lang/NoSuchMethodError'{0x00000000c6b4e7a8}: 'java.lang.Object java.lang.invoke.DirectMethodHandle$Holder.invokeSpecial(java.lang.Object, java.lang.Object, java.lang.Object, java.lang.Object, java.lang.Object, int, java.lang.Object)'> (0x00000000c6b4e7a8) 
thrown [s\src\hotspot\share\interpreter\linkResolver.cpp, line 759]
Event: 34.909 Thread 0x00000298ad60b010 Exception <a 'java/lang/NoSuchMethodError'{0x00000000c6242148}: 'java.lang.Object java.lang.invoke.DirectMethodHandle$Holder.invokeStaticInit(java.lang.Object, java.lang.Object, java.lang.Object, java.lang.Object, java.lang.Object)'> (0x00000000c6242148) 
thrown [s\src\hotspot\share\interpreter\linkResolver.cpp, line 759]
Event: 34.910 Thread 0x00000298ad60b010 Exception <a 'java/lang/NoSuchMethodError'{0x00000000c62490f0}: 'java.lang.Object java.lang.invoke.Invokers$Holder.invoke_MT(java.lang.Object, java.lang.Object, java.lang.Object, java.lang.Object, java.lang.Object, java.lang.Object)'> (0x00000000c62490f0) 
thrown [s\src\hotspot\share\interpreter\linkResolver.cpp, line 759]
Event: 34.925 Thread 0x00000298ad60b010 Exception <a 'java/lang/NoSuchMethodError'{0x00000000c6251ea0}: 'java.lang.Object java.lang.invoke.Invokers$Holder.invoker(java.lang.Object, java.lang.Object, java.lang.Object)'> (0x00000000c6251ea0) 
thrown [s\src\hotspot\share\interpreter\linkResolver.cpp, line 759]
Event: 34.933 Thread 0x00000298ad60b010 Exception <a 'java/lang/NoSuchMethodError'{0x00000000c625ad30}: 'java.lang.Object java.lang.invoke.Invokers$Holder.invokeExact_MT(java.lang.Object, java.lang.Object, java.lang.Object, java.lang.Object)'> (0x00000000c625ad30) 
thrown [s\src\hotspot\share\interpreter\linkResolver.cpp, line 759]

VM Operations (20 events):
Event: 4401.455 Executing VM operation: G1CollectForAllocation done
Event: 4401.500 Executing VM operation: G1CollectFull
Event: 4401.543 Executing VM operation: G1CollectFull done
Event: 4401.622 Executing VM operation: G1CollectForAllocation
Event: 4401.634 Executing VM operation: G1CollectForAllocation done
Event: 6252.571 Executing VM operation: HandshakeAllThreads
Event: 6252.574 Executing VM operation: HandshakeAllThreads done
Event: 6553.368 Executing VM operation: HandshakeAllThreads
Event: 6553.370 Executing VM operation: HandshakeAllThreads done
Event: 7876.957 Executing VM operation: HandshakeAllThreads
Event: 7876.958 Executing VM operation: HandshakeAllThreads done
Event: 8598.525 Executing VM operation: HandshakeAllThreads
Event: 8598.585 Executing VM operation: HandshakeAllThreads done
Event: 10462.672 Executing VM operation: HandshakeAllThreads
Event: 10462.674 Executing VM operation: HandshakeAllThreads done
Event: 11910.194 Executing VM operation: G1CollectForAllocation
Event: 11910.474 Executing VM operation: G1CollectForAllocation done
Event: 11911.118 Executing VM operation: G1CollectForAllocation
Event: 11911.148 Executing VM operation: G1CollectForAllocation done
Event: 11911.240 Executing VM operation: G1CollectForAllocation

Memory protections (0 events):
No events

Nmethod flushes (0 events):
No events

Events (20 events):
Event: 6.188 Thread 0x00000298af5ccdc0 Thread exited: 0x00000298af5ccdc0
Event: 11.193 Thread 0x00000298af5d0830 Thread exited: 0x00000298af5d0830
Event: 30.778 Thread 0x00000298af5cfd90 Thread added: 0x000002991498fa70
Event: 31.319 Thread 0x00000298af5cc320 Thread added: 0x0000029914991500
Event: 31.387 Thread 0x00000298af5cfd90 Thread added: 0x0000029914991fa0
Event: 32.091 Thread 0x0000029914991fa0 Thread exited: 0x0000029914991fa0
Event: 32.493 Thread 0x000002991498fa70 Thread added: 0x0000029914991fa0
Event: 32.493 Thread 0x000002991498fa70 Thread added: 0x0000029914993a30
Event: 33.930 Thread 0x0000029914991500 Thread exited: 0x0000029914991500
Event: 34.259 Thread 0x0000029914993a30 Thread exited: 0x0000029914993a30
Event: 34.713 Thread 0x00000298af5cc320 Thread added: 0x00000299149954c0
Event: 34.978 Thread 0x0000029914991fa0 Thread added: 0x0000029914993a30
Event: 36.130 Thread 0x0000029914993a30 Thread exited: 0x0000029914993a30
Event: 36.131 Thread 0x0000029914991fa0 Thread exited: 0x0000029914991fa0
Event: 36.350 Thread 0x000002991498fa70 Thread exited: 0x000002991498fa70
Event: 39.088 Thread 0x00000299149954c0 Thread exited: 0x00000299149954c0
Event: 720.805 Thread 0x00000298af5cc320 Thread added: 0x0000029914db6290
Event: 723.022 Thread 0x0000029914db6290 Thread exited: 0x0000029914db6290
Event: 3640.380 Thread 0x00000298af5cc320 Thread added: 0x0000029914db32c0
Event: 3645.410 Thread 0x0000029914db32c0 Thread exited: 0x0000029914db32c0


Dynamic libraries:
0x00007ff65e2d0000 - 0x00007ff65e2eb000 	D:\kdt\anaconda3\envs\fastapi\python.exe
0x00007ffd18730000 - 0x00007ffd18947000 	C:\Windows\SYSTEM32\ntdll.dll
0x00007ffd17f60000 - 0x00007ffd18024000 	C:\Windows\System32\KERNEL32.DLL
0x00007ffd15f00000 - 0x00007ffd162d0000 	C:\Windows\System32\KERNELBASE.dll
0x00007ffd15de0000 - 0x00007ffd15ef1000 	C:\Windows\System32\ucrtbase.dll
0x00007ffc3fad0000 - 0x00007ffc401f9000 	D:\kdt\anaconda3\envs\fastapi\python312.dll
0x00007ffcd74e0000 - 0x00007ffcd74fe000 	D:\kdt\anaconda3\envs\fastapi\VCRUNTIME140.dll
0x00007ffd18290000 - 0x00007ffd18301000 	C:\Windows\System32\WS2_32.dll
0x00007ffd177f0000 - 0x00007ffd17904000 	C:\Windows\System32\RPCRT4.dll
0x00007ffd15db0000 - 0x00007ffd15dd8000 	C:\Windows\System32\bcrypt.dll
0x00007ffd0b370000 - 0x00007ffd0b37a000 	C:\Windows\SYSTEM32\VERSION.dll
0x00007ffd16870000 - 0x00007ffd16921000 	C:\Windows\System32\ADVAPI32.dll
0x00007ffd18310000 - 0x00007ffd183b7000 	C:\Windows\System32\msvcrt.dll
0x00007ffd17220000 - 0x00007ffd172c7000 	C:\Windows\System32\sechost.dll
0x00007ffcd74c0000 - 0x00007ffcd74da000 	D:\kdt\anaconda3\envs\fastapi\zlib.dll
0x00007ffd159e0000 - 0x00007ffd15a5b000 	C:\Windows\System32\bcryptprimitives.dll
0x00000298a98e0000 - 0x00000298a98ef000 	D:\kdt\anaconda3\envs\fastapi\python3.DLL
0x00007ffcd3800000 - 0x00007ffcd3816000 	D:\kdt\anaconda3\envs\fastapi\DLLs\_socket.pyd
0x00007ffd14520000 - 0x00007ffd1454d000 	C:\Windows\SYSTEM32\IPHLPAPI.DLL
0x00007ffcddf00000 - 0x00007ffcddf09000 	D:\kdt\anaconda3\envs\fastapi\DLLs\select.pyd
0x00007ffccff30000 - 0x00007ffccff5e000 	D:\kdt\anaconda3\envs\fastapi\DLLs\_ssl.pyd
0x00007ffd15c40000 - 0x00007ffd15da6000 	C:\Windows\System32\CRYPT32.dll
0x00007ffc3fa00000 - 0x00007ffc3fac3000 	D:\kdt\anaconda3\envs\fastapi\Library\bin\libssl-3-x64.dll
0x00007ffc3f4e0000 - 0x00007ffc3f9f1000 	D:\kdt\anaconda3\envs\fastapi\Library\bin\libcrypto-3-x64.dll
0x00007ffd166c0000 - 0x00007ffd1686e000 	C:\Windows\System32\USER32.dll
0x00007ffd162d0000 - 0x00007ffd162f6000 	C:\Windows\System32\win32u.dll
0x00007ffd17660000 - 0x00007ffd17689000 	C:\Windows\System32\GDI32.dll
0x00007ffd15b20000 - 0x00007ffd15c3b000 	C:\Windows\System32\gdi32full.dll
0x00007ffd16380000 - 0x00007ffd1641a000 	C:\Windows\System32\msvcp_win.dll
0x00007ffd186b0000 - 0x00007ffd186e1000 	C:\Windows\System32\IMM32.DLL
0x00007ffccff10000 - 0x00007ffccff22000 	D:\kdt\anaconda3\envs\fastapi\DLLs\_asyncio.pyd
0x00007ffcd8830000 - 0x00007ffcd883e000 	D:\kdt\anaconda3\envs\fastapi\DLLs\_overlapped.pyd
0x00007ffd14f90000 - 0x00007ffd14ffa000 	C:\Windows\system32\mswsock.dll
0x00007ffcd74b0000 - 0x00007ffcd74bb000 	D:\kdt\anaconda3\envs\fastapi\DLLs\_bz2.pyd
0x00007ffccfef0000 - 0x00007ffccff05000 	D:\kdt\anaconda3\envs\fastapi\Library\bin\LIBBZ2.dll
0x00007ffcd37f0000 - 0x00007ffcd37fd000 	D:\kdt\anaconda3\envs\fastapi\DLLs\_lzma.pyd
0x00007ffcc7e10000 - 0x00007ffcc7e42000 	D:\kdt\anaconda3\envs\fastapi\Library\bin\liblzma.dll
0x00007ffc3efa0000 - 0x00007ffc3f4d2000 	D:\kdt\anaconda3\envs\fastapi\Lib\site-packages\pydantic_core\_pydantic_core.cp312-win_amd64.pyd
0x00007ffd15200000 - 0x00007ffd1520c000 	C:\Windows\SYSTEM32\CRYPTBASE.DLL
0x00007ffcc7950000 - 0x00007ffcc799b000 	D:\kdt\anaconda3\envs\fastapi\DLLs\_decimal.pyd
0x00007ffcce7e0000 - 0x00007ffcce7ed000 	D:\kdt\anaconda3\envs\fastapi\DLLs\_zoneinfo.pyd
0x00007ffcce5c0000 - 0x00007ffcce5c7000 	D:\kdt\anaconda3\envs\fastapi\DLLs\_uuid.pyd
0x00007ffcddeb0000 - 0x00007ffcddec0000 	D:\kdt\anaconda3\envs\fastapi\DLLs\_hashlib.pyd
0x00007ffc48e60000 - 0x00007ffc48ed7000 	D:\kdt\anaconda3\envs\fastapi\Lib\site-packages\_jpype.cp312-win_amd64.pyd
0x00007ffcce530000 - 0x00007ffcce53c000 	D:\kdt\anaconda3\envs\fastapi\VCRUNTIME140_1.dll
0x00007ffc3ef10000 - 0x00007ffc3ef9d000 	D:\kdt\anaconda3\envs\fastapi\MSVCP140.dll
0x00007ffcce220000 - 0x00007ffcce242000 	D:\kdt\anaconda3\envs\fastapi\DLLs\_ctypes.pyd
0x00007ffd164f0000 - 0x00007ffd16691000 	C:\Windows\System32\ole32.dll
0x00007ffd172d0000 - 0x00007ffd17660000 	C:\Windows\System32\combase.dll
0x00007ffd17690000 - 0x00007ffd17767000 	C:\Windows\System32\OLEAUT32.dll
0x00007ffcc8740000 - 0x00007ffcc874c000 	D:\kdt\anaconda3\envs\fastapi\Library\bin\ffi.dll
0x00007ffcc7940000 - 0x00007ffcc7947000 	D:\kdt\anaconda3\envs\fastapi\Lib\site-packages\mkl\_mklinit.cp312-win_amd64.pyd
0x00007ffc3cfb0000 - 0x00007ffc3ef0c000 	D:\kdt\anaconda3\envs\fastapi\Library\bin\mkl_rt.2.dll
0x00007ffcb2cc0000 - 0x00007ffcb2ce3000 	D:\kdt\anaconda3\envs\fastapi\Lib\site-packages\mkl\_py_mkl_service.cp312-win_amd64.pyd
0x00007ffc39b80000 - 0x00007ffc3cfa9000 	D:\kdt\anaconda3\envs\fastapi\Library\bin\mkl_intel_thread.2.dll
0x00007ffc35080000 - 0x00007ffc39b73000 	D:\kdt\anaconda3\envs\fastapi\Library\bin\mkl_core.2.dll
0x00007ffc326f0000 - 0x00007ffc3507a000 	D:\kdt\anaconda3\envs\fastapi\Library\bin\mkl_avx2.2.dll
0x00007ffc31800000 - 0x00007ffc326e3000 	D:\kdt\anaconda3\envs\fastapi\Library\bin\mkl_vml_avx2.2.dll
0x00007ffc313e0000 - 0x00007ffc317f7000 	D:\kdt\anaconda3\envs\fastapi\Lib\site-packages\numpy\_core\_multiarray_umath.cp312-win_amd64.pyd
0x00007ffcb5100000 - 0x00007ffcb510a000 	D:\kdt\anaconda3\envs\fastapi\DLLs\_wmi.pyd
0x00007ffd123c0000 - 0x00007ffd124c6000 	C:\Windows\SYSTEM32\PROPSYS.dll
0x00007ffcb2ca0000 - 0x00007ffcb2cbe000 	D:\kdt\anaconda3\envs\fastapi\Lib\site-packages\numpy\linalg\_umath_linalg.cp312-win_amd64.pyd
0x00007ffc313b0000 - 0x00007ffc313d1000 	D:\kdt\anaconda3\envs\fastapi\Lib\site-packages\matplotlib\_c_internal_utils.cp312-win_amd64.pyd
0x00007ffd169a0000 - 0x00007ffd17218000 	C:\Windows\System32\SHELL32.dll
0x00007ffc31340000 - 0x00007ffc313a8000 	D:\kdt\anaconda3\envs\fastapi\Lib\site-packages\PIL\_imaging.cp312-win_amd64.pyd
0x00007ffc312c0000 - 0x00007ffc31337000 	D:\kdt\anaconda3\envs\fastapi\Library\bin\tiff.dll
0x00007ffc31260000 - 0x00007ffc312bb000 	D:\kdt\anaconda3\envs\fastapi\Library\bin\openjp2.dll
0x00007ffc31210000 - 0x00007ffc31257000 	D:\kdt\anaconda3\envs\fastapi\Library\bin\libjpeg.dll
0x00007ffc311d0000 - 0x00007ffc31201000 	D:\kdt\anaconda3\envs\fastapi\Library\bin\deflate.dll
0x00007ffc31140000 - 0x00007ffc311c4000 	D:\kdt\anaconda3\envs\fastapi\Library\bin\Lerc.dll
0x00007ffc31090000 - 0x00007ffc31134000 	D:\kdt\anaconda3\envs\fastapi\Library\bin\zstd.dll
0x00007ffc31010000 - 0x00007ffc31057000 	D:\kdt\anaconda3\envs\fastapi\Lib\site-packages\matplotlib\_path.cp312-win_amd64.pyd
0x00007ffc30fb0000 - 0x00007ffc31003000 	D:\kdt\anaconda3\envs\fastapi\Lib\site-packages\matplotlib\_image.cp312-win_amd64.pyd
0x00007ffc30f50000 - 0x00007ffc30fad000 	D:\kdt\anaconda3\envs\fastapi\Lib\site-packages\matplotlib\ft2font.cp312-win_amd64.pyd
0x00007ffc30ea0000 - 0x00007ffc30f42000 	D:\kdt\anaconda3\envs\fastapi\Library\bin\freetype.dll
0x00007ffc30e60000 - 0x00007ffc30e94000 	D:\kdt\anaconda3\envs\fastapi\Library\bin\libpng16.dll
0x00007ffc31060000 - 0x00007ffc31081000 	D:\kdt\anaconda3\envs\fastapi\Lib\site-packages\kiwisolver\_cext.cp312-win_amd64.pyd
0x00007ffcb3fd0000 - 0x00007ffcb3fdd000 	D:\kdt\anaconda3\envs\fastapi\Lib\site-packages\PIL\_imagingft.cp312-win_amd64.pyd
0x00007ffc30e30000 - 0x00007ffc30e57000 	D:\kdt\anaconda3\envs\fastapi\Lib\site-packages\wordcloud\query_integral_image.cp312-win_amd64.pyd
0x00007ffc30e00000 - 0x00007ffc30e2f000 	D:\kdt\anaconda3\envs\fastapi\Lib\site-packages\sqlalchemy\cyextension\collections.cp312-win_amd64.pyd
0x00007ffcb2c80000 - 0x00007ffcb2c96000 	D:\kdt\anaconda3\envs\fastapi\Lib\site-packages\sqlalchemy\cyextension\immutabledict.cp312-win_amd64.pyd
0x00007ffc49f10000 - 0x00007ffc49f24000 	D:\kdt\anaconda3\envs\fastapi\Lib\site-packages\sqlalchemy\cyextension\processors.cp312-win_amd64.pyd
0x00007ffc41720000 - 0x00007ffc41734000 	D:\kdt\anaconda3\envs\fastapi\Lib\site-packages\sqlalchemy\cyextension\resultproxy.cp312-win_amd64.pyd
0x00007ffc30880000 - 0x00007ffc30897000 	D:\kdt\anaconda3\envs\fastapi\Lib\site-packages\sqlalchemy\cyextension\util.cp312-win_amd64.pyd
0x00007ffd14b10000 - 0x00007ffd14b28000 	C:\Windows\SYSTEM32\kernel.appcore.dll
0x00007ffd12930000 - 0x00007ffd129e1000 	C:\Windows\system32\uxtheme.dll
0x00007ffd16440000 - 0x00007ffd164f0000 	C:\Windows\System32\clbcatq.dll
0x00007ffcee140000 - 0x00007ffcee15d000 	C:\Windows\SYSTEM32\amsi.dll
0x00007ffd15080000 - 0x00007ffd150a8000 	C:\Windows\SYSTEM32\USERENV.dll
0x00007ffd15910000 - 0x00007ffd1593b000 	C:\Windows\SYSTEM32\profapi.dll
0x00007ffcee0b0000 - 0x00007ffcee133000 	C:\ProgramData\Microsoft\Windows Defender\Platform\4.18.24090.11-0\MpOav.dll
0x00007ffc30860000 - 0x00007ffc30876000 	D:\kdt\anaconda3\envs\fastapi\Lib\site-packages\greenlet\_greenlet.cp312-win_amd64.pyd
0x00007ffc2f840000 - 0x00007ffc2f86f000 	D:\kdt\anaconda3\envs\fastapi\Lib\site-packages\numpy\random\bit_generator.cp312-win_amd64.pyd
0x00007ffc2f810000 - 0x00007ffc2f83d000 	D:\kdt\anaconda3\envs\fastapi\Lib\site-packages\numpy\random\_common.cp312-win_amd64.pyd
0x00007ffc2f770000 - 0x00007ffc2f810000 	D:\kdt\anaconda3\envs\fastapi\Lib\site-packages\numpy\random\mtrand.cp312-win_amd64.pyd
0x00007ffc2f730000 - 0x00007ffc2f76b000 	D:\kdt\anaconda3\envs\fastapi\Lib\site-packages\numpy\random\_bounded_integers.cp312-win_amd64.pyd
0x00007ffc2f710000 - 0x00007ffc2f72a000 	D:\kdt\anaconda3\envs\fastapi\Lib\site-packages\numpy\random\_mt19937.cp312-win_amd64.pyd
0x00007ffc2f6f0000 - 0x00007ffc2f708000 	D:\kdt\anaconda3\envs\fastapi\Lib\site-packages\numpy\random\_philox.cp312-win_amd64.pyd
0x00007ffc2f6d0000 - 0x00007ffc2f6eb000 	D:\kdt\anaconda3\envs\fastapi\Lib\site-packages\numpy\random\_pcg64.cp312-win_amd64.pyd
0x00007ffc2f6b0000 - 0x00007ffc2f6c4000 	D:\kdt\anaconda3\envs\fastapi\Lib\site-packages\numpy\random\_sfc64.cp312-win_amd64.pyd
0x00007ffc2f5f0000 - 0x00007ffc2f6ac000 	D:\kdt\anaconda3\envs\fastapi\Lib\site-packages\numpy\random\_generator.cp312-win_amd64.pyd
0x00007ffc2f5e0000 - 0x00007ffc2f5eb000 	D:\kdt\anaconda3\envs\fastapi\Lib\site-packages\pandas\_libs\pandas_parser.cp312-win_amd64.pyd
0x00007ffc2f5d0000 - 0x00007ffc2f5db000 	D:\kdt\anaconda3\envs\fastapi\Lib\site-packages\pandas\_libs\pandas_datetime.cp312-win_amd64.pyd
0x00007ffc2f4b0000 - 0x00007ffc2f5c2000 	D:\kdt\anaconda3\envs\fastapi\Lib\site-packages\pandas\_libs\interval.cp312-win_amd64.pyd
0x00007ffc2f2e0000 - 0x00007ffc2f4a1000 	D:\kdt\anaconda3\envs\fastapi\Lib\site-packages\pandas\_libs\hashtable.cp312-win_amd64.pyd
0x00007ffc2f2b0000 - 0x00007ffc2f2dc000 	D:\kdt\anaconda3\envs\fastapi\Lib\site-packages\pandas\_libs\missing.cp312-win_amd64.pyd
0x00007ffc2f280000 - 0x00007ffc2f2ad000 	D:\kdt\anaconda3\envs\fastapi\Lib\site-packages\pandas\_libs\tslibs\dtypes.cp312-win_amd64.pyd
0x00007ffc2f260000 - 0x00007ffc2f275000 	D:\kdt\anaconda3\envs\fastapi\Lib\site-packages\pandas\_libs\tslibs\ccalendar.cp312-win_amd64.pyd
0x00007ffc2f240000 - 0x00007ffc2f260000 	D:\kdt\anaconda3\envs\fastapi\Lib\site-packages\pandas\_libs\tslibs\np_datetime.cp312-win_amd64.pyd
0x00007ffc2f200000 - 0x00007ffc2f23c000 	D:\kdt\anaconda3\envs\fastapi\Lib\site-packages\pandas\_libs\tslibs\conversion.cp312-win_amd64.pyd
0x00007ffc2f1e0000 - 0x00007ffc2f1f1000 	D:\kdt\anaconda3\envs\fastapi\Lib\site-packages\pandas\_libs\tslibs\base.cp312-win_amd64.pyd
0x00007ffc2f100000 - 0x00007ffc2f1dd000 	D:\kdt\anaconda3\envs\fastapi\Lib\site-packages\pandas\_libs\tslibs\offsets.cp312-win_amd64.pyd
0x00007ffc2f080000 - 0x00007ffc2f100000 	D:\kdt\anaconda3\envs\fastapi\Lib\site-packages\pandas\_libs\tslibs\timestamps.cp312-win_amd64.pyd
0x00007ffc2f040000 - 0x00007ffc2f074000 	D:\kdt\anaconda3\envs\fastapi\Lib\site-packages\pandas\_libs\tslibs\nattype.cp312-win_amd64.pyd
0x00007ffc2efc0000 - 0x00007ffc2f038000 	D:\kdt\anaconda3\envs\fastapi\Lib\site-packages\pandas\_libs\tslibs\timedeltas.cp312-win_amd64.pyd
0x00007ffc2ef80000 - 0x00007ffc2efb9000 	D:\kdt\anaconda3\envs\fastapi\Lib\site-packages\pandas\_libs\tslibs\timezones.cp312-win_amd64.pyd
0x00000298ae5e0000 - 0x00000298ae5e3000 	C:\Windows\SYSTEM32\tzres.dll
0x00007ffc2ef30000 - 0x00007ffc2ef76000 	D:\kdt\anaconda3\envs\fastapi\Lib\site-packages\pandas\_libs\tslibs\fields.cp312-win_amd64.pyd
0x00007ffc2eef0000 - 0x00007ffc2ef30000 	D:\kdt\anaconda3\envs\fastapi\Lib\site-packages\pandas\_libs\tslibs\tzconversion.cp312-win_amd64.pyd
0x00007ffc2eed0000 - 0x00007ffc2eee4000 	D:\kdt\anaconda3\envs\fastapi\Lib\site-packages\pandas\_libs\properties.cp312-win_amd64.pyd
0x00007ffc2ee70000 - 0x00007ffc2eec2000 	D:\kdt\anaconda3\envs\fastapi\Lib\site-packages\pandas\_libs\tslibs\parsing.cp312-win_amd64.pyd
0x00007ffc2ee20000 - 0x00007ffc2ee6b000 	D:\kdt\anaconda3\envs\fastapi\Lib\site-packages\pandas\_libs\tslibs\strptime.cp312-win_amd64.pyd
0x00007ffc2edb0000 - 0x00007ffc2ee18000 	D:\kdt\anaconda3\envs\fastapi\Lib\site-packages\pandas\_libs\tslibs\period.cp312-win_amd64.pyd
0x00007ffc2ed70000 - 0x00007ffc2eda2000 	D:\kdt\anaconda3\envs\fastapi\Lib\site-packages\pandas\_libs\tslibs\vectorized.cp312-win_amd64.pyd
0x00007ffc2ed60000 - 0x00007ffc2ed70000 	D:\kdt\anaconda3\envs\fastapi\Lib\site-packages\pandas\_libs\ops_dispatch.cp312-win_amd64.pyd
0x00007ffc2eba0000 - 0x00007ffc2ed5a000 	D:\kdt\anaconda3\envs\fastapi\Lib\site-packages\pandas\_libs\algos.cp312-win_amd64.pyd
0x00007ffc2eaf0000 - 0x00007ffc2eb94000 	D:\kdt\anaconda3\envs\fastapi\Lib\site-packages\pandas\_libs\lib.cp312-win_amd64.pyd
0x00007ffc2e9d0000 - 0x00007ffc2eae7000 	D:\kdt\anaconda3\envs\fastapi\DLLs\unicodedata.pyd

dbghelp: loaded successfully - version: 4.0.5 - missing functions: none
symbol engine: initialized successfully - sym options: 0x614 - pdb path: .;D:\kdt\anaconda3\envs\fastapi;C:\Windows\SYSTEM32;D:\kdt\anaconda3\envs\fastapi\DLLs;D:\kdt\anaconda3\envs\fastapi\Library\bin;D:\kdt\anaconda3\envs\fastapi\Lib\site-packages\pydantic_core;D:\kdt\anaconda3\envs\fastapi\Lib\site-packages;D:\kdt\anaconda3\envs\fastapi\Lib\site-packages\mkl;D:\kdt\anaconda3\envs\fastapi\Lib\site-packages\numpy\_core;D:\kdt\anaconda3\envs\fastapi\Lib\site-packages\numpy\linalg;D:\kdt\anaconda3\envs\fastapi\Lib\site-packages\matplotlib;D:\kdt\anaconda3\envs\fastapi\Lib\site-packages\PIL;D:\kdt\anaconda3\envs\fastapi\Lib\site-packages\kiwisolver;D:\kdt\anaconda3\envs\fastapi\Lib\site-packages\wordcloud;D:\kdt\anaconda3\envs\fastapi\Lib\site-packages\sqlalchemy\cyextension;C:\ProgramData\Microsoft\Windows Defender\Platform\4.18.24090.11-0;D:\kdt\anaconda3\envs\fastapi\Lib\site-packages\greenlet;D:\kdt\anaconda3\envs\fastapi\Lib\site-packages\numpy\random;D:\kdt\anaconda3\envs\fastapi\Lib\site-packages\pandas\_libs;D:\kdt\anaconda3\envs\fastapi\Lib\site-packages\pandas\_libs\tslibs;D:\kdt\anaconda3\envs\fastapi\Lib\site-packages\numexpr;D:\kdt\anaconda3\envs\fastapi\Lib\site-packages\bottleneck;D:\kdt\anaconda3\envs\fastapi\Lib\site-packages\pandas\_libs\window;C:\Users\hydrl\.jdks\temurin-17.0.13\bin\server;C:\Users\hydrl\.jdks\temurin-17.0.13\bin;D:\oracle\dbhomeXE\bin

VM Arguments:
jvm_args: -Dfile.encoding=UTF8 -ea -Xmx1024m 
java_command: <unknown>
java_class_path (initial): D:\kdt\anaconda3\envs\fastapi\Lib\site-packages\konlpy\java;D:\kdt\anaconda3\envs\fastapi\Lib\site-packages\konlpy\java\bin;D:\kdt\anaconda3\envs\fastapi\Lib\site-packages\konlpy\java\aho-corasick.jar;D:\kdt\anaconda3\envs\fastapi\Lib\site-packages\konlpy\java\jhannanum-0.8.4.jar;D:\kdt\anaconda3\envs\fastapi\Lib\site-packages\konlpy\java\kkma-2.0.jar;D:\kdt\anaconda3\envs\fastapi\Lib\site-packages\konlpy\java\komoran-3.0.jar;D:\kdt\anaconda3\envs\fastapi\Lib\site-packages\konlpy\java\open-korean-text-2.1.0.jar;D:\kdt\anaconda3\envs\fastapi\Lib\site-packages\konlpy\java\scala-library-2.12.3.jar;D:\kdt\anaconda3\envs\fastapi\Lib\site-packages\konlpy\java\shineware-common-1.0.jar;D:\kdt\anaconda3\envs\fastapi\Lib\site-packages\konlpy\java\shineware-ds-1.0.jar;D:\kdt\anaconda3\envs\fastapi\Lib\site-packages\konlpy\java\snakeyaml-1.12.jar;D:\kdt\anaconda3\envs\fastapi\Lib\site-packages\konlpy\java\twitter-text-1.14.7.jar;D:\kdt\anaconda3\envs\fastapi\Lib\site-packages\konlpy\java\jhannanum-0.8.4.jar;D:\kdt\anaconda3\envs\fastapi\Lib\site-packages\konlpy\java\kkma-2.0.jar;D:\kdt\anaconda3\envs\fastapi\Lib\site-packages\konlpy\java\aho-corasick.jar;D:\kdt\anaconda3\envs\fastapi\Lib\site-packages\konlpy\java\shineware-common-1.0.jar;D:\kdt\anaconda3\envs\fastapi\Lib\site-packages\konlpy\java\shineware-ds-1.0.jar;D:\kdt\anaconda3\envs\fastapi\Lib\site-packages\konlpy\java\komoran-3.0.jar;D:\kdt\anaconda3\envs\fastapi\Lib\site-packages\konlpy\java\snakeyaml-1.12.jar;D:\kdt\anaconda3\envs\fastapi\Lib\site-packages\konlpy\java\scala-library-2.12.3.jar;D:\kdt\anaconda3\envs\fastapi\Lib\site-packages\konlpy\java\open-korean-text-2.1.0.jar;D:\kdt\anaconda3\envs\fastapi\Lib\site-packages\konlpy\java\twitter-text-1.14.7.jar;D:\kdt\anaconda3\envs\fastapi\Lib\site-packages\konlpy\java\aho-corasick.jar;D:\kdt\anaconda3\envs\fastapi\Lib\site-packages\konlpy\java\jhannanum-0.8.4.jar;D:\kdt\anaconda3\envs\fastapi\Lib\site-packages\konlpy\java\kkma-2.0.jar;D:\
Launcher Type: generic

[Global flags]
     intx CICompilerCount                          = 12                                        {product} {ergonomic}
     uint ConcGCThreads                            = 3                                         {product} {ergonomic}
     uint G1ConcRefinementThreads                  = 13                                        {product} {ergonomic}
   size_t G1HeapRegionSize                         = 1048576                                   {product} {ergonomic}
    uintx GCDrainStackTargetSize                   = 64                                        {product} {ergonomic}
   size_t InitialHeapSize                          = 127926272                                 {product} {ergonomic}
   size_t MarkStackSize                            = 4194304                                   {product} {ergonomic}
   size_t MaxHeapSize                              = 1073741824                                {product} {command line}
   size_t MaxNewSize                               = 643825664                                 {product} {ergonomic}
   size_t MinHeapDeltaBytes                        = 1048576                                   {product} {ergonomic}
   size_t MinHeapSize                              = 8388608                                   {product} {ergonomic}
    uintx NonNMethodCodeHeapSize                   = 7602480                                {pd product} {ergonomic}
    uintx NonProfiledCodeHeapSize                  = 122027880                              {pd product} {ergonomic}
    uintx ProfiledCodeHeapSize                     = 122027880                              {pd product} {ergonomic}
    uintx ReservedCodeCacheSize                    = 251658240                              {pd product} {ergonomic}
     bool SegmentedCodeCache                       = true                                      {product} {ergonomic}
   size_t SoftMaxHeapSize                          = 1073741824                             {manageable} {ergonomic}
     bool UseCompressedClassPointers               = true                           {product lp64_product} {ergonomic}
     bool UseCompressedOops                        = true                           {product lp64_product} {ergonomic}
     bool UseG1GC                                  = true                                      {product} {ergonomic}
     bool UseLargePagesIndividualAllocation        = false                                  {pd product} {ergonomic}

Logging:
Log output configuration:
 #0: stdout all=warning uptime,level,tags
 #1: stderr all=off uptime,level,tags

Environment Variables:
JAVA_HOME=C:\Users\hydrl\.jdks\temurin-17.0.13
PATH=D:\kdt\anaconda3\envs\fastapi;D:\kdt\anaconda3\envs\fastapi\Library\mingw-w64\bin;D:\kdt\anaconda3\envs\fastapi\Library\usr\bin;D:\kdt\anaconda3\envs\fastapi\Library\bin;D:\kdt\anaconda3\envs\fastapi\Scripts;D:\kdt\anaconda3\envs\fastapi\bin;D:\kdt\anaconda3\condabin;C:\Users\hydrl\.jdks\temurin-17.0.13\bin;D:\oracle\dbhomeXE\bin;D:\oracle18.0\dbhomeXE\bin;C:\Windows\system32;C:\Windows;C:\Windows\System32\Wbem;C:\Windows\System32\WindowsPowerShell\v1.0;C:\Windows\System32\OpenSSH;D:\Bandizip;D:\node;D:\kdt\Git\cmd;D:\kdt\project;D:\kdt\python;C:\Program Files\Microsoft SQL Server\150\Tools\Binn;D:\oracle\oracle instant client;D:\kdt\anaconda3\Library\Bin
USERNAME=hydrl
OS=Windows_NT
PROCESSOR_IDENTIFIER=Intel64 Family 6 Model 186 Stepping 2, GenuineIntel
TMP=C:\Users\hydrl\AppData\Local\Temp
TEMP=C:\Users\hydrl\AppData\Local\Temp



Periodic native trim disabled


---------------  S Y S T E M  ---------------

OS:
 Windows 11 , 64 bit Build 22621 (10.0.22621.4830)
OS uptime: 0 days 15:42 hours
Hyper-V role detected

CPU: total 16 (initial active 16) (8 cores per cpu, 2 threads per core) family 6 model 186 stepping 2 microcode 0x410e, cx8, cmov, fxsr, ht, mmx, 3dnowpref, sse, sse2, sse3, ssse3, sse4.1, sse4.2, popcnt, lzcnt, tsc, tscinvbit, avx, avx2, aes, erms, clmul, bmi1, bmi2, adx, sha, fma, vzeroupper, clflush, clflushopt, clwb, hv
Processor Information for processor 0
  Max Mhz: 1900, Current Mhz: 1900, Mhz Limit: 1900
Processor Information for processor 1
  Max Mhz: 1900, Current Mhz: 1900, Mhz Limit: 1900
Processor Information for processor 2
  Max Mhz: 1900, Current Mhz: 1900, Mhz Limit: 1900
Processor Information for processor 3
  Max Mhz: 1900, Current Mhz: 1900, Mhz Limit: 1900
Processor Information for processor 4
  Max Mhz: 1900, Current Mhz: 1900, Mhz Limit: 1900
Processor Information for processor 5
  Max Mhz: 1900, Current Mhz: 1900, Mhz Limit: 1900
Processor Information for processor 6
  Max Mhz: 1900, Current Mhz: 1900, Mhz Limit: 1900
Processor Information for processor 7
  Max Mhz: 1900, Current Mhz: 1900, Mhz Limit: 1900
Processor Information for processor 8
  Max Mhz: 1900, Current Mhz: 1400, Mhz Limit: 1387
Processor Information for processor 9
  Max Mhz: 1900, Current Mhz: 1400, Mhz Limit: 1387
Processor Information for processor 10
  Max Mhz: 1900, Current Mhz: 1400, Mhz Limit: 1387
Processor Information for processor 11
  Max Mhz: 1900, Current Mhz: 1400, Mhz Limit: 1387
Processor Information for processor 12
  Max Mhz: 1900, Current Mhz: 1400, Mhz Limit: 1387
Processor Information for processor 13
  Max Mhz: 1900, Current Mhz: 1400, Mhz Limit: 1387
Processor Information for processor 14
  Max Mhz: 1900, Current Mhz: 1400, Mhz Limit: 1387
Processor Information for processor 15
  Max Mhz: 1900, Current Mhz: 1400, Mhz Limit: 1387

Memory: 4k page, system-wide physical 7751M (366M free)
TotalPageFile size 24594M (AvailPageFile size 166M)
current process WorkingSet (physical memory assigned to process): 239M, peak: 493M
current process commit charge ("private bytes"): 463M, peak: 807M

vm_info: OpenJDK 64-Bit Server VM (17.0.13+11) for windows-amd64 JRE (17.0.13+11), built on Oct 16 2024 00:10:08 by "admin" with MS VC++ 17.7 (VS2022)

END.
